# policy=cache_ext_mru
# expected_active_threads=8
# columns: epoch pid total_cpu active_threads per_thread_cpu
1783559790 27507 104.0 1 27507:104:R
1783559791 27507 102.0 1 27507:102:R
1783559792 27507 101.0 1 27507:101:R
1783559793 27507 101.0 1 27507:101:R
1783559795 27507 100.0 1 27507:100:R
1783559796 27507 100.0 1 27507:100:R
1783559797 27507 189.8 2 27507:91.4:Sl 27551:98.4:Rl
1783559798 27507 172.5 2 27507:79.7:Sl 27551:92.8:Rl
1783559799 27507 162.4 2 27507:70.8:Sl 27551:91.6:Rl
1783559800 27507 154.8 2 27507:63.7:Sl 27551:91.1:Rl
1783559802 27507 152.2 2 27507:61.1:Rl 27551:91.1:Rl
1783559803 27507 155.3 2 27507:64.3:Rl 27551:91.0:Rl
1783559804 27507 158.2 2 27507:67.1:Rl 27551:91.1:Rl
1783559805 27507 160.5 2 27507:69.4:Rl 27551:91.1:Dl
1783559806 27507 162.5 2 27507:71.4:Rl 27551:91.1:Rl
1783559808 27507 164.1 2 27507:73.2:Rl 27551:90.9:Rl
1783559809 27507 165.9 2 27507:74.8:Rl 27551:91.1:Rl
1783559810 27507 167.1 2 27507:76.2:Rl 27551:90.9:Rl
1783559811 27507 168.4 2 27507:77.4:Rl 27551:91.0:Rl
1783559812 27507 169.4 2 27507:78.5:Rl 27551:90.9:Rl
1783559813 27507 170.5 2 27507:79.6:Rl 27551:90.9:Rl
1783559815 27507 171.5 2 27507:80.6:Rl 27551:90.9:Rl
1783559816 27507 172.3 2 27507:81.4:Rl 27551:90.9:Rl
1783559817 27507 173.0 2 27507:82.1:Rl 27551:90.9:Rl
1783559818 27507 173.6 2 27507:82.8:Rl 27551:90.8:Rl
1783559819 27507 298.4 2 27507:79.7:Sl 27551:90.8:Rl 27684:16.5:Sl 27685:15.5:Dl 27686:16.5:Dl 27687:17.4:Sl 27688:15.5:Rl 27689:15.5:Rl 27690:15.5:Rl 27691:15.5:Rl 27692:0.0:Sl
1783559820 27507 310.5 2 27507:76.7:Sl 27551:90.7:Rl 27684:18.2:Sl 27685:17.7:Sl 27686:17.7:Sl 27687:18.2:Sl 27688:17.7:Sl 27689:17.7:Sl 27690:18.2:Sl 27691:17.7:Sl 27692:0.0:Sl
1783559822 27507 317.2 2 27507:74.0:Sl 27551:90.8:Rl 27684:19.2:Rl 27685:19.2:Rl 27686:18.9:Dl 27687:18.9:Dl 27688:18.9:Dl 27689:19.2:Rl 27690:18.9:Dl 27691:19.2:Dl 27692:0.0:Sl
1783559823 27507 321.1 2 27507:71.4:Sl 27551:90.7:Rl 27684:19.7:Rl 27685:19.9:Rl 27686:19.9:Dl 27687:19.9:Rl 27688:19.7:Rl 27689:20.1:Dl 27690:19.9:Rl 27691:19.9:Rl 27692:0.0:Sl
1783559824 27507 323.9 2 27507:69.0:Sl 27551:90.7:Rl 27684:20.5:Sl 27685:20.5:Sl 27686:20.7:Sl 27687:20.5:Sl 27688:20.5:Sl 27689:20.7:Sl 27690:20.3:Sl 27691:20.5:Sl 27692:0.0:Sl
1783559825 27507 328.3 2 27507:66.8:Sl 27551:90.7:Rl 27684:21.3:Rl 27685:21.3:Rl 27686:21.5:Rl 27687:21.2:Rl 27688:21.5:Rl 27689:21.5:Dl 27690:21.2:Rl 27691:21.3:Rl 27692:0.0:Sl
1783559826 27507 333.0 2 27507:64.7:Sl 27551:90.6:Rl 27684:22.2:Dl 27685:22.3:Rl 27686:22.3:Dl 27687:22.1:Rl 27688:22.2:Dl 27689:22.3:Rl 27690:22.1:Rl 27691:22.2:Rl 27692:0.0:Sl
1783559827 27507 333.7 2 27507:62.7:Sl 27551:90.7:Rl 27684:22.6:Rl 27685:22.5:Rl 27686:22.6:Dl 27687:22.4:Dl 27688:22.6:Rl 27689:22.7:Dl 27690:22.4:Rl 27691:22.5:Dl 27692:0.0:Sl
1783559829 27507 341.7 2 27507:60.9:Sl 27551:90.5:Rl 27684:23.8:Sl 27685:23.8:Sl 27686:23.9:Sl 27687:23.7:Sl 27688:23.8:Sl 27689:23.9:Sl 27690:23.7:Sl 27691:23.7:Sl 27692:0.0:Sl
1783559830 27507 345.3 2 27507:59.1:Sl 27551:90.4:Rl 27684:24.4:Rl 27685:24.5:Dl 27686:24.6:Dl 27687:24.4:Dl 27688:24.5:Dl 27689:24.6:Dl 27690:24.4:Rl 27691:24.4:Dl 27692:0.0:Sl
1783559831 27507 351.1 2 27507:57.5:Sl 27551:90.4:Rl 27684:25.4:Rl 27685:25.3:Dl 27686:25.5:Rl 27687:25.4:Dl 27688:25.4:Rl 27689:25.5:Dl 27690:25.3:Rl 27691:25.4:Dl 27692:0.0:Sl
1783559832 27507 356.0 2 27507:56.0:Sl 27551:90.4:Dl 27684:26.2:Dl 27685:26.2:Rl 27686:26.2:Dl 27687:26.2:Dl 27688:26.2:Rl 27689:26.3:Rl 27690:26.1:Dl 27691:26.2:Dl 27692:0.0:Sl
1783559833 27507 360.7 2 27507:54.4:Sl 27551:90.4:Rl 27684:26.9:Rl 27685:27.7:Rl 27686:26.9:Dl 27687:26.8:Dl 27688:26.9:Rl 27689:27.0:Rl 27690:26.8:Dl 27691:26.9:Rl 27692:0.0:Sl
1783559834 27507 366.6 2 27507:53.0:Sl 27551:90.4:Rl 27684:27.5:Rl 27685:30.7:Rl 27686:27.5:Rl 27687:27.5:Dl 27688:27.5:Rl 27689:27.6:Rl 27690:27.4:Rl 27691:27.5:Rl 27692:0.0:Sl
1783559836 27507 365.6 2 27507:51.7:Sl 27551:90.4:Rl 27684:27.4:Dl 27685:31.4:Dl 27686:27.5:Dl 27687:27.4:Rl 27688:27.5:Rl 27689:27.5:Dl 27690:27.3:Rl 27691:27.5:Rl 27692:0.0:Sl
1783559837 27507 365.5 2 27507:50.5:Sl 27551:90.4:Dl 27684:27.5:Rl 27685:31.2:Rl 27686:27.7:Rl 27687:27.6:Rl 27688:27.7:Dl 27689:27.7:Dl 27690:27.5:Dl 27691:27.7:Dl 27692:0.0:Sl
1783559838 27507 366.1 1 27507:49.2:Sl 27551:90.4:Rl 27684:27.7:Dl 27685:31.2:Rl 27686:28.0:Dl 27687:27.9:Rl 27688:28.0:Dl 27689:28.0:Rl 27690:27.8:Rl 27691:27.9:Rl 27692:0.0:Sl
1783559839 27507 366.4 1 27507:48.1:Sl 27551:90.4:Rl 27684:27.9:Rl 27685:31.1:Rl 27686:28.2:Rl 27687:28.1:Rl 27688:28.2:Rl 27689:28.2:Dl 27690:28.0:Rl 27691:28.2:Rl 27692:0.0:Sl
1783559840 27507 366.4 1 27507:47.0:Sl 27551:90.4:Rl 27684:27.9:Sl 27685:31.0:Sl 27686:28.4:Sl 27687:28.3:Sl 27688:28.4:Sl 27689:28.4:Sl 27690:28.2:Sl 27691:28.4:Sl 27692:0.0:Sl
1783559841 27507 367.5 1 27507:46.0:Sl 27551:90.4:Rl 27684:28.2:Rl 27685:31.1:Rl 27686:28.7:Dl 27687:28.6:Dl 27688:28.6:Rl 27689:28.6:Rl 27690:28.6:Dl 27691:28.7:Rl 27692:0.0:Sl
1783559843 27507 369.7 1 27507:45.0:Sl 27551:90.4:Rl 27684:28.6:Rl 27685:31.3:Rl 27686:29.1:Dl 27687:29.0:Dl 27688:29.1:Rl 27689:29.1:Dl 27690:29.0:Rl 27691:29.1:Rl 27692:0.0:Sl
1783559844 27507 372.2 1 27507:44.0:Sl 27551:90.4:Rl 27684:28.9:Rl 27685:31.5:Rl 27686:29.6:Rl 27687:29.5:Dl 27688:29.6:Dl 27689:29.6:Dl 27690:29.5:Dl 27691:29.6:Rl 27692:0.0:Sl
1783559845 27507 373.6 1 27507:43.1:Sl 27551:90.4:Rl 27684:29.2:Sl 27685:31.7:Sl 27686:29.9:Sl 27687:29.8:Sl 27688:29.9:Sl 27689:29.9:Sl 27690:29.8:Sl 27691:29.9:Sl 27692:0.0:Sl
1783559846 27507 375.4 1 27507:42.2:Sl 27551:90.3:Rl 27684:29.5:Rl 27685:31.9:Rl 27686:30.2:Dl 27687:30.2:Rl 27688:30.3:Rl 27689:30.3:Dl 27690:30.2:Rl 27691:30.3:Rl 27692:0.0:Sl
1783559847 27507 375.4 1 27507:41.4:Sl 27551:90.3:Rl 27684:29.6:Sl 27685:31.9:Sl 27686:30.4:Sl 27687:30.3:Sl 27688:30.4:Sl 27689:30.4:Sl 27690:30.3:Sl 27691:30.4:Sl 27692:0.0:Sl
1783559848 27507 374.9 1 27507:40.6:Sl 27551:90.3:Rl 27684:29.7:Sl 27685:31.8:Sl 27686:30.4:Sl 27687:30.3:Sl 27688:30.4:Sl 27689:30.5:Sl 27690:30.4:Sl 27691:30.5:Sl 27692:0.0:Sl
1783559850 27507 374.7 1 27507:39.8:Sl 27551:90.4:Rl 27684:29.7:Dl 27685:31.8:Dl 27686:30.5:Rl 27687:30.4:Rl 27688:30.5:Dl 27689:30.6:Rl 27690:30.4:Rl 27691:30.6:Rl 27692:0.0:Sl
1783559851 27507 375.9 1 27507:39.0:Sl 27551:90.4:Rl 27684:30.2:Rl 27685:32.1:Rl 27686:30.7:Rl 27687:30.6:Rl 27688:30.7:Rl 27689:30.8:Dl 27690:30.6:Rl 27691:30.8:Rl 27692:0.0:Sl
1783559852 27507 377.8 1 27507:38.3:Sl 27551:90.4:Rl 27684:31.0:Rl 27685:33.0:Rl 27686:30.8:Rl 27687:30.8:Dl 27688:30.9:Rl 27689:30.9:Rl 27690:30.8:Rl 27691:30.9:Rl 27692:0.0:Sl
1783559853 27507 379.4 1 27507:37.6:Sl 27551:90.4:Rl 27684:31.9:Rl 27685:33.8:Rl 27686:30.9:Rl 27687:30.9:Dl 27688:31.0:Dl 27689:31.0:Rl 27690:30.9:Dl 27691:31.0:Rl 27692:0.0:Sl
1783559854 27507 384.2 1 27507:37.0:Sl 27551:90.4:Rl 27684:33.2:Rl 27685:35.0:Rl 27686:31.4:Rl 27687:31.3:Rl 27688:31.5:Rl 27689:31.5:Dl 27690:31.4:Rl 27691:31.5:Dl 27692:0.0:Sl
1783559855 27507 385.9 1 27507:36.3:Sl 27551:90.4:Rl 27684:34.1:Rl 27685:35.8:Sl 27686:31.5:Rl 27687:31.5:Rl 27688:31.6:Rl 27689:31.6:Rl 27690:31.5:Rl 27691:31.6:Rl 27692:0.0:Sl
1783559857 27507 389.5 1 27507:35.7:Sl 27551:90.4:Rl 27684:35.1:Rl 27685:36.8:Rl 27686:31.9:Dl 27687:31.8:Rl 27688:32.2:Rl 27689:31.9:Rl 27690:31.8:Rl 27691:31.9:Rl 27692:0.0:Sl
1783559858 27507 392.9 1 27507:35.1:Sl 27551:90.3:Rl 27684:36.0:Rl 27685:37.6:Rl 27686:32.1:Rl 27687:32.1:Rl 27688:33.2:Rl 27689:32.2:Rl 27690:32.1:Rl 27691:32.2:Rl 27692:0.0:Sl
1783559859 27507 393.0 1 27507:34.5:Sl 27551:90.4:Rl 27684:36.4:Sl 27685:37.8:Sl 27686:32.0:Sl 27687:32.0:Sl 27688:33.7:Sl 27689:32.1:Sl 27690:32.0:Sl 27691:32.1:Sl 27692:0.0:Sl
1783559860 27507 394.0 1 27507:33.9:Sl 27551:90.4:Rl 27684:36.3:Rl 27685:37.8:Rl 27686:32.1:Rl 27687:32.2:Dl 27688:34.5:Rl 27689:32.3:Rl 27690:32.2:Rl 27691:32.3:Rl 27692:0.0:Sl
1783559861 27507 395.3 1 27507:33.4:Sl 27551:90.4:Rl 27684:36.4:Sl 27685:37.7:Sl 27686:32.3:Sl 27687:32.4:Sl 27688:35.3:Sl 27689:32.5:Sl 27690:32.4:Sl 27691:32.5:Sl 27692:0.0:Sl
1783559862 27507 396.5 1 27507:32.8:Sl 27551:90.4:Rl 27684:36.4:Dl 27685:37.7:Dl 27686:32.4:Dl 27687:32.6:Dl 27688:36.2:Rl 27689:32.7:Dl 27690:32.6:Dl 27691:32.7:Dl 27692:0.0:Sl
1783559864 27507 123.1 1 27507:32.7:Sl 27551:90.4:Rl 27692:0.0:Sl
1783559865 27507 123.6 1 27507:33.2:Rl 27551:90.4:Rl
1783559866 27507 124.5 1 27507:34.2:Rl 27551:90.3:Rl
1783559867 27507 125.5 1 27507:35.2:Rl 27551:90.3:Rl
1783559868 27507 126.4 1 27507:36.1:Rl 27551:90.3:Rl
1783559870 27507 127.3 1 27507:37.0:Rl 27551:90.3:Rl
1783559871 27507 128.2 1 27507:37.9:Rl 27551:90.3:Rl
1783559872 27507 129.1 1 27507:38.8:Rl 27551:90.3:Rl
1783559873 27507 130.0 1 27507:39.7:Rl 27551:90.3:Rl
1783559874 27507 130.8 1 27507:40.5:Rl 27551:90.3:Rl
1783559875 27507 131.6 1 27507:41.3:Rl 27551:90.3:Rl
1783559877 27507 132.4 1 27507:42.1:Rl 27551:90.3:Rl
1783559878 27507 133.1 1 27507:42.8:Rl 27551:90.3:Rl
1783559879 27507 133.9 1 27507:43.6:Rl 27551:90.3:Rl
1783559880 27507 134.6 1 27507:44.3:Rl 27551:90.3:Rl
1783559881 27507 666.3 9 27507:44.7:Sl 27551:90.3:Rl 28072:68.1:Sl 28073:63.6:Sl 28074:63.6:Sl 28075:68.1:Sl 28076:68.1:Sl 28077:72.7:Sl 28078:59.0:Sl 28079:68.1:Sl 28080:0.0:Sl
1783559882 27507 536.1 7 27507:44.1:Sl 27551:90.3:Rl 28072:50.3:Rl 28073:50.3:Rl 28074:51.0:Rl 28075:49.6:Rl 28076:48.9:Rl 28077:50.3:Rl 28078:50.3:Rl 28079:51.0:Rl 28080:0.0:Sl
1783559884 27507 534.2 6 27507:43.6:Sl 27551:90.2:Rl 28072:50.7:Sl 28073:50.0:Sl 28074:50.7:Sl 28075:50.3:Sl 28076:49.2:Sl 28077:50.3:Sl 28078:49.6:Sl 28079:49.6:Rl 28080:0.0:Sl
1783559885 27507 548.2 9 27507:43.0:Sl 27551:90.2:Rl 28072:52.1:Rl 28073:52.1:Rl 28074:51.8:Rl 28075:52.4:Rl 28076:51.6:Rl 28077:52.1:Rl 28078:51.3:Rl 28079:51.6:Rl 28080:0.0:Sl
1783559886 27507 543.8 9 27507:42.5:Sl 27551:90.1:Rl 28072:51.5:Rl 28073:51.3:Rl 28074:51.5:Rl 28075:51.9:Rl 28076:51.1:Rl 28077:51.5:Rl 28078:51.1:Rl 28079:51.3:Rl 28080:0.0:Sl
1783559887 27507 553.1 9 27507:42.0:Sl 27551:90.1:Rl 28072:52.7:Sl 28073:52.6:Sl 28074:52.7:Sl 28075:52.9:Sl 28076:52.4:Sl 28077:52.9:Sl 28078:52.4:Sl 28079:52.4:Sl 28080:0.0:Sl
1783559888 27507 560.6 9 27507:41.5:Sl 27551:90.0:Rl 28072:53.7:Rl 28073:53.7:Rl 28074:53.6:Rl 28075:54.2:Rl 28076:53.3:Rl 28077:53.9:Rl 28078:53.1:Rl 28079:53.6:Rl 28080:0.0:Sl
1783559889 27507 565.7 9 27507:41.0:Sl 27551:90.0:Rl 28072:54.5:Sl 28073:54.3:Rl 28074:54.1:Sl 28075:54.7:Rl 28076:54.5:Rl 28077:54.8:Rl 28078:53.6:Sl 28079:54.2:Sl 28080:0.0:Sl
1783559891 27507 573.5 9 27507:40.6:Sl 27551:89.9:Rl 28072:55.3:Sl 28073:55.7:Sl 28074:55.2:Sl 28075:55.8:Sl 28076:55.5:Sl 28077:55.4:Sl 28078:54.8:Sl 28079:55.3:Sl 28080:0.0:Sl
1783559892 27507 577.4 9 27507:40.1:Sl 27551:89.9:Rl 28072:55.8:Sl 28073:56.3:Sl 28074:55.8:Sl 28075:56.3:Sl 28076:55.9:Sl 28077:56.1:Sl 28078:55.5:Sl 28079:55.7:Sl 28080:0.0:Sl
1783559893 27507 578.9 9 27507:39.6:Sl 27551:89.8:Dl 28072:56.1:Rl 28073:56.5:Rl 28074:55.8:Dl 28075:56.4:Rl 28076:56.4:Rl 28077:56.4:Rl 28078:55.7:Rl 28079:56.2:Dl 28080:0.0:Sl
1783559894 27507 572.1 9 27507:39.2:Sl 27551:89.8:Rl 28072:56.7:Rl 28073:57.2:Rl 28074:54.1:Rl 28075:54.7:Dl 28076:57.0:Rl 28077:54.8:Rl 28078:54.1:Dl 28079:54.5:Rl 28080:0.0:Sl
1783559895 27507 567.9 9 27507:38.8:Sl 27551:89.8:Dl 28072:57.5:Rl 28073:57.8:Rl 28074:53.0:Rl 28075:53.4:Rl 28076:57.8:Rl 28077:53.5:Dl 28078:53.0:Dl 28079:53.3:Dl 28080:0.0:Sl
1783559896 27507 559.0 9 27507:38.3:Sl 27551:89.8:Rl 28072:57.3:Rl 28073:57.6:Rl 28074:51.5:Rl 28075:51.9:Dl 28076:57.5:Rl 28077:52.0:Rl 28078:51.4:Rl 28079:51.7:Rl 28080:0.0:Sl
1783559898 27507 552.0 9 27507:37.9:Sl 27551:89.9:Rl 28072:57.1:Sl 28073:57.5:Sl 28074:50.3:Sl 28075:50.6:Sl 28076:57.4:Sl 28077:50.6:Sl 28078:50.2:Sl 28079:50.5:Sl 28080:0.0:Sl
1783559899 27507 554.7 9 27507:37.5:Sl 27551:89.9:Rl 28072:58.5:Sl 28073:58.9:Sl 28074:50.1:Sl 28075:50.3:Sl 28076:58.8:Sl 28077:50.4:Sl 28078:50.1:Sl 28079:50.2:Sl 28080:0.0:Sl
1783559900 27507 548.5 4 27507:37.1:Sl 27551:89.9:Dl 28072:58.4:Rl 28073:58.7:Rl 28074:49.0:Rl 28075:49.3:Rl 28076:58.6:Rl 28077:49.3:Rl 28078:49.0:Dl 28079:49.2:Rl 28080:0.0:Sl
1783559901 27507 542.5 4 27507:36.7:Sl 27551:89.9:Rl 28072:57.5:Sl 28073:58.1:Sl 28074:48.2:Sl 28075:48.5:Sl 28076:58.5:Sl 28077:48.5:Sl 28078:48.2:Sl 28079:48.4:Sl 28080:0.0:Sl
1783559902 27507 535.7 4 27507:36.4:Sl 27551:89.9:Rl 28072:56.2:Rl 28073:56.8:Rl 28074:47.3:Rl 28075:47.8:Rl 28076:58.4:Rl 28077:47.8:Rl 28078:47.4:Rl 28079:47.7:Rl 28080:0.0:Sl
1783559903 27507 528.9 4 27507:36.0:Sl 27551:89.9:Rl 28072:55.0:Rl 28073:55.5:Dl 28074:46.5:Dl 28075:47.1:Rl 28076:57.9:Rl 28077:47.1:Dl 28078:46.9:Dl 28079:47.0:Rl 28080:0.0:Sl
1783559905 27507 522.7 4 27507:35.6:Sl 27551:89.8:Dl 28072:53.8:Dl 28073:54.3:Dl 28074:45.8:Dl 28075:46.5:Rl 28076:57.3:Dl 28077:46.9:Dl 28078:46.3:Dl 28079:46.4:Rl 28080:0.0:Sl
1783559906 27507 519.1 4 27507:35.3:Sl 27551:89.8:Rl 28072:52.9:Dl 28073:53.4:Dl 28074:45.3:Rl 28075:46.4:Rl 28076:57.0:Rl 28077:47.0:Rl 28078:45.9:Dl 28079:46.1:Rl 28080:0.0:Sl
1783559907 27507 517.1 4 27507:34.9:Sl 27551:89.8:Rl 28072:52.1:Sl 28073:52.6:Sl 28074:44.9:Sl 28075:46.9:Sl 28076:57.0:Sl 28077:47.5:Sl 28078:45.6:Sl 28079:45.8:Sl 28080:0.0:Sl
1783559908 27507 512.8 4 27507:34.6:Sl 27551:89.8:Rl 28072:51.2:Dl 28073:51.6:Dl 28074:44.3:Rl 28075:46.9:Rl 28076:56.5:Rl 28077:47.4:Rl 28078:45.3:Dl 28079:45.2:Dl 28080:0.0:Sl
1783559909 27507 508.8 4 27507:34.2:Sl 27551:89.8:Rl 28072:50.3:Sl 28073:50.8:Sl 28074:43.7:Sl 28075:46.8:Sl 28076:56.1:Sl 28077:47.2:Sl 28078:45.2:Sl 28079:44.7:Sl 28080:0.0:Sl
1783559910 27507 505.7 3 27507:33.9:Sl 27551:89.8:Rl 28072:49.6:Sl 28073:50.0:Sl 28074:43.2:Sl 28075:46.7:Sl 28076:55.7:Sl 28077:47.2:Sl 28078:45.3:Sl 28079:44.3:Sl 28080:0.0:Sl
1783559912 27507 501.8 2 27507:33.6:Sl 27551:89.7:Rl 28072:48.8:Rl 28073:49.2:Rl 28074:42.7:Rl 28075:46.6:Dl 28076:55.2:Rl 28077:47.1:Rl 28078:45.2:Rl 28079:43.7:Dl 28080:0.0:Sl
1783559913 27507 498.6 2 27507:33.3:Sl 27551:89.7:Rl 28072:48.2:Dl 28073:48.5:Dl 28074:42.2:Dl 28075:46.5:Dl 28076:54.8:Rl 28077:46.9:Rl 28078:45.1:Rl 28079:43.4:Dl 28080:0.0:Sl
1783559914 27507 497.3 2 27507:33.0:Sl 27551:89.7:Rl 28072:47.7:Rl 28073:48.0:Dl 28074:42.0:Dl 28075:46.6:Dl 28076:54.7:Rl 28077:47.1:Rl 28078:45.3:Rl 28079:43.2:Dl 28080:0.0:Sl
1783559915 27507 495.2 2 27507:32.7:Sl 27551:89.6:Rl 28072:47.1:Sl 28073:47.4:Sl 28074:41.6:Sl 28075:46.8:Sl 28076:54.5:Sl 28077:47.1:Sl 28078:45.5:Sl 28079:42.9:Sl 28080:0.0:Sl
1783559916 27507 493.0 2 27507:32.4:Sl 27551:89.6:Rl 28072:46.6:Sl 28073:46.9:Sl 28074:41.3:Sl 28075:46.8:Sl 28076:54.2:Sl 28077:47.1:Sl 28078:45.5:Sl 28079:42.6:Sl 28080:0.0:Sl
1783559917 27507 490.8 2 27507:32.1:Sl 27551:89.6:Rl 28072:46.2:Sl 28073:46.4:Sl 28074:41.0:Sl 28075:46.7:Sl 28076:53.9:Sl 28077:47.1:Sl 28078:45.5:Sl 28079:42.3:Sl 28080:0.0:Sl
1783559919 27507 488.3 2 27507:31.8:Sl 27551:89.6:Rl 28072:45.7:Rl 28073:45.9:Rl 28074:40.6:Rl 28075:46.6:Rl 28076:53.6:Rl 28077:47.0:Dl 28078:45.5:Rl 28079:42.0:Dl 28080:0.0:Sl
1783559920 27507 486.3 2 27507:31.5:Sl 27551:89.6:Rl 28072:45.2:Sl 28073:45.5:Sl 28074:40.4:Sl 28075:46.6:Sl 28076:53.3:Sl 28077:46.9:Sl 28078:45.5:Sl 28079:41.8:Sl 28080:0.0:Sl
1783559921 27507 484.3 2 27507:31.2:Sl 27551:89.6:Rl 28072:44.8:Dl 28073:45.1:Rl 28074:40.1:Rl 28075:46.5:Rl 28076:53.0:Rl 28077:46.9:Rl 28078:45.5:Rl 28079:41.6:Rl 28080:0.0:Sl
1783559922 27507 483.6 2 27507:30.9:Sl 27551:89.5:Rl 28072:44.6:Rl 28073:44.8:Rl 28074:40.0:Rl 28075:46.7:Rl 28076:53.0:Rl 28077:47.0:Dl 28078:45.6:Rl 28079:41.5:Dl 28080:0.0:Sl
1783559923 27507 482.8 2 27507:30.7:Sl 27551:89.5:Rl 28072:44.2:Sl 28073:44.5:Sl 28074:39.8:Sl 28075:46.9:Sl 28076:52.9:Sl 28077:47.1:Sl 28078:45.8:Sl 28079:41.4:Sl 28080:0.0:Sl
1783559924 27507 483.0 2 27507:30.4:Sl 27551:89.5:Rl 28072:44.1:Rl 28073:44.3:Rl 28074:39.8:Rl 28075:47.1:Dl 28076:53.0:Rl 28077:47.4:Rl 28078:46.1:Rl 28079:41.3:Rl 28080:0.0:Sl
1783559926 27507 481.0 2 27507:30.1:Sl 27551:89.5:Rl 28072:43.8:Sl 28073:44.0:Sl 28074:39.5:Sl 28075:47.1:Sl 28076:52.5:Sl 28077:47.3:Sl 28078:46.1:Sl 28079:41.1:Sl 28080:0.0:Sl
1783559927 27507 479.3 2 27507:29.9:Sl 27551:89.5:Rl 28072:43.5:Rl 28073:43.6:Rl 28074:39.3:Rl 28075:47.1:Rl 28076:52.0:Dl 28077:47.3:Dl 28078:46.1:Rl 28079:41.0:Rl 28080:0.0:Sl
1783559928 27507 476.7 2 27507:29.6:Sl 27551:89.5:Rl 28072:43.1:Dl 28073:43.3:Dl 28074:39.1:Rl 28075:46.9:Dl 28076:51.4:Rl 28077:47.1:Rl 28078:46.0:Rl 28079:40.7:Dl 28080:0.0:Sl
1783559929 27507 475.4 2 27507:29.4:Sl 27551:89.4:Rl 28072:42.9:Sl 28073:43.0:Sl 28074:38.9:Sl 28075:46.9:Sl 28076:51.0:Sl 28077:47.1:Sl 28078:46.1:Sl 28079:40.7:Sl 28080:0.0:Sl
1783559930 27507 475.4 2 27507:29.1:Sl 27551:89.4:Dl 28072:42.8:Rl 28073:42.9:Rl 28074:39.0:Dl 28075:47.1:Rl 28076:50.7:Dl 28077:47.4:Rl 28078:46.3:Rl 28079:40.7:Dl 28080:0.0:Sl
1783559932 27507 474.5 2 27507:28.9:Sl 27551:89.4:Rl 28072:42.6:Sl 28073:42.7:Sl 28074:38.9:Sl 28075:47.1:Sl 28076:50.3:Sl 28077:47.5:Sl 28078:46.5:Sl 28079:40.6:Sl 28080:0.0:Sl
1783559933 27507 472.5 1 27507:28.7:Sl 27551:89.4:Rl 28072:42.3:Dl 28073:42.4:Dl 28074:38.6:Dl 28075:47.0:Rl 28076:49.9:Rl 28077:47.4:Rl 28078:46.4:Rl 28079:40.4:Rl 28080:0.0:Sl
1783559934 27507 470.4 1 27507:28.4:Sl 27551:89.4:Dl 28072:42.0:Dl 28073:42.1:Dl 28074:38.4:Dl 28075:46.9:Dl 28076:49.4:Rl 28077:47.3:Dl 28078:46.3:Dl 28079:40.2:Rl 28080:0.0:Sl
1783559935 27507 468.3 1 27507:28.2:Sl 27551:89.4:Rl 28072:41.7:Sl 28073:41.8:Sl 28074:38.2:Sl 28075:46.7:Sl 28076:48.9:Sl 28077:47.1:Sl 28078:46.2:Sl 28079:40.1:Sl 28080:0.0:Sl
1783559936 27507 466.8 1 27507:28.0:Sl 27551:89.3:Rl 28072:41.5:Dl 28073:41.6:Dl 28074:38.1:Dl 28075:46.7:Rl 28076:48.6:Dl 28077:46.9:Rl 28078:46.2:Dl 28079:39.9:Dl 28080:0.0:Sl
1783559937 27507 464.5 1 27507:27.8:Sl 27551:89.3:Rl 28072:41.2:Rl 28073:41.4:Rl 28074:37.9:Rl 28075:46.5:Dl 28076:48.1:Dl 28077:46.5:Dl 28078:46.1:Dl 28079:39.7:Rl 28080:0.0:Sl
1783559939 27507 462.5 1 27507:27.5:Sl 27551:89.3:Rl 28072:41.0:Sl 28073:41.1:Sl 28074:37.7:Sl 28075:46.4:Sl 28076:47.8:Sl 28077:46.2:Sl 28078:46.0:Sl 28079:39.5:Sl 28080:0.0:Sl
1783559940 27507 462.1 1 27507:27.3:Sl 27551:89.3:Rl 28072:40.9:Sl 28073:41.0:Sl 28074:37.7:Sl 28075:46.5:Sl 28076:47.6:Sl 28077:46.1:Sl 28078:46.2:Sl 28079:39.5:Sl 28080:0.0:Sl
1783559941 27507 460.4 1 27507:27.1:Sl 27551:89.3:Rl 28072:40.7:Sl 28073:40.8:Sl 28074:37.6:Sl 28075:46.4:Sl 28076:47.2:Sl 28077:45.8:Sl 28078:46.1:Sl 28079:39.4:Sl 28080:0.0:Sl
1783559942 27507 458.0 1 27507:26.9:Sl 27551:89.3:Rl 28072:40.4:Sl 28073:40.6:Sl 28074:37.3:Sl 28075:46.3:Sl 28076:46.8:Sl 28077:45.4:Sl 28078:45.9:Sl 28079:39.1:Sl 28080:0.0:Sl
1783559943 27507 456.3 1 27507:26.7:Sl 27551:89.2:Rl 28072:40.2:Rl 28073:40.4:Rl 28074:37.2:Rl 28075:46.2:Rl 28076:46.5:Dl 28077:45.2:Rl 28078:45.8:Rl 28079:38.9:Dl 28080:0.0:Sl
1783559944 27507 454.5 1 27507:26.5:Sl 27551:89.2:Rl 28072:40.0:Rl 28073:40.1:Rl 28074:37.0:Rl 28075:46.1:Dl 28076:46.2:Dl 28077:44.9:Dl 28078:45.7:Rl 28079:38.8:Dl 28080:0.0:Sl
1783559946 27507 452.9 1 27507:26.3:Sl 27551:89.2:Dl 28072:39.8:Dl 28073:39.9:Dl 28074:36.9:Dl 28075:46.0:Dl 28076:45.9:Dl 28077:44.6:Dl 28078:45.7:Dl 28079:38.6:Dl 28080:0.0:Sl
1783559947 27507 451.5 1 27507:26.1:Sl 27551:89.2:Rl 28072:39.6:Rl 28073:39.8:Rl 28074:36.8:Rl 28075:45.9:Rl 28076:45.6:Rl 28077:44.4:Rl 28078:45.6:Rl 28079:38.5:Rl 28080:0.0:Sl
1783559948 27507 449.4 1 27507:25.9:Sl 27551:89.2:Rl 28072:39.4:Rl 28073:39.5:Rl 28074:36.6:Rl 28075:45.8:Rl 28076:45.2:Rl 28077:44.1:Rl 28078:45.4:Sl 28079:38.3:Rl 28080:0.0:Sl
1783559949 27507 448.0 1 27507:25.7:Sl 27551:89.2:Rl 28072:39.2:Sl 28073:39.3:Sl 28074:36.5:Sl 28075:45.7:Sl 28076:45.0:Sl 28077:43.9:Sl 28078:45.3:Sl 28079:38.2:Sl 28080:0.0:Sl
1783559950 27507 446.4 1 27507:25.5:Sl 27551:89.1:Dl 28072:39.1:Dl 28073:39.2:Dl 28074:36.3:Dl 28075:45.6:Rl 28076:44.7:Rl 28077:43.6:Rl 28078:45.3:Rl 28079:38.0:Rl 28080:0.0:Sl
1783559952 27507 445.7 1 27507:25.3:Sl 27551:89.1:Rl 28072:39.0:Dl 28073:39.1:Dl 28074:36.3:Rl 28075:45.6:Rl 28076:44.5:Rl 28077:43.5:Rl 28078:45.3:Rl 28079:38.0:Rl 28080:0.0:Sl
1783559953 27507 444.6 1 27507:25.2:Sl 27551:89.1:Rl 28072:38.8:Dl 28073:38.9:Dl 28074:36.2:Sl 28075:45.6:Dl 28076:44.3:Dl 28077:43.3:Rl 28078:45.3:Dl 28079:37.9:Rl 28080:0.0:Sl
1783559954 27507 443.2 1 27507:25.0:Sl 27551:89.1:Rl 28072:38.7:Sl 28073:38.8:Sl 28074:36.1:Sl 28075:45.5:Sl 28076:44.0:Sl 28077:43.1:Sl 28078:45.2:Sl 28079:37.7:Sl 28080:0.0:Sl
1783559955 27507 442.1 1 27507:24.8:Sl 27551:89.1:Rl 28072:38.6:Sl 28073:38.6:Sl 28074:36.0:Sl 28075:45.5:Sl 28076:43.8:Sl 28077:42.9:Sl 28078:45.2:Sl 28079:37.6:Sl 28080:0.0:Sl
1783559956 27507 440.8 1 27507:24.6:Sl 27551:89.1:Rl 28072:38.4:Dl 28073:38.5:Dl 28074:35.9:Sl 28075:45.4:Rl 28076:43.6:Dl 28077:42.7:Rl 28078:45.1:Rl 28079:37.5:Rl 28080:0.0:Sl
1783559957 27507 439.8 1 27507:24.5:Sl 27551:89.1:Rl 28072:38.3:Sl 28073:38.3:Sl 28074:35.8:Sl 28075:45.4:Sl 28076:43.4:Sl 28077:42.5:Sl 28078:45.1:Sl 28079:37.4:Sl 28080:0.0:Sl
1783559959 27507 438.7 1 27507:24.3:Sl 27551:89.1:Rl 28072:38.1:Dl 28073:38.2:Rl 28074:35.7:Rl 28075:45.3:Rl 28076:43.2:Dl 28077:42.4:Rl 28078:45.1:Dl 28079:37.3:Rl 28080:0.0:Sl
1783559960 27507 437.5 1 27507:24.1:Sl 27551:89.0:Rl 28072:38.0:Sl 28073:38.1:Sl 28074:35.6:Sl 28075:45.3:Sl 28076:43.0:Sl 28077:42.2:Sl 28078:45.0:Sl 28079:37.2:Sl 28080:0.0:Sl
1783559961 27507 436.5 1 27507:24.0:Sl 27551:89.0:Rl 28072:37.9:Dl 28073:38.0:Rl 28074:35.5:Rl 28075:45.2:Rl 28076:42.8:Dl 28077:42.0:Rl 28078:45.0:Rl 28079:37.1:Dl 28080:0.0:Sl
1783559962 27507 436.1 1 27507:23.8:Sl 27551:89.0:Dl 28072:37.8:Dl 28073:37.9:Dl 28074:35.5:Dl 28075:45.3:Dl 28076:42.7:Dl 28077:42.0:Dl 28078:45.0:Dl 28079:37.1:Dl 28080:0.0:Sl
1783559963 27507 435.0 1 27507:23.6:Sl 27551:89.0:Rl 28072:37.7:Sl 28073:37.8:Sl 28074:35.4:Sl 28075:45.2:Sl 28076:42.5:Sl 28077:41.8:Sl 28078:45.0:Sl 28079:37.0:Sl 28080:0.0:Sl
1783559964 27507 434.1 1 27507:23.5:Sl 27551:89.0:Rl 28072:37.6:Dl 28073:37.7:Rl 28074:35.3:Dl 28075:45.2:Dl 28076:42.3:Rl 28077:41.6:Rl 28078:45.0:Rl 28079:36.9:Rl 28080:0.0:Sl
1783559966 27507 433.0 1 27507:23.3:Sl 27551:89.0:Rl 28072:37.5:Rl 28073:37.5:Rl 28074:35.2:Dl 28075:45.1:Dl 28076:42.1:Rl 28077:41.5:Rl 28078:45.0:Rl 28079:36.8:Dl 28080:0.0:Sl
1783559967 27507 432.0 1 27507:23.2:Sl 27551:89.0:Rl 28072:37.4:Dl 28073:37.4:Rl 28074:35.1:Rl 28075:45.1:Dl 28076:41.9:Rl 28077:41.3:Rl 28078:44.9:Dl 28079:36.7:Rl 28080:0.0:Sl
1783559968 27507 431.1 1 27507:23.0:Sl 27551:89.0:Rl 28072:37.3:Sl 28073:37.3:Sl 28074:35.1:Sl 28075:45.0:Sl 28076:41.7:Sl 28077:41.2:Sl 28078:44.9:Sl 28079:36.6:Sl 28080:0.0:Sl
1783559969 27507 430.5 1 27507:22.9:Sl 27551:89.0:Rl 28072:37.2:Dl 28073:37.2:Dl 28074:35.0:Dl 28075:45.0:Dl 28076:41.6:Dl 28077:41.1:Dl 28078:44.9:Dl 28079:36.6:Dl 28080:0.0:Sl
1783559970 27507 429.1 1 27507:22.7:Sl 27551:88.9:Rl 28072:37.0:Rl 28073:37.1:Rl 28074:34.9:Rl 28075:44.9:Rl 28076:41.4:Rl 28077:40.9:Dl 28078:44.8:Rl 28079:36.5:Rl 28080:0.0:Sl
1783559971 27507 428.6 1 27507:22.6:Sl 27551:88.9:Rl 28072:37.0:Sl 28073:37.0:Sl 28074:34.9:Sl 28075:44.8:Sl 28076:41.3:Sl 28077:40.8:Sl 28078:44.8:Sl 28079:36.5:Sl 28080:0.0:Sl
1783559973 27507 428.4 1 27507:22.4:Sl 27551:88.9:Rl 28072:36.9:Dl 28073:37.0:Dl 28074:34.9:Dl 28075:44.9:Rl 28076:41.2:Dl 28077:40.8:Rl 28078:44.9:Dl 28079:36.5:Dl 28080:0.0:Sl
1783559974 27507 428.2 1 27507:22.3:Sl 27551:88.9:Rl 28072:36.9:Sl 28073:37.0:Sl 28074:34.9:Sl 28075:44.9:Sl 28076:41.1:Sl 28077:40.7:Sl 28078:45.0:Sl 28079:36.5:Sl 28080:0.0:Sl
1783559975 27507 427.4 1 27507:22.1:Sl 27551:88.9:Rl 28072:36.8:Sl 28073:36.9:Rl 28074:34.8:Rl 28075:44.9:Rl 28076:41.0:Dl 28077:40.6:Rl 28078:45.0:Rl 28079:36.4:Rl 28080:0.0:Sl
1783559976 27507 426.3 1 27507:22.0:Sl 27551:88.9:Rl 28072:36.7:Rl 28073:36.8:Rl 28074:34.7:Rl 28075:44.8:Dl 28076:40.8:Rl 28077:40.4:Rl 28078:44.9:Rl 28079:36.3:Dl 28080:0.0:Sl
1783559977 27507 425.6 1 27507:21.9:Sl 27551:88.9:Rl 28072:36.6:Sl 28073:36.7:Sl 28074:34.6:Sl 28075:44.8:Sl 28076:40.7:Sl 28077:40.3:Sl 28078:44.9:Sl 28079:36.2:Sl 28080:0.0:Sl
1783559978 27507 424.6 1 27507:21.7:Sl 27551:88.9:Rl 28072:36.5:Rl 28073:36.6:Rl 28074:34.6:Rl 28075:44.7:Rl 28076:40.5:Rl 28077:40.2:Rl 28078:44.8:Rl 28079:36.1:Dl 28080:0.0:Sl
1783559980 27507 424.0 1 27507:21.6:Sl 27551:88.9:Rl 28072:36.4:Dl 28073:36.5:Dl 28074:34.5:Dl 28075:44.7:Dl 28076:40.4:Rl 28077:40.1:Rl 28078:44.8:Rl 28079:36.1:Rl 28080:0.0:Sl
1783559981 27507 423.2 1 27507:21.5:Sl 27551:88.8:Rl 28072:36.3:Sl 28073:36.4:Sl 28074:34.5:Sl 28075:44.7:Sl 28076:40.2:Sl 28077:40.0:Sl 28078:44.8:Sl 28079:36.0:Sl 28080:0.0:Sl
1783559982 27507 422.3 1 27507:21.3:Sl 27551:88.8:Rl 28072:36.3:Dl 28073:36.3:Dl 28074:34.4:Dl 28075:44.6:Dl 28076:40.1:Dl 28077:39.9:Rl 28078:44.7:Dl 28079:35.9:Rl 28080:0.0:Sl
1783559983 27507 421.8 1 27507:21.2:Sl 27551:88.8:Rl 28072:36.2:Rl 28073:36.3:Dl 28074:34.3:Dl 28075:44.6:Rl 28076:40.0:Rl 28077:39.8:Rl 28078:44.7:Rl 28079:35.9:Dl 28080:0.0:Sl
1783559984 27507 421.9 1 27507:21.1:Sl 27551:88.8:Rl 28072:36.2:Rl 28073:36.3:Rl 28074:34.4:Dl 28075:44.6:Rl 28076:40.0:Dl 28077:39.8:Dl 28078:44.8:Dl 28079:35.9:Rl 28080:0.0:Sl
1783559986 27507 421.3 1 27507:20.9:Sl 27551:88.8:Rl 28072:36.1:Sl 28073:36.2:Sl 28074:34.3:Sl 28075:44.6:Sl 28076:39.9:Sl 28077:39.7:Sl 28078:44.9:Sl 28079:35.9:Sl 28080:0.0:Sl
1783559987 27507 420.5 1 27507:20.8:Sl 27551:88.8:Rl 28072:36.0:Dl 28073:36.1:Rl 28074:34.3:Rl 28075:44.6:Rl 28076:39.7:Dl 28077:39.6:Rl 28078:44.8:Rl 28079:35.8:Dl 28080:0.0:Sl
1783559988 27507 420.0 1 27507:20.7:Sl 27551:88.8:Rl 28072:36.0:Dl 28073:36.1:Rl 28074:34.2:Rl 28075:44.6:Rl 28076:39.6:Dl 28077:39.5:Rl 28078:44.8:Rl 28079:35.7:Dl 28080:0.0:Sl
1783559989 27507 419.0 1 27507:20.6:Sl 27551:88.8:Rl 28072:35.9:Rl 28073:35.9:Sl 28074:34.1:Dl 28075:44.5:Rl 28076:39.5:Dl 28077:39.3:Rl 28078:44.7:Dl 28079:35.7:Dl 28080:0.0:Sl
1783559990 27507 418.4 1 27507:20.4:Sl 27551:88.8:Dl 28072:35.8:Rl 28073:35.9:Rl 28074:34.1:Dl 28075:44.4:Dl 28076:39.4:Dl 28077:39.3:Dl 28078:44.7:Rl 28079:35.6:Rl 28080:0.0:Sl
1783559991 27507 417.8 1 27507:20.3:Sl 27551:88.8:Rl 28072:35.7:Dl 28073:35.8:Dl 28074:34.0:Rl 28075:44.4:Rl 28076:39.3:Dl 28077:39.2:Rl 28078:44.7:Rl 28079:35.6:Rl 28080:0.0:Sl
1783559993 27507 417.2 1 27507:20.2:Sl 27551:88.7:Rl 28072:35.7:Dl 28073:35.7:Dl 28074:34.0:Rl 28075:44.4:Rl 28076:39.2:Dl 28077:39.1:Rl 28078:44.7:Dl 28079:35.5:Rl 28080:0.0:Sl
1783559994 27507 416.7 1 27507:20.1:Sl 27551:88.7:Rl 28072:35.6:Sl 28073:35.7:Sl 28074:34.0:Sl 28075:44.3:Sl 28076:39.1:Sl 28077:39.0:Sl 28078:44.7:Sl 28079:35.5:Sl 28080:0.0:Sl
1783559995 27507 416.7 1 27507:20.0:Sl 27551:88.7:Rl 28072:35.6:Rl 28073:35.7:Dl 28074:34.0:Dl 28075:44.4:Rl 28076:39.0:Rl 28077:39.0:Rl 28078:44.8:Rl 28079:35.5:Rl 28080:0.0:Sl
1783559996 27507 416.5 1 27507:19.9:Sl 27551:88.7:Rl 28072:35.6:Rl 28073:35.7:Rl 28074:34.0:Rl 28075:44.4:Rl 28076:39.0:Dl 28077:38.9:Rl 28078:44.8:Rl 28079:35.5:Rl 28080:0.0:Sl
1783559997 27507 415.8 1 27507:19.8:Sl 27551:88.7:Rl 28072:35.5:Rl 28073:35.6:Rl 28074:33.9:Dl 28075:44.4:Rl 28076:38.9:Rl 28077:38.8:Dl 28078:44.8:Dl 28079:35.4:Rl 28080:0.0:Sl
1783559999 27507 414.7 1 27507:19.6:Sl 27551:88.7:Rl 28072:35.4:Sl 28073:35.5:Sl 28074:33.8:Sl 28075:44.3:Sl 28076:38.7:Sl 28077:38.7:Sl 28078:44.7:Sl 28079:35.3:Sl 28080:0.0:Sl
1783560000 27507 414.3 1 27507:19.5:Sl 27551:88.7:Rl 28072:35.4:Dl 28073:35.4:Rl 28074:33.8:Rl 28075:44.3:Rl 28076:38.6:Dl 28077:38.7:Rl 28078:44.6:Dl 28079:35.3:Rl 28080:0.0:Sl
1783560001 27507 413.6 1 27507:19.4:Sl 27551:88.7:Rl 28072:35.3:Sl 28073:35.4:Sl 28074:33.7:Sl 28075:44.3:Sl 28076:38.6:Sl 28077:38.6:Sl 28078:44.4:Sl 28079:35.2:Sl 28080:0.0:Sl
1783560002 27507 413.0 1 27507:19.3:Sl 27551:88.7:Rl 28072:35.3:Sl 28073:35.3:Sl 28074:33.7:Sl 28075:44.2:Sl 28076:38.5:Sl 28077:38.5:Sl 28078:44.3:Sl 28079:35.2:Sl 28080:0.0:Sl
1783560003 27507 412.4 1 27507:19.2:Sl 27551:88.7:Rl 28072:35.2:Sl 28073:35.3:Sl 28074:33.7:Sl 28075:44.2:Sl 28076:38.4:Sl 28077:38.4:Sl 28078:44.1:Sl 28079:35.2:Sl 28080:0.0:Sl
1783560004 27507 411.7 1 27507:19.1:Sl 27551:88.7:Rl 28072:35.1:Dl 28073:35.2:Dl 28074:33.6:Dl 28075:44.2:Rl 28076:38.3:Rl 28077:38.4:Rl 28078:44.0:Sl 28079:35.1:Rl 28080:0.0:Sl
1783560006 27507 411.4 1 27507:19.0:Sl 27551:88.7:Rl 28072:35.1:Sl 28073:35.2:Sl 28074:33.6:Sl 28075:44.2:Sl 28076:38.3:Sl 28077:38.3:Sl 28078:43.9:Sl 28079:35.1:Sl 28080:0.0:Sl
1783560007 27507 411.1 1 27507:18.9:Sl 27551:88.7:Rl 28072:35.1:Dl 28073:35.2:Dl 28074:33.6:Rl 28075:44.2:Rl 28076:38.2:Rl 28077:38.3:Rl 28078:43.8:Dl 28079:35.1:Rl 28080:0.0:Sl
1783560008 27507 410.3 1 27507:18.8:Sl 27551:88.6:Rl 28072:35.0:Sl 28073:35.1:Sl 28074:33.6:Sl 28075:44.2:Sl 28076:38.1:Sl 28077:38.2:Sl 28078:43.6:Sl 28079:35.1:Sl 28080:0.0:Sl
1783560009 27507 409.8 1 27507:18.7:Sl 27551:88.6:Dl 28072:35.0:Dl 28073:35.1:Dl 28074:33.5:Dl 28075:44.2:Dl 28076:38.0:Dl 28077:38.2:Dl 28078:43.5:Dl 28079:35.0:Dl 28080:0.0:Sl
1783560010 27507 409.3 1 27507:18.6:Sl 27551:88.6:Dl 28072:34.9:Rl 28073:35.0:Dl 28074:33.5:Dl 28075:44.2:Rl 28076:38.0:Rl 28077:38.1:Dl 28078:43.4:Rl 28079:35.0:Dl 28080:0.0:Sl
1783560012 27507 408.8 1 27507:18.5:Sl 27551:88.6:Rl 28072:34.9:Sl 28073:35.0:Sl 28074:33.5:Sl 28075:44.1:Sl 28076:37.9:Sl 28077:38.1:Sl 28078:43.3:Sl 28079:34.9:Sl 28080:0.0:Sl
1783560013 27507 408.0 1 27507:18.4:Sl 27551:88.6:Rl 28072:34.8:Sl 28073:34.9:Sl 28074:33.4:Sl 28075:44.1:Sl 28076:37.8:Sl 28077:38.0:Sl 28078:43.1:Sl 28079:34.9:Sl 28080:0.0:Sl
1783560014 27507 407.5 1 27507:18.3:Sl 27551:88.6:Rl 28072:34.8:Rl 28073:34.8:Rl 28074:33.4:Rl 28075:44.1:Rl 28076:37.7:Rl 28077:37.9:Dl 28078:43.0:Dl 28079:34.9:Dl 28080:0.0:Sl
1783560015 27507 406.9 1 27507:18.2:Sl 27551:88.6:Rl 28072:34.7:Sl 28073:34.8:Sl 28074:33.3:Sl 28075:44.1:Sl 28076:37.6:Sl 28077:37.9:Sl 28078:42.9:Sl 28079:34.8:Sl 28080:0.0:Sl
1783560016 27507 406.5 1 27507:18.1:Sl 27551:88.6:Rl 28072:34.7:Rl 28073:34.8:Rl 28074:33.3:Rl 28075:44.0:Rl 28076:37.6:Rl 28077:37.8:Rl 28078:42.8:Rl 28079:34.8:Dl 28080:0.0:Sl
1783560017 27507 406.0 1 27507:18.0:Sl 27551:88.6:Rl 28072:34.6:Sl 28073:34.7:Sl 28074:33.3:Sl 28075:44.0:Sl 28076:37.5:Sl 28077:37.8:Sl 28078:42.7:Sl 28079:34.8:Sl 28080:0.0:Sl
1783560019 27507 405.7 1 27507:17.9:Sl 27551:88.6:Rl 28072:34.6:Dl 28073:34.7:Rl 28074:33.3:Rl 28075:44.0:Dl 28076:37.5:Rl 28077:37.7:Rl 28078:42.6:Rl 28079:34.8:Dl 28080:0.0:Sl
1783560020 27507 405.1 1 27507:17.8:Sl 27551:88.6:Rl 28072:34.6:Dl 28073:34.6:Dl 28074:33.2:Rl 28075:44.0:Rl 28076:37.4:Rl 28077:37.7:Dl 28078:42.5:Rl 28079:34.7:Rl 28080:0.0:Sl
1783560021 27507 404.6 1 27507:17.7:Sl 27551:88.6:Rl 28072:34.5:Sl 28073:34.6:Sl 28074:33.2:Sl 28075:44.0:Sl 28076:37.3:Sl 28077:37.6:Sl 28078:42.4:Sl 28079:34.7:Sl 28080:0.0:Sl
1783560022 27507 404.3 1 27507:17.7:Sl 27551:88.6:Rl 28072:34.5:Sl 28073:34.5:Sl 28074:33.2:Sl 28075:44.0:Sl 28076:37.3:Sl 28077:37.6:Rl 28078:42.2:Sl 28079:34.7:Sl 28080:0.0:Sl
1783560023 27507 403.6 1 27507:17.6:Sl 27551:88.6:Rl 28072:34.4:Rl 28073:34.5:Rl 28074:33.1:Rl 28075:44.0:Rl 28076:37.2:Dl 28077:37.5:Dl 28078:42.1:Rl 28079:34.6:Dl 28080:0.0:Sl
1783560024 27507 403.1 1 27507:17.5:Sl 27551:88.6:Rl 28072:34.4:Rl 28073:34.5:Rl 28074:33.1:Rl 28075:43.9:Dl 28076:37.1:Dl 28077:37.4:Rl 28078:42.0:Rl 28079:34.6:Dl 28080:0.0:Sl
1783560026 27507 402.5 1 27507:17.4:Sl 27551:88.6:Dl 28072:34.3:Rl 28073:34.4:Dl 28074:33.0:Rl 28075:43.9:Dl 28076:37.0:Rl 28077:37.4:Rl 28078:41.9:Rl 28079:34.6:Rl 28080:0.0:Sl
1783560027 27507 402.0 1 27507:17.3:Sl 27551:88.6:Rl 28072:34.3:Rl 28073:34.3:Rl 28074:33.0:Sl 28075:43.9:Rl 28076:37.0:Dl 28077:37.3:Rl 28078:41.8:Rl 28079:34.5:Rl 28080:0.0:Sl
1783560028 27507 401.7 1 27507:17.2:Sl 27551:88.6:Rl 28072:34.3:Dl 28073:34.3:Dl 28074:33.0:Rl 28075:43.9:Dl 28076:36.9:Sl 28077:37.3:Rl 28078:41.7:Rl 28079:34.5:Rl 28080:0.0:Sl
1783560029 27507 401.0 1 27507:17.1:Sl 27551:88.6:Rl 28072:34.2:Sl 28073:34.3:Dl 28074:32.9:Dl 28075:43.8:Rl 28076:36.8:Dl 28077:37.2:Rl 28078:41.6:Rl 28079:34.5:Rl 28080:0.0:Sl
1783560030 27507 400.5 1 27507:17.0:Sl 27551:88.6:Rl 28072:34.2:Sl 28073:34.2:Sl 28074:32.9:Sl 28075:43.8:Sl 28076:36.8:Sl 28077:37.1:Sl 28078:41.5:Sl 28079:34.4:Sl 28080:0.0:Sl
1783560032 27507 400.3 1 27507:17.0:Sl 27551:88.5:Rl 28072:34.2:Rl 28073:34.2:Rl 28074:32.9:Dl 28075:43.9:Rl 28076:36.7:Dl 28077:37.1:Rl 28078:41.4:Rl 28079:34.4:Dl 28080:0.0:Sl
1783560033 27507 399.8 1 27507:16.9:Sl 27551:88.5:Rl 28072:34.1:Sl 28073:34.1:Sl 28074:32.9:Sl 28075:43.8:Sl 28076:36.7:Sl 28077:37.1:Sl 28078:41.3:Sl 28079:34.4:Sl 28080:0.0:Sl
1783560034 27507 399.3 1 27507:16.8:Sl 27551:88.5:Rl 28072:34.1:Sl 28073:34.1:Sl 28074:32.8:Sl 28075:43.8:Sl 28076:36.6:Sl 28077:37.0:Sl 28078:41.2:Sl 28079:34.4:Sl 28080:0.0:Sl
1783560035 27507 398.9 1 27507:16.7:Sl 27551:88.5:Rl 28072:34.0:Rl 28073:34.1:Rl 28074:32.8:Rl 28075:43.8:Rl 28076:36.6:Rl 28077:37.0:Rl 28078:41.1:Rl 28079:34.3:Rl 28080:0.0:Sl
1783560036 27507 398.4 1 27507:16.6:Sl 27551:88.5:Rl 28072:34.0:Sl 28073:34.0:Sl 28074:32.8:Sl 28075:43.8:Sl 28076:36.5:Sl 28077:36.9:Sl 28078:41.0:Sl 28079:34.3:Sl 28080:0.0:Sl
1783560037 27507 398.0 1 27507:16.6:Sl 27551:88.5:Rl 28072:33.9:Rl 28073:34.0:Rl 28074:32.7:Rl 28075:43.8:Rl 28076:36.4:Rl 28077:36.9:Rl 28078:40.9:Rl 28079:34.3:Rl 28080:0.0:Sl
1783560039 27507 397.7 1 27507:16.5:Sl 27551:88.5:Rl 28072:33.9:Dl 28073:33.9:Dl 28074:32.7:Dl 28075:43.8:Dl 28076:36.4:Dl 28077:36.9:Dl 28078:40.8:Dl 28079:34.3:Rl 28080:0.0:Sl
1783560040 27507 397.5 1 27507:16.4:Sl 27551:88.5:Rl 28072:33.9:Dl 28073:33.9:Dl 28074:32.7:Dl 28075:43.8:Rl 28076:36.3:Rl 28077:36.9:Rl 28078:40.7:Dl 28079:34.4:Rl 28080:0.0:Sl
1783560041 27507 397.3 1 27507:16.3:Sl 27551:88.5:Dl 28072:33.8:Dl 28073:33.9:Dl 28074:32.7:Rl 28075:43.8:Rl 28076:36.3:Rl 28077:36.9:Dl 28078:40.7:Rl 28079:34.4:Rl 28080:0.0:Sl
1783560042 27507 397.4 1 27507:16.3:Sl 27551:88.5:Rl 28072:33.8:Dl 28073:33.9:Dl 28074:32.7:Dl 28075:43.8:Rl 28076:36.3:Rl 28077:37.0:Sl 28078:40.6:Dl 28079:34.5:Rl 28080:0.0:Sl
1783560043 27507 396.8 1 27507:16.2:Sl 27551:88.5:Rl 28072:33.8:Rl 28073:33.8:Rl 28074:32.6:Rl 28075:43.7:Rl 28076:36.2:Rl 28077:37.0:Rl 28078:40.5:Rl 28079:34.5:Rl 28080:0.0:Sl
1783560045 27507 396.3 1 27507:16.1:Sl 27551:88.5:Dl 28072:33.7:Rl 28073:33.8:Rl 28074:32.6:Rl 28075:43.6:Dl 28076:36.1:Dl 28077:37.0:Rl 28078:40.4:Rl 28079:34.5:Rl 28080:0.0:Sl
1783560046 27507 395.7 1 27507:16.0:Sl 27551:88.5:Rl 28072:33.7:Rl 28073:33.7:Rl 28074:32.5:Rl 28075:43.4:Dl 28076:36.1:Dl 28077:37.0:Rl 28078:40.3:Rl 28079:34.5:Dl 28080:0.0:Sl
1783560047 27507 395.6 1 27507:16.0:Sl 27551:88.5:Rl 28072:33.7:Rl 28073:33.7:Rl 28074:32.5:Rl 28075:43.4:Rl 28076:36.0:Rl 28077:37.0:Dl 28078:40.2:Rl 28079:34.6:Rl 28080:0.0:Sl
1783560048 27507 395.2 1 27507:15.9:Sl 27551:88.5:Rl 28072:33.6:Sl 28073:33.7:Sl 28074:32.5:Sl 28075:43.2:Sl 28076:36.0:Sl 28077:37.0:Sl 28078:40.2:Sl 28079:34.6:Sl 28080:0.0:Sl
1783560049 27507 394.7 1 27507:15.8:Sl 27551:88.5:Rl 28072:33.6:Rl 28073:33.6:Rl 28074:32.5:Dl 28075:43.1:Dl 28076:35.9:Dl 28077:37.0:Dl 28078:40.1:Rl 28079:34.6:Rl 28080:0.0:Sl
1783560050 27507 394.2 1 27507:15.7:Sl 27551:88.5:Rl 28072:33.5:Rl 28073:33.6:Rl 28074:32.4:Dl 28075:43.0:Dl 28076:35.9:Dl 28077:37.0:Rl 28078:40.0:Rl 28079:34.6:Rl 28080:0.0:Sl
1783560052 27507 393.8 1 27507:15.7:Sl 27551:88.5:Rl 28072:33.5:Sl 28073:33.5:Sl 28074:32.4:Sl 28075:42.9:Sl 28076:35.8:Sl 28077:37.0:Sl 28078:39.9:Sl 28079:34.6:Sl 28080:0.0:Sl
1783560053 27507 393.6 1 27507:15.6:Sl 27551:88.5:Rl 28072:33.5:Rl 28073:33.5:Sl 28074:32.4:Rl 28075:42.8:Rl 28076:35.8:Rl 28077:37.0:Rl 28078:39.8:Rl 28079:34.7:Rl 28080:0.0:Sl
1783560054 27507 393.5 1 27507:15.5:Sl 27551:88.5:Rl 28072:33.5:Sl 28073:33.5:Sl 28074:32.4:Sl 28075:42.8:Sl 28076:35.7:Sl 28077:37.1:Sl 28078:39.8:Sl 28079:34.7:Sl 28080:0.0:Sl
1783560055 27507 393.0 1 27507:15.5:Sl 27551:88.5:Rl 28072:33.4:Dl 28073:33.5:Rl 28074:32.3:Rl 28075:42.6:Dl 28076:35.7:Dl 28077:37.1:Dl 28078:39.7:Dl 28079:34.7:Rl 28080:0.0:Sl
1783560056 27507 392.6 1 27507:15.4:Sl 27551:88.5:Rl 28072:33.4:Dl 28073:33.4:Dl 28074:32.3:Dl 28075:42.6:Dl 28076:35.6:Dl 28077:37.1:Rl 28078:39.6:Dl 28079:34.7:Rl 28080:0.0:Sl
1783560058 27507 392.1 1 27507:15.3:Sl 27551:88.5:Rl 28072:33.3:Dl 28073:33.4:Dl 28074:32.3:Rl 28075:42.5:Rl 28076:35.6:Rl 28077:37.0:Rl 28078:39.5:Rl 28079:34.7:Dl 28080:0.0:Sl
1783560059 27507 391.9 1 27507:15.3:Sl 27551:88.5:Rl 28072:33.3:Rl 28073:33.4:Rl 28074:32.3:Rl 28075:42.4:Dl 28076:35.5:Rl 28077:37.0:Dl 28078:39.5:Rl 28079:34.7:Rl 28080:0.0:Sl
1783560060 27507 391.4 1 27507:15.2:Sl 27551:88.5:Rl 28072:33.3:Sl 28073:33.3:Rl 28074:32.2:Rl 28075:42.3:Rl 28076:35.5:Dl 28077:37.0:Rl 28078:39.4:Dl 28079:34.7:Rl 28080:0.0:Sl
1783560061 27507 390.7 1 27507:15.1:Sl 27551:88.5:Rl 28072:33.2:Dl 28073:33.3:Dl 28074:32.2:Dl 28075:42.2:Dl 28076:35.4:Rl 28077:36.9:Dl 28078:39.3:Dl 28079:34.6:Rl 28080:0.0:Sl
1783560062 27507 390.6 1 27507:15.1:Sl 27551:88.5:Rl 28072:33.2:Sl 28073:33.3:Sl 28074:32.2:Sl 28075:42.1:Sl 28076:35.4:Sl 28077:36.9:Sl 28078:39.3:Sl 28079:34.6:Sl 28080:0.0:Sl
1783560063 27507 390.0 1 27507:15.0:Sl 27551:88.5:Rl 28072:33.2:Dl 28073:33.2:Dl 28074:32.2:Dl 28075:42.0:Dl 28076:35.3:Dl 28077:36.8:Rl 28078:39.2:Rl 28079:34.6:Rl 28080:0.0:Sl
1783560065 27507 389.5 1 27507:14.9:Sl 27551:88.5:Rl 28072:33.1:Sl 28073:33.2:Sl 28074:32.1:Sl 28075:41.9:Sl 28076:35.3:Sl 28077:36.8:Sl 28078:39.1:Sl 28079:34.6:Sl 28080:0.0:Sl
1783560066 27507 389.5 1 27507:14.9:Sl 27551:88.4:Rl 28072:33.2:Sl 28073:33.2:Sl 28074:32.1:Sl 28075:41.9:Sl 28076:35.3:Sl 28077:36.8:Sl 28078:39.1:Sl 28079:34.6:Sl 28080:0.0:Sl
1783560067 27507 389.2 1 27507:14.8:Sl 27551:88.4:Rl 28072:33.1:Rl 28073:33.2:Sl 28074:32.1:Rl 28075:41.8:Rl 28076:35.2:Rl 28077:36.9:Dl 28078:39.0:Dl 28079:34.7:Rl 28080:0.0:Sl
1783560068 27507 388.8 1 27507:14.7:Sl 27551:88.4:Rl 28072:33.1:Rl 28073:33.1:Sl 28074:32.1:Rl 28075:41.7:Rl 28076:35.2:Rl 28077:36.9:Rl 28078:38.9:Rl 28079:34.7:Rl 28080:0.0:Sl
1783560069 27507 388.7 1 27507:14.7:Sl 27551:88.4:Rl 28072:33.1:Sl 28073:33.1:Sl 28074:32.1:Sl 28075:41.6:Sl 28076:35.2:Sl 28077:36.9:Sl 28078:38.9:Sl 28079:34.7:Sl 28080:0.0:Sl
1783560071 27507 388.1 1 27507:14.6:Sl 27551:88.4:Rl 28072:33.0:Rl 28073:33.1:Dl 28074:32.0:Dl 28075:41.5:Dl 28076:35.1:Dl 28077:36.9:Rl 28078:38.8:Rl 28079:34.7:Rl 28080:0.0:Sl
1783560072 27507 387.8 1 27507:14.6:Sl 27551:88.4:Rl 28072:33.0:Dl 28073:33.0:Dl 28074:32.0:Rl 28075:41.4:Rl 28076:35.1:Rl 28077:36.9:Rl 28078:38.7:Rl 28079:34.7:Rl 28080:0.0:Sl
1783560073 27507 387.6 1 27507:14.5:Sl 27551:88.4:Rl 28072:33.0:Dl 28073:33.0:Rl 28074:32.0:Dl 28075:41.4:Dl 28076:35.0:Dl 28077:36.9:Dl 28078:38.7:Rl 28079:34.7:Dl 28080:0.0:Sl
1783560074 27507 387.3 1 27507:14.4:Sl 27551:88.4:Rl 28072:32.9:Dl 28073:33.0:Dl 28074:32.0:Rl 28075:41.3:Rl 28076:35.0:Dl 28077:36.9:Rl 28078:38.6:Rl 28079:34.8:Rl 28080:0.0:Sl
1783560075 27507 386.9 1 27507:14.4:Sl 27551:88.4:Dl 28072:32.9:Rl 28073:33.0:Dl 28074:31.9:Dl 28075:41.2:Dl 28076:34.9:Dl 28077:36.9:Dl 28078:38.5:Rl 28079:34.8:Rl 28080:0.0:Sl
1783560076 27507 386.8 1 27507:14.3:Sl 27551:88.4:Rl 28072:32.9:Rl 28073:33.0:Rl 28074:32.0:Dl 28075:41.1:Dl 28076:34.9:Dl 28077:36.9:Dl 28078:38.5:Dl 28079:34.8:Rl 28080:0.0:Sl
1783560078 27507 386.8 1 27507:14.3:Sl 27551:88.4:Rl 28072:32.9:Sl 28073:32.9:Sl 28074:32.0:Sl 28075:41.1:Sl 28076:34.9:Sl 28077:36.9:Sl 28078:38.5:Sl 28079:34.9:Sl 28080:0.0:Sl
1783560079 27507 386.4 1 27507:14.2:Sl 27551:88.4:Dl 28072:32.9:Dl 28073:32.9:Dl 28074:31.9:Dl 28075:41.0:Dl 28076:34.9:Dl 28077:36.9:Dl 28078:38.4:Dl 28079:34.9:Dl 28080:0.0:Sl
1783560080 27507 385.9 1 27507:14.1:Sl 27551:88.4:Rl 28072:32.8:Dl 28073:32.9:Dl 28074:31.9:Dl 28075:40.9:Dl 28076:34.8:Dl 28077:36.9:Dl 28078:38.3:Rl 28079:34.9:Dl 28080:0.0:Sl
1783560081 27507 385.9 1 27507:14.1:Sl 27551:88.4:Rl 28072:32.8:Rl 28073:32.9:Rl 28074:31.9:Sl 28075:40.9:Rl 28076:34.8:Rl 28077:36.9:Rl 28078:38.3:Rl 28079:34.9:Rl 28080:0.0:Sl
1783560082 27507 385.7 1 27507:14.0:Sl 27551:88.4:Rl 28072:32.8:Rl 28073:32.9:Rl 28074:31.9:Rl 28075:40.8:Rl 28076:34.8:Rl 28077:37.0:Rl 28078:38.2:Rl 28079:34.9:Rl 28080:0.0:Sl
1783560083 27507 385.5 1 27507:14.0:Sl 27551:88.4:Rl 28072:32.8:Rl 28073:32.8:Rl 28074:31.9:Sl 28075:40.7:Dl 28076:34.7:Dl 28077:37.0:Dl 28078:38.2:Rl 28079:35.0:Rl 28080:0.0:Sl
1783560085 27507 385.1 1 27507:13.9:Sl 27551:88.4:Rl 28072:32.7:Sl 28073:32.8:Sl 28074:31.8:Sl 28075:40.7:Sl 28076:34.7:Sl 28077:37.0:Sl 28078:38.1:Sl 28079:35.0:Sl 28080:0.0:Sl
1783560086 27507 385.1 1 27507:13.9:Sl 27551:88.4:Rl 28072:32.8:Rl 28073:32.8:Rl 28074:31.8:Rl 28075:40.6:Rl 28076:34.7:Dl 28077:37.0:Rl 28078:38.1:Rl 28079:35.0:Rl 28080:0.0:Sl
1783560087 27507 384.9 1 27507:13.8:Sl 27551:88.4:Rl 28072:32.7:Sl 28073:32.8:Sl 28074:31.8:Sl 28075:40.6:Sl 28076:34.7:Sl 28077:37.0:Sl 28078:38.0:Sl 28079:35.1:Sl 28080:0.0:Sl
1783560088 27507 384.5 1 27507:13.7:Sl 27551:88.4:Dl 28072:32.7:Rl 28073:32.7:Dl 28074:31.8:Dl 28075:40.5:Rl 28076:34.6:Rl 28077:37.0:Rl 28078:38.0:Rl 28079:35.1:Rl 28080:0.0:Sl
1783560089 27507 384.3 1 27507:13.7:Sl 27551:88.4:Rl 28072:32.7:Dl 28073:32.7:Rl 28074:31.8:Dl 28075:40.4:Rl 28076:34.6:Rl 28077:37.0:Dl 28078:37.9:Dl 28079:35.1:Dl 28080:0.0:Sl
1783560091 27507 384.0 1 27507:13.6:Sl 27551:88.4:Rl 28072:32.7:Sl 28073:32.7:Sl 28074:31.8:Sl 28075:40.3:Sl 28076:34.5:Sl 28077:37.0:Sl 28078:37.9:Sl 28079:35.1:Sl 28080:0.0:Sl
1783560092 27507 383.7 1 27507:13.6:Sl 27551:88.4:Rl 28072:32.6:Dl 28073:32.7:Dl 28074:31.7:Dl 28075:40.3:Dl 28076:34.5:Rl 28077:37.0:Rl 28078:37.8:Rl 28079:35.1:Dl 28080:0.0:Sl
1783560093 27507 383.5 1 27507:13.5:Sl 27551:88.4:Rl 28072:32.6:Dl 28073:32.7:Dl 28074:31.7:Dl 28075:40.2:Rl 28076:34.5:Rl 28077:37.0:Rl 28078:37.8:Rl 28079:35.1:Rl 28080:0.0:Sl
1783560094 27507 383.5 1 27507:13.5:Sl 27551:88.4:Rl 28072:32.6:Dl 28073:32.6:Dl 28074:31.7:Dl 28075:40.2:Rl 28076:34.5:Dl 28077:37.1:Rl 28078:37.7:Dl 28079:35.2:Dl 28080:0.0:Sl
1783560095 27507 383.2 1 27507:13.4:Sl 27551:88.4:Rl 28072:32.6:Sl 28073:32.6:Rl 28074:31.7:Rl 28075:40.1:Rl 28076:34.4:Rl 28077:37.1:Rl 28078:37.7:Rl 28079:35.2:Rl 28080:0.0:Sl
1783560096 27507 383.0 1 27507:13.4:Sl 27551:88.4:Rl 28072:32.6:Rl 28073:32.6:Rl 28074:31.7:Rl 28075:40.0:Rl 28076:34.4:Rl 28077:37.1:Rl 28078:37.6:Dl 28079:35.2:Dl 28080:0.0:Sl
1783560098 27507 382.9 1 27507:13.3:Sl 27551:88.4:Rl 28072:32.6:Rl 28073:32.6:Dl 28074:31.7:Dl 28075:40.0:Dl 28076:34.4:Rl 28077:37.1:Rl 28078:37.6:Rl 28079:35.2:Sl 28080:0.0:Sl
1783560099 27507 382.9 1 27507:13.3:Sl 27551:88.4:Rl 28072:32.6:Dl 28073:32.6:Rl 28074:31.7:Rl 28075:40.0:Dl 28076:34.4:Dl 28077:37.1:Dl 28078:37.6:Dl 28079:35.2:Rl 28080:0.0:Sl
1783560100 27507 382.7 1 27507:13.2:Sl 27551:88.4:Rl 28072:32.6:Rl 28073:32.6:Rl 28074:31.7:Sl 28075:39.9:Rl 28076:34.4:Rl 28077:37.1:Dl 28078:37.6:Rl 28079:35.2:Rl 28080:0.0:Sl
1783560101 27507 382.9 1 27507:13.2:Sl 27551:88.4:Rl 28072:32.6:Dl 28073:32.7:Dl 28074:31.8:Rl 28075:39.9:Rl 28076:34.4:Dl 28077:37.1:Sl 28078:37.6:Rl 28079:35.2:Rl 28080:0.0:Sl
1783560102 27507 382.8 1 27507:13.1:Sl 27551:88.4:Rl 28072:32.6:Sl 28073:32.7:Rl 28074:31.8:Rl 28075:39.9:Rl 28076:34.4:Rl 28077:37.1:Sl 28078:37.6:Rl 28079:35.2:Rl 28080:0.0:Sl
1783560103 27507 382.7 1 27507:13.1:Sl 27551:88.4:Rl 28072:32.6:Rl 28073:32.7:Rl 28074:31.8:Rl 28075:39.9:Rl 28076:34.4:Rl 28077:37.1:Rl 28078:37.5:Rl 28079:35.2:Rl 28080:0.0:Sl
1783560105 27507 382.4 1 27507:13.0:Sl 27551:88.4:Rl 28072:32.6:Sl 28073:32.7:Sl 28074:31.8:Sl 28075:39.8:Sl 28076:34.4:Sl 28077:37.0:Sl 28078:37.5:Sl 28079:35.2:Sl 28080:0.0:Sl
1783560106 27507 382.4 1 27507:13.0:Sl 27551:88.4:Rl 28072:32.6:Sl 28073:32.7:Sl 28074:31.8:Sl 28075:39.8:Sl 28076:34.4:Sl 28077:37.0:Sl 28078:37.5:Sl 28079:35.2:Sl 28080:0.0:Sl
1783560107 27507 382.7 1 27507:12.9:Sl 27551:88.4:Rl 28072:32.7:Dl 28073:32.7:Rl 28074:31.9:Rl 28075:39.8:Rl 28076:34.4:Rl 28077:37.1:Rl 28078:37.5:Dl 28079:35.3:Dl 28080:0.0:Sl
1783560108 27507 382.7 1 27507:12.9:Sl 27551:88.4:Rl 28072:32.7:Rl 28073:32.7:Rl 28074:31.9:Rl 28075:39.8:Rl 28076:34.4:Dl 28077:37.1:Rl 28078:37.5:Dl 28079:35.3:Rl 28080:0.0:Sl
1783560109 27507 382.6 1 27507:12.8:Sl 27551:88.4:Rl 28072:32.7:Dl 28073:32.7:Dl 28074:31.9:Dl 28075:39.8:Dl 28076:34.4:Dl 28077:37.1:Rl 28078:37.5:Rl 28079:35.3:Rl 28080:0.0:Sl
1783560111 27507 382.6 1 27507:12.8:Sl 27551:88.4:Rl 28072:32.7:Dl 28073:32.8:Dl 28074:31.9:Rl 28075:39.8:Rl 28076:34.4:Rl 28077:37.0:Rl 28078:37.5:Dl 28079:35.3:Rl 28080:0.0:Sl
1783560112 27507 382.5 1 27507:12.7:Sl 27551:88.4:Rl 28072:32.7:Rl 28073:32.8:Rl 28074:31.9:Dl 28075:39.7:Dl 28076:34.5:Dl 28077:37.0:Rl 28078:37.5:Sl 28079:35.3:Sl 28080:0.0:Sl
1783560113 27507 382.8 1 27507:12.7:Sl 27551:88.4:Rl 28072:32.8:Rl 28073:32.8:Rl 28074:32.0:Rl 28075:39.7:Rl 28076:34.5:Rl 28077:37.1:Dl 28078:37.5:Rl 28079:35.3:Rl 28080:0.0:Sl
1783560114 27507 382.8 1 27507:12.7:Sl 27551:88.4:Rl 28072:32.8:Dl 28073:32.8:Rl 28074:32.0:Rl 28075:39.7:Dl 28076:34.5:Dl 28077:37.1:Rl 28078:37.5:Rl 28079:35.3:Sl 28080:0.0:Sl
1783560115 27507 382.5 1 27507:12.6:Sl 27551:88.4:Rl 28072:32.8:Sl 28073:32.8:Sl 28074:32.0:Sl 28075:39.7:Sl 28076:34.4:Sl 28077:37.1:Sl 28078:37.4:Sl 28079:35.3:Sl 28080:0.0:Sl
1783560116 27507 382.1 1 27507:12.6:Sl 27551:88.4:Rl 28072:32.7:Rl 28073:32.8:Dl 28074:31.9:Dl 28075:39.6:Dl 28076:34.4:Rl 28077:37.0:Dl 28078:37.4:Dl 28079:35.3:Rl 28080:0.0:Sl
1783560118 27507 381.9 1 27507:12.5:Sl 27551:88.4:Rl 28072:32.7:Rl 28073:32.8:Rl 28074:31.9:Rl 28075:39.5:Dl 28076:34.4:Dl 28077:37.0:Rl 28078:37.4:Rl 28079:35.3:Rl 28080:0.0:Sl
1783560119 27507 382.1 1 27507:12.5:Sl 27551:88.4:Rl 28072:32.7:Sl 28073:32.8:Sl 28074:31.9:Sl 28075:39.5:Sl 28076:34.4:Sl 28077:37.1:Sl 28078:37.4:Sl 28079:35.4:Sl 28080:0.0:Sl
1783560120 27507 381.7 1 27507:12.4:Sl 27551:88.4:Rl 28072:32.7:Sl 28073:32.7:Sl 28074:31.9:Sl 28075:39.5:Sl 28076:34.4:Sl 28077:37.0:Sl 28078:37.3:Sl 28079:35.4:Sl 28080:0.0:Sl
1783560121 27507 100.8 1 27507:12.4:Rl 27551:88.4:Rl 28080:0.0:Sl
1783560122 27507 101.1 1 27507:12.7:Rl 27551:88.4:Rl 28080:0.0:Sl
