# policy=cache_ext_fifo
# expected_active_threads=8
# columns: epoch pid total_cpu active_threads per_thread_cpu
1783554980 21765 133.0 1 21765:133:R
1783554981 21765 104.0 1 21765:104:R
1783554983 21765 102.0 1 21765:102:R
1783554984 21765 101.0 1 21765:101:R
1783554985 21765 101.0 1 21765:101:R
1783554986 21765 100.0 1 21765:100:R
1783554987 21765 100.0 1 21765:100:R
1783554988 21765 182.9 2 21765:86.6:Sl 21816:96.3:Dl
1783554990 21765 169.3 2 21765:76.0:Sl 21816:93.3:Rl
1783554991 21765 159.9 2 21765:67.8:Sl 21816:92.1:Rl
1783554992 21765 153.1 2 21765:61.1:Sl 21816:92.0:Rl
1783554993 21765 154.2 2 21765:62.3:Rl 21816:91.9:Rl
1783554994 21765 157.2 2 21765:65.4:Rl 21816:91.8:Rl
1783554996 21765 159.8 2 21765:68.1:Rl 21816:91.7:Rl
1783554997 21765 161.7 2 21765:70.2:Rl 21816:91.5:Rl
1783554998 21765 163.6 2 21765:72.2:Rl 21816:91.4:Rl
1783554999 21765 165.2 2 21765:73.9:Rl 21816:91.3:Rl
1783555000 21765 166.5 2 21765:75.4:Rl 21816:91.1:Rl
1783555001 21765 167.7 2 21765:76.7:Rl 21816:91.0:Rl
1783555003 21765 168.8 2 21765:77.9:Rl 21816:90.9:Rl
1783555004 21765 169.9 2 21765:79.0:Rl 21816:90.9:Dl
1783555005 21765 170.7 2 21765:80.0:Rl 21816:90.7:Rl
1783555006 21765 171.7 2 21765:80.9:Rl 21816:90.8:Rl
1783555007 21765 172.5 2 21765:81.7:Rl 21816:90.8:Rl
1783555008 21765 173.2 2 21765:82.5:Rl 21816:90.7:Rl
1783555010 21765 271.8 2 21765:81.2:Sl 21816:90.6:Rl 21949:12.0:Sl 21950:14.0:Sl 21951:12.0:Sl 21952:14.0:Sl 21953:12.0:Sl 21954:12.0:Sl 21955:12.0:Sl 21956:12.0:Sl 21957:0.0:Sl
1783555011 21765 285.2 2 21765:78.1:Sl 21816:90.5:Rl 21949:14.8:Sl 21950:14.2:Sl 21951:14.2:Sl 21952:14.8:Sl 21953:14.8:Sl 21954:14.8:Sl 21955:14.8:Sl 21956:14.2:Sl 21957:0.0:Sl
1783555012 21765 292.2 2 21765:75.3:Sl 21816:90.5:Rl 21949:16.0:Rl 21950:15.7:Rl 21951:16.0:Rl 21952:15.7:Dl 21953:16.0:Rl 21954:15.7:Rl 21955:16.0:Dl 21956:15.3:Dl 21957:0.0:Sl
1783555013 21765 295.7 2 21765:72.6:Sl 21816:90.5:Rl 21949:16.6:Sl 21950:16.3:Sl 21951:16.8:Sl 21952:16.6:Sl 21953:16.6:Sl 21954:16.6:Sl 21955:16.8:Sl 21956:16.3:Sl 21957:0.0:Sl
1783555014 21765 298.5 2 21765:70.1:Sl 21816:90.4:Rl 21949:17.6:Rl 21950:17.0:Rl 21951:17.4:Dl 21952:17.2:Rl 21953:17.2:Rl 21954:17.2:Dl 21955:17.4:Dl 21956:17.0:Dl 21957:0.0:Sl
1783555016 21765 305.0 2 21765:67.8:Sl 21816:90.3:Rl 21949:18.6:Dl 21950:18.1:Rl 21951:18.6:Rl 21952:18.3:Dl 21953:18.3:Rl 21954:18.3:Dl 21955:18.4:Rl 21956:18.3:Dl 21957:0.0:Sl
1783555017 21765 307.4 2 21765:65.6:Sl 21816:90.3:Rl 21949:19.1:Dl 21950:18.7:Dl 21951:19.1:Dl 21952:19.0:Rl 21953:19.0:Dl 21954:18.8:Dl 21955:19.0:Dl 21956:18.8:Rl 21957:0.0:Sl
1783555018 21765 309.1 2 21765:63.6:Sl 21816:90.3:Rl 21949:19.5:Rl 21950:19.3:Dl 21951:19.5:Dl 21952:19.5:Dl 21953:19.3:Dl 21954:19.3:Dl 21955:19.5:Dl 21956:19.3:Rl 21957:0.0:Sl
1783555019 21765 313.7 2 21765:61.6:Sl 21816:90.1:Dl 21949:20.3:Dl 21950:20.2:Rl 21951:20.3:Rl 21952:20.3:Rl 21953:20.2:Dl 21954:20.3:Rl 21955:20.3:Dl 21956:20.1:Dl 21957:0.0:Sl
1783555020 21765 317.4 2 21765:59.8:Sl 21816:90.0:Rl 21949:21.1:Sl 21950:20.9:Sl 21951:20.9:Sl 21952:21.0:Rl 21953:20.9:Rl 21954:20.9:Sl 21955:21.0:Sl 21956:20.9:Sl 21957:0.0:Sl
1783555021 21765 322.4 2 21765:58.2:Sl 21816:89.9:Rl 21949:21.9:Sl 21950:21.7:Sl 21951:21.8:Sl 21952:21.8:Sl 21953:21.7:Sl 21954:21.7:Sl 21955:22.0:Sl 21956:21.7:Sl 21957:0.0:Sl
1783555023 21765 324.8 2 21765:56.5:Sl 21816:89.9:Rl 21949:22.4:Rl 21950:22.2:Dl 21951:22.3:Rl 21952:22.3:Dl 21953:22.2:Dl 21954:22.3:Rl 21955:22.5:Rl 21956:22.2:Dl 21957:0.0:Sl
1783555024 21765 329.6 2 21765:55.0:Sl 21816:89.9:Rl 21949:23.1:Sl 21950:24.0:Sl 21951:23.0:Sl 21952:22.9:Sl 21953:22.9:Sl 21954:22.9:Sl 21955:23.1:Sl 21956:22.8:Sl 21957:0.0:Sl
1783555025 21765 333.9 2 21765:53.6:Sl 21816:89.9:Rl 21949:23.4:Sl 21950:26.7:Sl 21951:23.4:Sl 21952:23.4:Sl 21953:23.4:Sl 21954:23.3:Sl 21955:23.5:Sl 21956:23.3:Sl 21957:0.0:Sl
1783555026 21765 331.6 2 21765:52.2:Sl 21816:89.9:Rl 21949:23.2:Rl 21950:26.3:Dl 21951:23.4:Rl 21952:23.3:Rl 21953:23.3:Dl 21954:23.3:Dl 21955:23.4:Rl 21956:23.3:Dl 21957:0.0:Sl
1783555027 21765 331.5 2 21765:50.9:Sl 21816:89.9:Rl 21949:23.2:Rl 21950:26.1:Rl 21951:23.7:Dl 21952:23.5:Dl 21953:23.5:Rl 21954:23.5:Dl 21955:23.7:Dl 21956:23.5:Dl 21957:0.0:Sl
1783555029 21765 331.5 1 21765:49.7:Sl 21816:89.9:Dl 21949:23.3:Dl 21950:26.0:Dl 21951:23.8:Dl 21952:23.8:Dl 21953:23.7:Dl 21954:23.7:Dl 21955:23.9:Dl 21956:23.7:Dl 21957:0.0:Sl
1783555030 21765 332.1 1 21765:48.5:Sl 21816:89.9:Rl 21949:23.4:Rl 21950:25.9:Rl 21951:24.1:Dl 21952:24.1:Dl 21953:24.0:Dl 21954:24.0:Rl 21955:24.2:Rl 21956:24.0:Rl 21957:0.0:Sl
1783555031 21765 331.8 1 21765:47.4:Sl 21816:89.9:Rl 21949:23.4:Rl 21950:25.8:Rl 21951:24.3:Dl 21952:24.2:Dl 21953:24.2:Rl 21954:24.1:Rl 21955:24.3:Rl 21956:24.2:Rl 21957:0.0:Sl
1783555032 21765 332.2 1 21765:46.3:Sl 21816:89.9:Rl 21949:23.6:Dl 21950:25.8:Dl 21951:24.5:Rl 21952:24.4:Rl 21953:24.4:Rl 21954:24.4:Rl 21955:24.5:Dl 21956:24.4:Rl 21957:0.0:Sl
1783555033 21765 335.9 1 21765:45.3:Sl 21816:89.9:Rl 21949:24.1:Rl 21950:26.2:Dl 21951:25.1:Rl 21952:25.1:Rl 21953:25.0:Rl 21954:25.0:Dl 21955:25.2:Rl 21956:25.0:Dl 21957:0.0:Sl
1783555034 21765 337.2 1 21765:44.3:Sl 21816:89.8:Rl 21949:24.3:Rl 21950:26.3:Rl 21951:25.4:Dl 21952:25.4:Rl 21953:25.4:Rl 21954:25.4:Rl 21955:25.5:Rl 21956:25.4:Rl 21957:0.0:Sl
1783555036 21765 339.3 1 21765:43.4:Sl 21816:89.8:Rl 21949:24.6:Rl 21950:26.5:Rl 21951:25.9:Dl 21952:25.8:Dl 21953:25.8:Rl 21954:25.8:Dl 21955:25.9:Dl 21956:25.8:Rl 21957:0.0:Sl
1783555037 21765 338.1 1 21765:42.5:Sl 21816:89.8:Rl 21949:24.5:Sl 21950:26.4:Sl 21951:25.8:Sl 21952:25.8:Sl 21953:25.8:Sl 21954:25.8:Sl 21955:25.9:Sl 21956:25.8:Sl 21957:0.0:Sl
1783555038 21765 338.0 1 21765:41.6:Sl 21816:89.8:Rl 21949:24.6:Sl 21950:26.4:Sl 21951:26.0:Sl 21952:25.9:Sl 21953:25.9:Sl 21954:25.9:Sl 21955:26.0:Sl 21956:25.9:Sl 21957:0.0:Sl
1783555039 21765 337.8 1 21765:40.8:Sl 21816:89.8:Rl 21949:24.6:Dl 21950:26.3:Dl 21951:26.1:Dl 21952:26.0:Dl 21953:26.0:Dl 21954:26.0:Dl 21955:26.1:Dl 21956:26.1:Dl 21957:0.0:Sl
1783555040 21765 339.3 1 21765:40.0:Sl 21816:89.8:Rl 21949:25.3:Sl 21950:27.0:Sl 21951:26.2:Sl 21952:26.2:Sl 21953:26.1:Sl 21954:26.2:Sl 21955:26.3:Sl 21956:26.2:Sl 21957:0.0:Sl
1783555041 21765 342.4 1 21765:39.2:Sl 21816:89.9:Dl 21949:26.6:Rl 21950:28.1:Rl 21951:26.5:Dl 21952:26.4:Rl 21953:26.4:Dl 21954:26.4:Dl 21955:26.5:Dl 21956:26.4:Rl 21957:0.0:Sl
1783555043 21765 346.8 1 21765:38.5:Sl 21816:89.9:Rl 21949:28.0:Sl 21950:29.4:Sl 21951:26.9:Sl 21952:26.8:Sl 21953:26.8:Sl 21954:26.8:Sl 21955:26.9:Sl 21956:26.8:Sl 21957:0.0:Sl
1783555044 21765 349.5 1 21765:37.7:Sl 21816:89.9:Rl 21949:29.1:Rl 21950:30.5:Rl 21951:27.1:Dl 21952:27.0:Dl 21953:27.0:Rl 21954:27.0:Sl 21955:27.1:Rl 21956:27.1:Rl 21957:0.0:Sl
1783555045 21765 353.4 1 21765:37.1:Sl 21816:89.8:Rl 21949:30.3:Sl 21950:31.6:Sl 21951:27.4:Sl 21952:27.3:Sl 21953:27.9:Sl 21954:27.3:Sl 21955:27.4:Sl 21956:27.3:Sl 21957:0.0:Sl
1783555046 21765 355.6 1 21765:36.4:Sl 21816:89.8:Rl 21949:30.7:Dl 21950:32.1:Dl 21951:27.5:Rl 21952:27.5:Dl 21953:29.0:Rl 21954:27.5:Rl 21955:27.6:Dl 21956:27.5:Rl 21957:0.0:Sl
1783555047 21765 355.7 1 21765:35.8:Sl 21816:89.8:Rl 21949:30.6:Sl 21950:31.9:Sl 21951:27.5:Sl 21952:27.6:Sl 21953:29.7:Sl 21954:27.6:Sl 21955:27.6:Sl 21956:27.6:Sl 21957:0.0:Sl
1783555049 21765 357.8 1 21765:35.2:Sl 21816:89.8:Rl 21949:30.7:Rl 21950:31.9:Rl 21951:27.7:Rl 21952:27.9:Rl 21953:30.8:Rl 21954:27.9:Rl 21955:28.0:Rl 21956:27.9:Rl 21957:0.0:Sl
1783555050 21765 359.3 1 21765:34.6:Sl 21816:89.8:Rl 21949:30.7:Dl 21950:31.9:Dl 21951:27.8:Rl 21952:28.1:Rl 21953:31.9:Rl 21954:28.1:Rl 21955:28.2:Rl 21956:28.2:Dl 21957:0.0:Sl
1783555051 21765 359.5 1 21765:34.0:Sl 21816:89.9:Rl 21949:30.6:Rl 21950:31.8:Dl 21951:27.8:Dl 21952:28.2:Rl 21953:32.5:Rl 21954:28.2:Rl 21955:28.3:Dl 21956:28.2:Rl 21957:0.0:Sl
1783555052 21765 359.2 1 21765:33.4:Sl 21816:89.9:Rl 21949:30.5:Sl 21950:31.6:Sl 21951:27.7:Sl 21952:28.2:Sl 21953:33.2:Sl 21954:28.2:Sl 21955:28.3:Sl 21956:28.2:Sl 21957:0.0:Sl
1783555053 21765 359.4 1 21765:32.9:Sl 21816:89.9:Rl 21949:30.4:Rl 21950:31.5:Rl 21951:27.7:Dl 21952:28.3:Rl 21953:33.8:Rl 21954:28.3:Dl 21955:28.3:Rl 21956:28.3:Dl 21957:0.0:Sl
1783555054 21765 122.7 1 21765:32.8:Rl 21816:89.9:Rl 21957:0.0:Sl
1783555056 21765 122.8 1 21765:32.9:Rl 21816:89.9:Rl
1783555057 21765 124.0 1 21765:34.0:Rl 21816:90.0:Rl
1783555058 21765 124.9 1 21765:34.9:Rl 21816:90.0:Rl
1783555059 21765 125.9 1 21765:35.9:Rl 21816:90.0:Rl
1783555060 21765 126.8 1 21765:36.8:Rl 21816:90.0:Rl
1783555061 21765 127.8 1 21765:37.8:Rl 21816:90.0:Rl
1783555063 21765 128.7 1 21765:38.7:Rl 21816:90.0:Rl
1783555064 21765 129.5 1 21765:39.5:Rl 21816:90.0:Rl
1783555065 21765 130.4 1 21765:40.4:Rl 21816:90.0:Rl
1783555066 21765 131.2 1 21765:41.2:Rl 21816:90.0:Rl
1783555067 21765 132.0 1 21765:42.0:Rl 21816:90.0:Rl
1783555069 21765 132.7 1 21765:42.7:Rl 21816:90.0:Rl
1783555070 21765 133.5 1 21765:43.5:Rl 21816:90.0:Rl
1783555071 21765 134.3 1 21765:44.2:Rl 21816:90.1:Rl
1783555072 21765 723.0 9 21765:44.7:Sl 21816:90.0:Rl 22333:77.7:Sl 22334:66.6:Sl 22335:77.7:Sl 22336:66.6:Sl 22337:66.6:Sl 22338:77.7:Sl 22339:77.7:Sl 22340:77.7:Sl 22341:0.0:Sl
1783555073 21765 533.2 6 21765:44.2:Sl 21816:90.0:Rl 22333:49.2:Sl 22334:48.4:Sl 22335:50.0:Sl 22336:49.2:Sl 22337:50.7:Sl 22338:50.0:Sl 22339:50.0:Sl 22340:51.5:Sl 22341:0.0:Sl
1783555074 21765 528.6 3 21765:43.6:Sl 21816:90.0:Rl 22333:49.1:Sl 22334:48.7:Sl 22335:49.1:Sl 22336:48.7:Sl 22337:50.0:Sl 22338:49.5:Sl 22339:49.5:Sl 22340:50.4:Sl 22341:0.0:Sl
1783555076 21765 540.9 9 21765:43.1:Sl 21816:90.0:Rl 22333:51.2:Rl 22334:50.6:Rl 22335:50.6:Rl 22336:50.9:Rl 22337:51.2:Rl 22338:50.6:Rl 22339:51.5:Rl 22340:51.2:Rl 22341:0.0:Sl
1783555077 21765 528.8 2 21765:42.6:Sl 21816:89.9:Rl 22333:49.7:Sl 22334:49.3:Sl 22335:49.3:Sl 22336:49.3:Sl 22337:49.7:Sl 22338:49.5:Sl 22339:50.0:Sl 22340:49.5:Sl 22341:0.0:Sl
1783555078 21765 532.7 8 21765:42.1:Sl 21816:89.9:Rl 22333:50.3:Rl 22334:50.0:Rl 22335:49.6:Rl 22336:50.0:Rl 22337:50.1:Rl 22338:50.1:Rl 22339:50.5:Rl 22340:50.1:Rl 22341:0.0:Sl
1783555079 21765 536.3 9 21765:41.6:Sl 21816:89.9:Rl 22333:50.7:Sl 22334:50.3:Sl 22335:50.2:Sl 22336:50.6:Sl 22337:50.9:Sl 22338:50.6:Sl 22339:50.9:Sl 22340:50.6:Sl 22341:0.0:Sl
1783555080 21765 534.6 9 21765:41.1:Sl 21816:89.9:Rl 22333:50.6:Rl 22334:50.1:Rl 22335:50.2:Rl 22336:50.3:Rl 22337:50.6:Rl 22338:50.6:Rl 22339:50.8:Rl 22340:50.4:Rl 22341:0.0:Sl
1783555081 21765 538.5 9 21765:40.6:Sl 21816:89.8:Rl 22333:51.0:Sl 22334:50.6:Sl 22335:50.9:Sl 22336:51.0:Sl 22337:51.1:Sl 22338:51.1:Sl 22339:51.4:Sl 22340:51.0:Sl 22341:0.0:Sl
1783555083 21765 542.5 9 21765:40.1:Sl 21816:89.8:Rl 22333:51.5:Rl 22334:51.1:Rl 22335:51.5:Rl 22336:51.5:Rl 22337:51.6:Rl 22338:51.9:Rl 22339:51.9:Rl 22340:51.6:Rl 22341:0.0:Sl
1783555084 21765 537.0 9 21765:39.7:Sl 21816:89.8:Rl 22333:51.4:Rl 22334:51.0:Rl 22335:50.2:Dl 22336:50.6:Dl 22337:51.6:Rl 22338:51.0:Dl 22339:51.0:Dl 22340:50.7:Dl 22341:0.0:Sl
1783555085 21765 529.9 4 21765:39.2:Sl 21816:89.8:Rl 22333:51.9:Rl 22334:51.7:Rl 22335:48.5:Rl 22336:49.0:Rl 22337:52.1:Rl 22338:49.3:Dl 22339:49.3:Sl 22340:49.1:Rl 22341:0.0:Sl
1783555086 21765 516.4 4 21765:38.8:Sl 21816:89.8:Rl 22333:51.1:Sl 22334:50.9:Sl 22335:46.5:Sl 22336:46.9:Sl 22337:51.2:Sl 22338:47.1:Sl 22339:47.2:Sl 22340:46.9:Sl 22341:0.0:Sl
1783555087 21765 511.1 4 21765:38.4:Sl 21816:89.9:Rl 22333:51.4:Sl 22334:51.2:Sl 22335:45.4:Sl 22336:45.6:Sl 22337:51.5:Sl 22338:46.0:Sl 22339:45.9:Sl 22340:45.8:Sl 22341:0.0:Sl
1783555089 21765 510.8 4 21765:38.0:Sl 21816:89.9:Rl 22333:52.4:Rl 22334:52.2:Rl 22335:44.8:Dl 22336:45.1:Rl 22337:52.4:Rl 22338:45.4:Dl 22339:45.4:Rl 22340:45.2:Dl 22341:0.0:Sl
1783555090 21765 509.0 4 21765:37.6:Sl 21816:89.9:Rl 22333:52.7:Sl 22334:52.7:Rl 22335:44.1:Rl 22336:44.4:Rl 22337:53.1:Rl 22338:45.4:Rl 22339:44.6:Dl 22340:44.5:Rl 22341:0.0:Sl
1783555091 21765 502.1 4 21765:37.1:Sl 21816:89.9:Rl 22333:51.0:Dl 22334:51.0:Rl 22335:42.9:Rl 22336:44.3:Rl 22337:52.9:Rl 22338:45.8:Rl 22339:43.7:Rl 22340:43.5:Rl 22341:0.0:Sl
1783555092 21765 498.9 2 21765:36.8:Sl 21816:89.9:Rl 22333:49.8:Rl 22334:49.8:Dl 22335:42.2:Dl 22336:45.0:Rl 22337:53.1:Rl 22338:46.4:Rl 22339:43.1:Rl 22340:42.8:Rl 22341:0.0:Sl
1783555093 21765 496.9 2 21765:36.4:Sl 21816:89.9:Rl 22333:48.6:Rl 22334:48.6:Rl 22335:41.5:Rl 22336:45.6:Rl 22337:53.2:Rl 22338:47.0:Rl 22339:43.8:Rl 22340:42.3:Rl 22341:0.0:Sl
1783555094 21765 495.4 2 21765:36.0:Sl 21816:89.9:Dl 22333:47.6:Rl 22334:47.7:Sl 22335:40.9:Dl 22336:46.2:Sl 22337:53.4:Rl 22338:47.5:Rl 22339:44.4:Sl 22340:41.8:Sl 22341:0.0:Sl
1783555096 21765 497.2 2 21765:35.6:Sl 21816:89.9:Rl 22333:47.0:Sl 22334:47.0:Sl 22335:40.7:Sl 22336:47.2:Sl 22337:54.1:Sl 22338:48.4:Sl 22339:45.6:Sl 22340:41.7:Sl 22341:0.0:Sl
1783555097 21765 495.3 2 21765:35.3:Sl 21816:89.9:Rl 22333:46.2:Sl 22334:46.2:Sl 22335:40.1:Sl 22336:47.6:Sl 22337:54.1:Sl 22338:48.7:Sl 22339:46.0:Sl 22340:41.2:Sl 22341:0.0:Sl
1783555098 21765 495.0 2 21765:34.9:Sl 21816:89.9:Rl 22333:45.5:Rl 22334:45.6:Rl 22335:39.8:Rl 22336:48.1:Rl 22337:54.4:Rl 22338:49.2:Rl 22339:46.7:Rl 22340:40.9:Rl 22341:0.0:Sl
1783555099 21765 495.2 2 21765:34.6:Sl 21816:89.9:Rl 22333:45.0:Sl 22334:45.0:Sl 22335:39.5:Sl 22336:48.7:Sl 22337:54.7:Sl 22338:49.8:Sl 22339:47.3:Sl 22340:40.7:Sl 22341:0.0:Sl
1783555100 21765 492.9 2 21765:34.2:Sl 21816:89.9:Rl 22333:44.3:Rl 22334:44.3:Dl 22335:39.0:Dl 22336:48.9:Rl 22337:54.6:Rl 22338:49.9:Rl 22339:47.5:Rl 22340:40.3:Rl 22341:0.0:Sl
1783555101 21765 491.3 3 21765:33.9:Sl 21816:89.9:Rl 22333:43.7:Rl 22334:43.7:Dl 22335:38.6:Dl 22336:49.1:Rl 22337:54.6:Rl 22338:50.2:Rl 22339:47.7:Rl 22340:39.9:Rl 22341:0.0:Sl
1783555103 21765 491.6 3 21765:33.6:Sl 21816:89.9:Rl 22333:43.4:Sl 22334:43.5:Sl 22335:38.5:Sl 22336:49.7:Sl 22337:53.9:Sl 22338:50.7:Sl 22339:48.4:Sl 22340:40.0:Sl 22341:0.0:Sl
1783555104 21765 488.8 3 21765:33.3:Sl 21816:89.9:Dl 22333:42.8:Rl 22334:42.9:Sl 22335:38.2:Rl 22336:49.9:Rl 22337:53.0:Rl 22338:50.6:Rl 22339:48.6:Rl 22340:39.6:Rl 22341:0.0:Sl
1783555105 21765 484.8 2 21765:33.0:Sl 21816:90.0:Rl 22333:42.2:Sl 22334:42.3:Sl 22335:37.7:Sl 22336:49.9:Sl 22337:52.0:Sl 22338:49.8:Sl 22339:48.6:Sl 22340:39.3:Sl 22341:0.0:Sl
1783555106 21765 481.2 2 21765:32.6:Sl 21816:90.0:Rl 22333:41.7:Dl 22334:41.8:Rl 22335:37.4:Rl 22336:49.9:Rl 22337:51.2:Dl 22338:49.1:Dl 22339:48.6:Sl 22340:38.9:Sl 22341:0.0:Sl
1783555107 21765 477.5 2 21765:32.3:Sl 21816:90.0:Rl 22333:41.2:Sl 22334:41.3:Sl 22335:37.0:Sl 22336:49.8:Sl 22337:50.3:Sl 22338:48.4:Sl 22339:48.6:Sl 22340:38.6:Sl 22341:0.0:Sl
1783555109 21765 475.2 1 21765:32.0:Sl 21816:90.0:Rl 22333:40.8:Dl 22334:41.0:Dl 22335:36.8:Rl 22336:49.9:Rl 22337:49.7:Dl 22338:47.9:Rl 22339:48.7:Rl 22340:38.4:Dl 22341:0.0:Sl
1783555110 21765 471.6 1 21765:31.7:Sl 21816:90.0:Rl 22333:40.4:Sl 22334:40.5:Sl 22335:36.4:Sl 22336:49.7:Sl 22337:48.9:Sl 22338:47.3:Sl 22339:48.6:Sl 22340:38.1:Sl 22341:0.0:Sl
1783555111 21765 467.8 1 21765:31.5:Sl 21816:90.0:Rl 22333:39.8:Rl 22334:40.0:Rl 22335:36.1:Dl 22336:49.5:Rl 22337:48.2:Dl 22338:46.6:Dl 22339:48.4:Rl 22340:37.7:Dl 22341:0.0:Sl
1783555112 21765 464.9 1 21765:31.2:Sl 21816:90.0:Rl 22333:39.5:Sl 22334:39.6:Sl 22335:35.8:Sl 22336:49.4:Sl 22337:47.5:Sl 22338:46.1:Sl 22339:48.4:Sl 22340:37.4:Sl 22341:0.0:Sl
1783555113 21765 462.1 1 21765:30.9:Sl 21816:90.0:Rl 22333:39.1:Sl 22334:39.2:Sl 22335:35.5:Sl 22336:49.3:Sl 22337:46.9:Sl 22338:45.6:Sl 22339:48.4:Sl 22340:37.2:Sl 22341:0.0:Sl
1783555114 21765 459.2 1 21765:30.6:Sl 21816:90.0:Rl 22333:38.7:Rl 22334:38.8:Dl 22335:35.3:Dl 22336:49.2:Rl 22337:46.3:Sl 22338:45.1:Rl 22339:48.3:Rl 22340:36.9:Rl 22341:0.0:Sl
1783555116 21765 457.7 1 21765:30.4:Sl 21816:90.1:Rl 22333:38.5:Rl 22334:38.6:Rl 22335:35.1:Dl 22336:49.2:Rl 22337:45.9:Rl 22338:44.8:Dl 22339:48.3:Rl 22340:36.8:Rl 22341:0.0:Sl
1783555117 21765 455.6 1 21765:30.1:Sl 21816:90.0:Rl 22333:38.2:Dl 22334:38.3:Dl 22335:34.9:Rl 22336:49.3:Rl 22337:45.4:Dl 22338:44.4:Rl 22339:48.4:Rl 22340:36.6:Rl 22341:0.0:Sl
1783555118 21765 453.2 1 21765:29.8:Sl 21816:90.1:Rl 22333:37.9:Dl 22334:38.0:Rl 22335:34.6:Rl 22336:49.2:Rl 22337:44.9:Rl 22338:44.0:Rl 22339:48.3:Rl 22340:36.4:Rl 22341:0.0:Sl
1783555119 21765 450.9 1 21765:29.6:Sl 21816:90.1:Rl 22333:37.6:Sl 22334:37.7:Sl 22335:34.4:Sl 22336:49.0:Sl 22337:44.4:Sl 22338:43.6:Sl 22339:48.3:Sl 22340:36.2:Sl 22341:0.0:Sl
1783555120 21765 448.4 1 21765:29.3:Sl 21816:90.1:Rl 22333:37.3:Sl 22334:37.4:Sl 22335:34.2:Sl 22336:48.8:Sl 22337:44.0:Sl 22338:43.2:Sl 22339:48.2:Sl 22340:35.9:Sl 22341:0.0:Sl
1783555122 21765 446.5 1 21765:29.1:Sl 21816:90.1:Rl 22333:37.0:Rl 22334:37.1:Rl 22335:34.0:Rl 22336:48.8:Rl 22337:43.5:Dl 22338:42.9:Rl 22339:48.2:Rl 22340:35.8:Dl 22341:0.0:Sl
1783555123 21765 444.7 1 21765:28.9:Sl 21816:90.1:Rl 22333:36.8:Dl 22334:36.9:Rl 22335:33.8:Rl 22336:48.8:Rl 22337:43.2:Rl 22338:42.5:Dl 22339:48.1:Rl 22340:35.6:Dl 22341:0.0:Sl
1783555124 21765 444.4 1 21765:28.6:Sl 21816:90.1:Dl 22333:36.7:Dl 22334:36.8:Dl 22335:33.8:Dl 22336:49.1:Dl 22337:43.0:Dl 22338:42.4:Dl 22339:48.3:Rl 22340:35.6:Dl 22341:0.0:Sl
1783555125 21765 443.2 1 21765:28.4:Sl 21816:90.1:Rl 22333:36.5:Dl 22334:36.7:Dl 22335:33.7:Rl 22336:49.1:Rl 22337:42.7:Dl 22338:42.1:Dl 22339:48.3:Rl 22340:35.6:Rl 22341:0.0:Sl
1783555126 21765 441.4 1 21765:28.2:Sl 21816:90.1:Rl 22333:36.3:Dl 22334:36.4:Dl 22335:33.5:Rl 22336:49.1:Rl 22337:42.3:Rl 22338:41.8:Rl 22339:48.3:Rl 22340:35.4:Rl 22341:0.0:Sl
1783555127 21765 439.5 1 21765:27.9:Sl 21816:90.1:Rl 22333:36.1:Rl 22334:36.2:Rl 22335:33.4:Rl 22336:49.0:Rl 22337:41.9:Dl 22338:41.5:Dl 22339:48.2:Rl 22340:35.2:Rl 22341:0.0:Sl
1783555128 21765 437.7 1 21765:27.7:Sl 21816:90.1:Rl 22333:35.8:Rl 22334:36.0:Rl 22335:33.2:Dl 22336:48.9:Rl 22337:41.6:Rl 22338:41.2:Rl 22339:48.1:Rl 22340:35.1:Dl 22341:0.0:Sl
1783555130 21765 436.1 1 21765:27.5:Sl 21816:90.1:Rl 22333:35.7:Dl 22334:35.8:Rl 22335:33.0:Rl 22336:48.8:Rl 22337:41.3:Rl 22338:41.0:Rl 22339:48.0:Rl 22340:34.9:Rl 22341:0.0:Sl
1783555131 21765 435.7 1 21765:27.3:Sl 21816:90.1:Rl 22333:35.6:Rl 22334:35.7:Sl 22335:33.0:Rl 22336:49.0:Rl 22337:41.1:Dl 22338:40.8:Rl 22339:48.2:Rl 22340:34.9:Dl 22341:0.0:Sl
1783555132 21765 435.0 1 21765:27.1:Sl 21816:90.1:Rl 22333:35.5:Sl 22334:35.6:Sl 22335:33.0:Sl 22336:49.1:Sl 22337:40.8:Sl 22338:40.7:Sl 22339:48.3:Sl 22340:34.8:Sl 22341:0.0:Sl
1783555133 21765 433.1 1 21765:26.9:Sl 21816:90.1:Rl 22333:35.2:Rl 22334:35.3:Rl 22335:32.8:Rl 22336:49.0:Rl 22337:40.5:Rl 22338:40.4:Rl 22339:48.3:Rl 22340:34.6:Rl 22341:0.0:Sl
1783555134 21765 431.8 1 21765:26.7:Sl 21816:90.2:Rl 22333:35.1:Sl 22334:35.1:Rl 22335:32.6:Rl 22336:49.0:Rl 22337:40.2:Rl 22338:40.1:Rl 22339:48.3:Rl 22340:34.5:Rl 22341:0.0:Sl
1783555135 21765 430.9 1 21765:26.5:Sl 21816:90.2:Rl 22333:34.9:Sl 22334:35.0:Sl 22335:32.6:Sl 22336:49.0:Sl 22337:40.0:Sl 22338:39.9:Sl 22339:48.4:Sl 22340:34.4:Sl 22341:0.0:Sl
1783555137 21765 429.7 1 21765:26.3:Sl 21816:90.2:Rl 22333:34.8:Sl 22334:34.9:Sl 22335:32.4:Sl 22336:49.1:Rl 22337:39.7:Rl 22338:39.7:Sl 22339:48.3:Rl 22340:34.3:Rl 22341:0.0:Sl
1783555138 21765 429.1 1 21765:26.1:Sl 21816:90.2:Rl 22333:34.7:Rl 22334:34.8:Dl 22335:32.4:Dl 22336:49.3:Rl 22337:39.6:Rl 22338:39.7:Rl 22339:48.0:Rl 22340:34.3:Dl 22341:0.0:Sl
1783555139 21765 427.5 1 21765:25.9:Sl 21816:90.2:Rl 22333:34.5:Sl 22334:34.6:Sl 22335:32.3:Sl 22336:49.3:Sl 22337:39.3:Sl 22338:39.5:Sl 22339:47.7:Sl 22340:34.2:Sl 22341:0.0:Sl
1783555140 21765 425.9 1 21765:25.7:Sl 21816:90.2:Dl 22333:34.4:Dl 22334:34.5:Dl 22335:32.2:Dl 22336:49.3:Rl 22337:39.1:Dl 22338:39.2:Dl 22339:47.2:Dl 22340:34.1:Dl 22341:0.0:Sl
1783555141 21765 424.3 1 21765:25.5:Sl 21816:90.2:Rl 22333:34.2:Sl 22334:34.3:Sl 22335:32.1:Sl 22336:49.3:Sl 22337:38.8:Sl 22338:39.0:Sl 22339:46.9:Sl 22340:34.0:Sl 22341:0.0:Sl
1783555142 21765 422.7 1 21765:25.3:Sl 21816:90.2:Rl 22333:34.0:Sl 22334:34.1:Sl 22335:31.9:Sl 22336:49.3:Sl 22337:38.6:Sl 22338:38.9:Sl 22339:46.5:Sl 22340:33.9:Sl 22341:0.0:Sl
1783555144 21765 421.7 1 21765:25.2:Sl 21816:90.2:Rl 22333:33.9:Sl 22334:34.0:Sl 22335:31.8:Sl 22336:49.4:Sl 22337:38.4:Sl 22338:38.7:Sl 22339:46.2:Sl 22340:33.9:Sl 22341:0.0:Sl
1783555145 21765 420.7 1 21765:25.0:Sl 21816:90.2:Rl 22333:33.8:Dl 22334:33.9:Dl 22335:31.8:Dl 22336:49.4:Rl 22337:38.3:Dl 22338:38.6:Dl 22339:45.9:Rl 22340:33.8:Rl 22341:0.0:Sl
1783555146 21765 420.0 1 21765:24.8:Sl 21816:90.2:Dl 22333:33.8:Dl 22334:33.9:Dl 22335:31.7:Dl 22336:49.6:Rl 22337:38.1:Dl 22338:38.5:Dl 22339:45.6:Rl 22340:33.8:Rl 22341:0.0:Sl
1783555147 21765 418.4 1 21765:24.6:Sl 21816:90.2:Rl 22333:33.6:Sl 22334:33.7:Sl 22335:31.6:Sl 22336:49.6:Sl 22337:37.9:Sl 22338:38.3:Sl 22339:45.3:Sl 22340:33.6:Sl 22341:0.0:Sl
1783555148 21765 417.3 1 21765:24.5:Sl 21816:90.2:Rl 22333:33.5:Dl 22334:33.6:Dl 22335:31.5:Dl 22336:49.6:Rl 22337:37.7:Rl 22338:38.1:Rl 22339:45.0:Sl 22340:33.6:Rl 22341:0.0:Sl
1783555149 21765 416.1 1 21765:24.3:Sl 21816:90.2:Rl 22333:33.4:Rl 22334:33.4:Rl 22335:31.4:Rl 22336:49.7:Rl 22337:37.5:Rl 22338:38.0:Dl 22339:44.7:Dl 22340:33.5:Dl 22341:0.0:Sl
1783555151 21765 414.7 1 21765:24.1:Sl 21816:90.3:Rl 22333:33.2:Dl 22334:33.3:Rl 22335:31.3:Rl 22336:49.6:Rl 22337:37.3:Rl 22338:37.8:Dl 22339:44.4:Rl 22340:33.4:Rl 22341:0.0:Sl
1783555152 21765 413.7 1 21765:24.0:Sl 21816:90.3:Rl 22333:33.2:Sl 22334:33.2:Sl 22335:31.3:Sl 22336:49.2:Sl 22337:37.2:Sl 22338:37.7:Sl 22339:44.2:Sl 22340:33.4:Sl 22341:0.0:Sl
1783555153 21765 412.1 1 21765:23.8:Sl 21816:90.3:Rl 22333:33.0:Sl 22334:33.1:Sl 22335:31.2:Sl 22336:48.9:Sl 22337:37.0:Sl 22338:37.6:Sl 22339:43.9:Sl 22340:33.3:Sl 22341:0.0:Sl
1783555154 21765 410.8 1 21765:23.6:Sl 21816:90.3:Rl 22333:32.9:Sl 22334:33.0:Sl 22335:31.1:Sl 22336:48.6:Sl 22337:36.9:Sl 22338:37.5:Sl 22339:43.6:Sl 22340:33.3:Sl 22341:0.0:Sl
1783555155 21765 409.9 1 21765:23.5:Sl 21816:90.3:Rl 22333:32.9:Dl 22334:33.0:Dl 22335:31.1:Rl 22336:48.3:Sl 22337:36.7:Rl 22338:37.4:Rl 22339:43.4:Rl 22340:33.3:Dl 22341:0.0:Sl
1783555156 21765 408.5 1 21765:23.3:Sl 21816:90.3:Rl 22333:32.8:Dl 22334:32.8:Dl 22335:31.0:Dl 22336:48.0:Rl 22337:36.6:Rl 22338:37.3:Rl 22339:43.2:Dl 22340:33.2:Rl 22341:0.0:Sl
1783555158 21765 407.0 1 21765:23.2:Sl 21816:90.3:Rl 22333:32.7:Rl 22334:32.7:Rl 22335:30.9:Dl 22336:47.6:Dl 22337:36.4:Rl 22338:37.2:Dl 22339:42.9:Dl 22340:33.1:Dl 22341:0.0:Sl
1783555159 21765 405.5 1 21765:23.0:Sl 21816:90.3:Rl 22333:32.6:Rl 22334:32.6:Dl 22335:30.8:Dl 22336:47.3:Rl 22337:36.2:Rl 22338:37.0:Rl 22339:42.6:Rl 22340:33.1:Rl 22341:0.0:Sl
1783555160 21765 404.3 1 21765:22.9:Sl 21816:90.3:Rl 22333:32.5:Rl 22334:32.5:Rl 22335:30.7:Rl 22336:47.0:Sl 22337:36.1:Rl 22338:36.9:Rl 22339:42.4:Sl 22340:33.0:Sl 22341:0.0:Sl
1783555161 21765 403.1 1 21765:22.7:Sl 21816:90.3:Rl 22333:32.4:Rl 22334:32.4:Rl 22335:30.7:Dl 22336:46.7:Rl 22337:35.9:Rl 22338:36.8:Rl 22339:42.2:Dl 22340:33.0:Rl 22341:0.0:Sl
1783555162 21765 402.0 1 21765:22.6:Sl 21816:90.3:Rl 22333:32.3:Rl 22334:32.3:Dl 22335:30.6:Dl 22336:46.5:Rl 22337:35.8:Rl 22338:36.7:Rl 22339:42.0:Sl 22340:32.9:Dl 22341:0.0:Sl
1783555164 21765 401.0 1 21765:22.4:Sl 21816:90.3:Rl 22333:32.2:Rl 22334:32.3:Sl 22335:30.6:Rl 22336:46.2:Rl 22337:35.7:Rl 22338:36.6:Rl 22339:41.8:Dl 22340:32.9:Rl 22341:0.0:Sl
1783555165 21765 399.6 1 21765:22.3:Sl 21816:90.4:Rl 22333:32.1:Rl 22334:32.1:Dl 22335:30.5:Dl 22336:45.9:Rl 22337:35.5:Sl 22338:36.5:Rl 22339:41.5:Rl 22340:32.8:Rl 22341:0.0:Sl
1783555166 21765 399.1 1 21765:22.1:Sl 21816:90.3:Rl 22333:32.1:Rl 22334:32.1:Rl 22335:30.5:Dl 22336:45.8:Dl 22337:35.5:Rl 22338:36.5:Dl 22339:41.4:Rl 22340:32.8:Rl 22341:0.0:Sl
1783555167 21765 397.9 1 21765:22.0:Sl 21816:90.3:Rl 22333:32.0:Sl 22334:32.0:Sl 22335:30.4:Sl 22336:45.5:Sl 22337:35.3:Sl 22338:36.4:Sl 22339:41.2:Sl 22340:32.8:Sl 22341:0.0:Sl
1783555168 21765 396.7 1 21765:21.9:Sl 21816:90.3:Rl 22333:31.9:Dl 22334:31.9:Dl 22335:30.3:Dl 22336:45.2:Dl 22337:35.2:Rl 22338:36.3:Dl 22339:41.0:Rl 22340:32.7:Rl 22341:0.0:Sl
1783555170 21765 395.5 1 21765:21.7:Sl 21816:90.3:Rl 22333:31.8:Rl 22334:31.8:Rl 22335:30.2:Dl 22336:45.0:Dl 22337:35.1:Dl 22338:36.2:Rl 22339:40.8:Rl 22340:32.6:Dl 22341:0.0:Sl
1783555171 21765 394.4 1 21765:21.6:Sl 21816:90.3:Rl 22333:31.7:Rl 22334:31.7:Rl 22335:30.2:Rl 22336:44.7:Dl 22337:34.9:Dl 22338:36.1:Rl 22339:40.6:Rl 22340:32.6:Dl 22341:0.0:Sl
1783555172 21765 393.4 1 21765:21.5:Sl 21816:90.3:Rl 22333:31.6:Sl 22334:31.7:Sl 22335:30.1:Sl 22336:44.5:Sl 22337:34.8:Sl 22338:36.0:Sl 22339:40.4:Sl 22340:32.5:Sl 22341:0.0:Sl
1783555173 21765 392.6 1 21765:21.3:Sl 21816:90.3:Rl 22333:31.6:Rl 22334:31.6:Rl 22335:30.1:Rl 22336:44.3:Dl 22337:34.7:Dl 22338:35.9:Rl 22339:40.3:Sl 22340:32.5:Rl 22341:0.0:Sl
1783555174 21765 391.6 1 21765:21.2:Sl 21816:90.4:Rl 22333:31.5:Dl 22334:31.5:Dl 22335:30.0:Rl 22336:44.0:Rl 22337:34.6:Rl 22338:35.8:Rl 22339:40.1:Dl 22340:32.5:Rl 22341:0.0:Sl
1783555175 21765 390.9 1 21765:21.1:Sl 21816:90.4:Rl 22333:31.4:Sl 22334:31.5:Sl 22335:30.0:Sl 22336:43.9:Sl 22337:34.5:Sl 22338:35.8:Sl 22339:39.9:Sl 22340:32.4:Sl 22341:0.0:Sl
1783555177 21765 390.4 1 21765:20.9:Sl 21816:90.3:Rl 22333:31.4:Sl 22334:31.5:Sl 22335:30.0:Sl 22336:43.7:Sl 22337:34.5:Sl 22338:35.8:Sl 22339:39.8:Sl 22340:32.5:Sl 22341:0.0:Sl
1783555178 21765 389.3 1 21765:20.8:Sl 21816:90.3:Rl 22333:31.3:Sl 22334:31.4:Sl 22335:29.9:Sl 22336:43.5:Sl 22337:34.4:Sl 22338:35.7:Sl 22339:39.6:Sl 22340:32.4:Sl 22341:0.0:Sl
1783555179 21765 388.2 1 21765:20.7:Sl 21816:90.3:Rl 22333:31.2:Dl 22334:31.3:Dl 22335:29.9:Rl 22336:43.3:Rl 22337:34.2:Rl 22338:35.6:Dl 22339:39.4:Dl 22340:32.3:Rl 22341:0.0:Sl
1783555180 21765 387.4 1 21765:20.6:Sl 21816:90.4:Dl 22333:31.2:Dl 22334:31.2:Dl 22335:29.8:Dl 22336:43.0:Dl 22337:34.1:Dl 22338:35.5:Dl 22339:39.3:Dl 22340:32.3:Dl 22341:0.0:Sl
1783555181 21765 386.1 1 21765:20.4:Sl 21816:90.3:Rl 22333:31.1:Sl 22334:31.1:Sl 22335:29.7:Sl 22336:42.8:Sl 22337:34.0:Sl 22338:35.4:Sl 22339:39.1:Sl 22340:32.2:Sl 22341:0.0:Sl
1783555183 21765 385.5 1 21765:20.3:Sl 21816:90.3:Rl 22333:31.0:Sl 22334:31.1:Sl 22335:29.7:Sl 22336:42.7:Sl 22337:33.9:Sl 22338:35.3:Sl 22339:39.0:Sl 22340:32.2:Sl 22341:0.0:Sl
1783555184 21765 385.0 1 21765:20.2:Sl 21816:90.4:Rl 22333:31.0:Rl 22334:31.0:Rl 22335:29.7:Dl 22336:42.5:Dl 22337:33.9:Rl 22338:35.3:Rl 22339:38.8:Sl 22340:32.2:Dl 22341:0.0:Sl
1783555185 21765 384.2 1 21765:20.1:Sl 21816:90.4:Rl 22333:30.9:Rl 22334:31.0:Dl 22335:29.6:Dl 22336:42.3:Rl 22337:33.8:Sl 22338:35.2:Rl 22339:38.7:Rl 22340:32.2:Rl 22341:0.0:Sl
1783555186 21765 383.8 1 21765:20.0:Sl 21816:90.4:Rl 22333:30.9:Sl 22334:31.0:Rl 22335:29.6:Rl 22336:42.2:Rl 22337:33.7:Rl 22338:35.2:Rl 22339:38.6:Dl 22340:32.2:Rl 22341:0.0:Sl
1783555187 21765 383.4 1 21765:19.9:Sl 21816:90.3:Rl 22333:30.9:Sl 22334:31.0:Sl 22335:29.6:Sl 22336:42.1:Sl 22337:33.7:Sl 22338:35.2:Sl 22339:38.5:Sl 22340:32.2:Sl 22341:0.0:Sl
1783555188 21765 382.4 1 21765:19.7:Sl 21816:90.3:Dl 22333:30.8:Dl 22334:30.9:Dl 22335:29.6:Dl 22336:41.9:Dl 22337:33.6:Dl 22338:35.1:Dl 22339:38.4:Dl 22340:32.1:Dl 22341:0.0:Sl
1783555190 21765 381.7 1 21765:19.6:Sl 21816:90.4:Rl 22333:30.8:Rl 22334:30.8:Rl 22335:29.5:Rl 22336:41.7:Dl 22337:33.5:Rl 22338:35.1:Rl 22339:38.2:Rl 22340:32.1:Dl 22341:0.0:Sl
1783555191 21765 381.0 1 21765:19.5:Sl 21816:90.4:Rl 22333:30.7:Rl 22334:30.8:Rl 22335:29.5:Rl 22336:41.5:Rl 22337:33.4:Rl 22338:35.0:Rl 22339:38.1:Rl 22340:32.1:Rl 22341:0.0:Sl
1783555192 21765 380.3 1 21765:19.4:Sl 21816:90.3:Rl 22333:30.7:Sl 22334:30.7:Sl 22335:29.4:Sl 22336:41.4:Sl 22337:33.3:Sl 22338:35.0:Sl 22339:38.0:Sl 22340:32.1:Sl 22341:0.0:Sl
1783555193 21765 379.9 1 21765:19.3:Sl 21816:90.4:Rl 22333:30.6:Sl 22334:30.7:Sl 22335:29.4:Sl 22336:41.2:Sl 22337:33.3:Sl 22338:35.0:Sl 22339:37.9:Sl 22340:32.1:Sl 22341:0.0:Sl
1783555194 21765 379.3 1 21765:19.2:Sl 21816:90.4:Rl 22333:30.6:Sl 22334:30.6:Sl 22335:29.4:Rl 22336:41.1:Rl 22337:33.2:Rl 22338:34.9:Rl 22339:37.8:Rl 22340:32.1:Rl 22341:0.0:Sl
1783555196 21765 379.1 1 21765:19.1:Sl 21816:90.3:Rl 22333:30.6:Dl 22334:30.6:Dl 22335:29.4:Rl 22336:41.0:Rl 22337:33.2:Rl 22338:35.0:Rl 22339:37.7:Rl 22340:32.2:Rl 22341:0.0:Sl
1783555197 21765 378.8 1 21765:19.0:Sl 21816:90.3:Rl 22333:30.6:Rl 22334:30.6:Sl 22335:29.4:Rl 22336:40.9:Rl 22337:33.2:Sl 22338:35.0:Rl 22339:37.6:Rl 22340:32.2:Rl 22341:0.0:Sl
1783555198 21765 378.3 1 21765:18.9:Sl 21816:90.3:Rl 22333:30.6:Sl 22334:30.6:Sl 22335:29.4:Sl 22336:40.7:Sl 22337:33.1:Sl 22338:35.0:Sl 22339:37.5:Sl 22340:32.2:Sl 22341:0.0:Sl
1783555199 21765 377.5 1 21765:18.8:Sl 21816:90.3:Rl 22333:30.5:Dl 22334:30.5:Dl 22335:29.3:Dl 22336:40.6:Dl 22337:33.0:Rl 22338:34.9:Rl 22339:37.4:Dl 22340:32.2:Rl 22341:0.0:Sl
1783555200 21765 377.2 1 21765:18.7:Sl 21816:90.3:Rl 22333:30.5:Sl 22334:30.5:Sl 22335:29.3:Sl 22336:40.5:Sl 22337:33.0:Sl 22338:34.9:Sl 22339:37.3:Sl 22340:32.2:Sl 22341:0.0:Sl
1783555201 21765 376.4 1 21765:18.6:Sl 21816:90.3:Rl 22333:30.4:Sl 22334:30.4:Sl 22335:29.3:Sl 22336:40.3:Sl 22337:32.9:Sl 22338:34.8:Sl 22339:37.2:Sl 22340:32.2:Sl 22341:0.0:Sl
1783555203 21765 375.9 1 21765:18.5:Sl 21816:90.3:Rl 22333:30.4:Dl 22334:30.4:Dl 22335:29.2:Rl 22336:40.2:Rl 22337:32.8:Rl 22338:34.8:Dl 22339:37.1:Rl 22340:32.2:Rl 22341:0.0:Sl
1783555204 21765 375.9 1 21765:18.4:Sl 21816:90.3:Rl 22333:30.4:Rl 22334:30.4:Rl 22335:29.3:Dl 22336:40.1:Dl 22337:32.8:Rl 22338:34.9:Rl 22339:37.1:Rl 22340:32.2:Rl 22341:0.0:Sl
1783555205 21765 375.7 1 21765:18.3:Sl 21816:90.3:Rl 22333:30.4:Rl 22334:30.4:Rl 22335:29.3:Rl 22336:40.0:Rl 22337:32.8:Rl 22338:34.9:Dl 22339:37.0:Dl 22340:32.3:Rl 22341:0.0:Sl
1783555206 21765 375.0 1 21765:18.2:Sl 21816:90.3:Rl 22333:30.3:Dl 22334:30.4:Rl 22335:29.2:Rl 22336:39.9:Dl 22337:32.7:Dl 22338:34.8:Rl 22339:36.9:Rl 22340:32.3:Rl 22341:0.0:Sl
1783555207 21765 374.6 1 21765:18.1:Sl 21816:90.3:Rl 22333:30.3:Sl 22334:30.3:Sl 22335:29.2:Sl 22336:39.8:Sl 22337:32.6:Sl 22338:34.9:Sl 22339:36.8:Sl 22340:32.3:Sl 22341:0.0:Sl
1783555209 21765 374.0 1 21765:18.0:Sl 21816:90.3:Rl 22333:30.2:Sl 22334:30.3:Sl 22335:29.1:Sl 22336:39.6:Sl 22337:32.6:Sl 22338:34.9:Sl 22339:36.6:Sl 22340:32.4:Sl 22341:0.0:Sl
1783555210 21765 373.6 1 21765:17.9:Sl 21816:90.3:Rl 22333:30.2:Sl 22334:30.2:Sl 22335:29.1:Sl 22336:39.5:Sl 22337:32.5:Sl 22338:34.9:Sl 22339:36.6:Sl 22340:32.4:Sl 22341:0.0:Sl
1783555211 21765 373.2 1 21765:17.8:Sl 21816:90.3:Rl 22333:30.1:Dl 22334:30.2:Dl 22335:29.1:Dl 22336:39.4:Rl 22337:32.5:Rl 22338:34.9:Rl 22339:36.5:Rl 22340:32.4:Dl 22341:0.0:Sl
1783555212 21765 373.0 1 21765:17.7:Sl 21816:90.3:Dl 22333:30.2:Rl 22334:30.2:Rl 22335:29.1:Rl 22336:39.3:Sl 22337:32.5:Rl 22338:34.9:Dl 22339:36.4:Sl 22340:32.4:Dl 22341:0.0:Sl
1783555213 21765 372.5 1 21765:17.6:Sl 21816:90.3:Rl 22333:30.1:Sl 22334:30.2:Sl 22335:29.1:Sl 22336:39.2:Sl 22337:32.4:Sl 22338:34.9:Sl 22339:36.3:Sl 22340:32.4:Sl 22341:0.0:Sl
1783555214 21765 371.9 1 21765:17.6:Sl 21816:90.3:Rl 22333:30.1:Sl 22334:30.1:Sl 22335:29.0:Sl 22336:39.1:Sl 22337:32.3:Sl 22338:34.8:Sl 22339:36.2:Sl 22340:32.4:Sl 22341:0.0:Sl
1783555216 21765 371.5 1 21765:17.5:Sl 21816:90.4:Rl 22333:30.0:Rl 22334:30.1:Rl 22335:29.0:Dl 22336:38.9:Dl 22337:32.3:Dl 22338:34.8:Sl 22339:36.1:Dl 22340:32.4:Dl 22341:0.0:Sl
1783555217 21765 371.0 1 21765:17.4:Sl 21816:90.3:Rl 22333:30.0:Sl 22334:30.0:Sl 22335:29.0:Sl 22336:38.8:Sl 22337:32.2:Sl 22338:34.8:Sl 22339:36.1:Sl 22340:32.4:Sl 22341:0.0:Sl
1783555218 21765 370.6 1 21765:17.3:Sl 21816:90.3:Rl 22333:30.0:Rl 22334:30.0:Rl 22335:29.0:Rl 22336:38.7:Rl 22337:32.2:Rl 22338:34.7:Rl 22339:36.0:Rl 22340:32.4:Rl 22341:0.0:Sl
1783555219 21765 370.1 1 21765:17.2:Sl 21816:90.4:Rl 22333:29.9:Dl 22334:30.0:Rl 22335:28.9:Rl 22336:38.6:Rl 22337:32.1:Dl 22338:34.7:Rl 22339:35.9:Rl 22340:32.4:Rl 22341:0.0:Sl
1783555220 21765 369.9 1 21765:17.1:Sl 21816:90.4:Rl 22333:29.9:Rl 22334:30.0:Rl 22335:28.9:Dl 22336:38.6:Dl 22337:32.1:Dl 22338:34.7:Rl 22339:35.8:Rl 22340:32.4:Rl 22341:0.0:Sl
1783555222 21765 369.7 1 21765:17.0:Sl 21816:90.4:Rl 22333:29.9:Dl 22334:30.0:Dl 22335:28.9:Dl 22336:38.5:Dl 22337:32.1:Dl 22338:34.7:Dl 22339:35.8:Dl 22340:32.4:Dl 22341:0.0:Sl
1783555223 21765 369.2 1 21765:16.9:Sl 21816:90.4:Rl 22333:29.9:Dl 22334:29.9:Rl 22335:28.9:Rl 22336:38.4:Rl 22337:32.0:Rl 22338:34.7:Rl 22339:35.7:Dl 22340:32.4:Rl 22341:0.0:Sl
1783555224 21765 368.9 1 21765:16.9:Sl 21816:90.4:Rl 22333:29.8:Rl 22334:29.9:Rl 22335:28.9:Dl 22336:38.3:Dl 22337:32.0:Dl 22338:34.7:Rl 22339:35.6:Rl 22340:32.4:Dl 22341:0.0:Sl
1783555225 21765 368.4 1 21765:16.8:Sl 21816:90.4:Rl 22333:29.8:Sl 22334:29.9:Sl 22335:28.9:Sl 22336:38.2:Sl 22337:31.9:Sl 22338:34.6:Sl 22339:35.5:Sl 22340:32.4:Sl 22341:0.0:Sl
1783555226 21765 367.9 1 21765:16.7:Sl 21816:90.4:Rl 22333:29.8:Dl 22334:29.8:Rl 22335:28.8:Rl 22336:38.1:Dl 22337:31.8:Dl 22338:34.6:Rl 22339:35.5:Sl 22340:32.4:Rl 22341:0.0:Sl
1783555227 21765 367.6 1 21765:16.6:Sl 21816:90.4:Rl 22333:29.8:Sl 22334:29.8:Sl 22335:28.8:Sl 22336:38.0:Sl 22337:31.8:Sl 22338:34.6:Sl 22339:35.4:Sl 22340:32.4:Sl 22341:0.0:Sl
1783555229 21765 367.2 1 21765:16.5:Sl 21816:90.4:Rl 22333:29.7:Sl 22334:29.8:Sl 22335:28.8:Sl 22336:37.9:Sl 22337:31.8:Sl 22338:34.6:Sl 22339:35.3:Sl 22340:32.4:Sl 22341:0.0:Sl
1783555230 21765 367.3 1 21765:16.5:Sl 21816:90.4:Dl 22333:29.8:Dl 22334:29.8:Dl 22335:28.8:Dl 22336:37.9:Rl 22337:31.8:Rl 22338:34.6:Dl 22339:35.3:Dl 22340:32.4:Rl 22341:0.0:Sl
1783555231 21765 366.7 1 21765:16.4:Sl 21816:90.4:Rl 22333:29.7:Rl 22334:29.7:Rl 22335:28.8:Rl 22336:37.8:Sl 22337:31.7:Dl 22338:34.6:Rl 22339:35.2:Dl 22340:32.4:Dl 22341:0.0:Sl
1783555232 21765 366.4 1 21765:16.3:Sl 21816:90.4:Dl 22333:29.7:Dl 22334:29.7:Dl 22335:28.8:Dl 22336:37.7:Dl 22337:31.7:Dl 22338:34.5:Dl 22339:35.2:Dl 22340:32.4:Dl 22341:0.0:Sl
1783555233 21765 366.1 1 21765:16.2:Sl 21816:90.4:Rl 22333:29.7:Dl 22334:29.7:Rl 22335:28.8:Rl 22336:37.6:Rl 22337:31.7:Dl 22338:34.5:Rl 22339:35.1:Rl 22340:32.4:Dl 22341:0.0:Sl
1783555235 21765 365.5 1 21765:16.2:Sl 21816:90.4:Rl 22333:29.6:Sl 22334:29.7:Sl 22335:28.7:Sl 22336:37.5:Sl 22337:31.6:Sl 22338:34.5:Sl 22339:35.0:Sl 22340:32.3:Sl 22341:0.0:Sl
1783555236 21765 365.2 1 21765:16.1:Sl 21816:90.4:Rl 22333:29.6:Dl 22334:29.7:Dl 22335:28.7:Dl 22336:37.4:Dl 22337:31.6:Rl 22338:34.4:Rl 22339:35.0:Dl 22340:32.3:Rl 22341:0.0:Sl
1783555237 21765 365.1 1 21765:16.0:Sl 21816:90.4:Rl 22333:29.6:Rl 22334:29.7:Rl 22335:28.7:Dl 22336:37.4:Dl 22337:31.6:Rl 22338:34.4:Dl 22339:34.9:Rl 22340:32.4:Rl 22341:0.0:Sl
1783555238 21765 364.6 1 21765:15.9:Sl 21816:90.4:Rl 22333:29.6:Sl 22334:29.6:Sl 22335:28.7:Sl 22336:37.3:Sl 22337:31.5:Sl 22338:34.4:Sl 22339:34.9:Sl 22340:32.3:Sl 22341:0.0:Sl
1783555239 21765 364.4 1 21765:15.9:Sl 21816:90.4:Rl 22333:29.6:Rl 22334:29.6:Sl 22335:28.7:Sl 22336:37.2:Sl 22337:31.5:Sl 22338:34.4:Sl 22339:34.8:Sl 22340:32.3:Sl 22341:0.0:Sl
1783555240 21765 363.9 1 21765:15.8:Sl 21816:90.4:Dl 22333:29.5:Sl 22334:29.6:Sl 22335:28.7:Rl 22336:37.2:Rl 22337:31.4:Rl 22338:34.3:Rl 22339:34.7:Dl 22340:32.3:Rl 22341:0.0:Sl
1783555242 21765 363.7 1 21765:15.7:Sl 21816:90.4:Rl 22333:29.5:Sl 22334:29.6:Sl 22335:28.7:Sl 22336:37.1:Sl 22337:31.4:Sl 22338:34.3:Sl 22339:34.7:Sl 22340:32.3:Sl 22341:0.0:Sl
1783555243 21765 363.5 1 21765:15.6:Sl 21816:90.4:Dl 22333:29.5:Rl 22334:29.6:Rl 22335:28.7:Sl 22336:37.0:Rl 22337:31.4:Rl 22338:34.3:Rl 22339:34.7:Dl 22340:32.3:Rl 22341:0.0:Sl
1783555244 21765 363.3 1 21765:15.6:Sl 21816:90.4:Rl 22333:29.5:Sl 22334:29.5:Sl 22335:28.7:Sl 22336:37.0:Sl 22337:31.4:Sl 22338:34.3:Sl 22339:34.6:Sl 22340:32.3:Sl 22341:0.0:Sl
1783555245 21765 362.6 1 21765:15.5:Sl 21816:90.4:Rl 22333:29.5:Rl 22334:29.5:Rl 22335:28.6:Dl 22336:36.9:Dl 22337:31.3:Dl 22338:34.2:Dl 22339:34.5:Rl 22340:32.2:Rl 22341:0.0:Sl
1783555246 21765 362.3 1 21765:15.4:Sl 21816:90.4:Rl 22333:29.4:Rl 22334:29.5:Rl 22335:28.6:Rl 22336:36.8:Sl 22337:31.3:Rl 22338:34.2:Dl 22339:34.5:Rl 22340:32.2:Dl 22341:0.0:Sl
1783555247 21765 361.8 1 21765:15.4:Sl 21816:90.4:Rl 22333:29.4:Sl 22334:29.4:Sl 22335:28.6:Sl 22336:36.7:Sl 22337:31.2:Sl 22338:34.1:Sl 22339:34.4:Sl 22340:32.2:Sl 22341:0.0:Sl
1783555249 21765 361.6 1 21765:15.3:Sl 21816:90.4:Rl 22333:29.4:Dl 22334:29.4:Rl 22335:28.6:Rl 22336:36.6:Dl 22337:31.2:Dl 22338:34.1:Rl 22339:34.4:Rl 22340:32.2:Rl 22341:0.0:Sl
1783555250 21765 361.4 1 21765:15.2:Sl 21816:90.4:Rl 22333:29.4:Dl 22334:29.4:Dl 22335:28.6:Dl 22336:36.6:Dl 22337:31.2:Rl 22338:34.1:Rl 22339:34.3:Dl 22340:32.2:Rl 22341:0.0:Sl
1783555251 21765 361.3 1 21765:15.2:Sl 21816:90.4:Rl 22333:29.4:Dl 22334:29.4:Rl 22335:28.6:Dl 22336:36.5:Dl 22337:31.2:Dl 22338:34.1:Rl 22339:34.3:Rl 22340:32.2:Rl 22341:0.0:Sl
1783555252 21765 360.7 1 21765:15.1:Sl 21816:90.4:Dl 22333:29.3:Dl 22334:29.4:Dl 22335:28.5:Dl 22336:36.5:Dl 22337:31.1:Dl 22338:34.0:Dl 22339:34.2:Dl 22340:32.2:Dl 22341:0.0:Sl
1783555253 21765 360.2 1 21765:15.0:Sl 21816:90.4:Rl 22333:29.3:Dl 22334:29.3:Dl 22335:28.5:Rl 22336:36.4:Rl 22337:31.1:Dl 22338:34.0:Rl 22339:34.1:Dl 22340:32.1:Rl 22341:0.0:Sl
1783555255 21765 360.0 1 21765:15.0:Sl 21816:90.4:Rl 22333:29.3:Dl 22334:29.3:Dl 22335:28.5:Dl 22336:36.3:Rl 22337:31.0:Dl 22338:34.0:Rl 22339:34.1:Dl 22340:32.1:Rl 22341:0.0:Sl
1783555256 21765 359.7 1 21765:14.9:Sl 21816:90.4:Rl 22333:29.3:Sl 22334:29.3:Sl 22335:28.5:Sl 22336:36.2:Sl 22337:31.0:Sl 22338:34.0:Sl 22339:34.0:Sl 22340:32.1:Sl 22341:0.0:Sl
1783555257 21765 359.6 1 21765:14.8:Sl 21816:90.4:Rl 22333:29.3:Sl 22334:29.3:Sl 22335:28.5:Sl 22336:36.2:Sl 22337:31.0:Sl 22338:34.0:Sl 22339:34.0:Sl 22340:32.1:Sl 22341:0.0:Sl
1783555258 21765 359.3 1 21765:14.8:Sl 21816:90.4:Rl 22333:29.2:Rl 22334:29.3:Dl 22335:28.5:Dl 22336:36.1:Dl 22337:31.0:Rl 22338:33.9:Rl 22339:34.0:Rl 22340:32.1:Rl 22341:0.0:Sl
1783555259 21765 358.9 1 21765:14.7:Sl 21816:90.4:Rl 22333:29.2:Sl 22334:29.3:Sl 22335:28.4:Sl 22336:36.1:Sl 22337:30.9:Sl 22338:33.9:Sl 22339:33.9:Sl 22340:32.1:Sl 22341:0.0:Sl
1783555261 21765 358.7 1 21765:14.7:Sl 21816:90.4:Rl 22333:29.2:Dl 22334:29.2:Dl 22335:28.4:Dl 22336:36.0:Rl 22337:30.9:Rl 22338:33.9:Dl 22339:33.9:Rl 22340:32.1:Rl 22341:0.0:Sl
1783555262 21765 358.5 1 21765:14.6:Sl 21816:90.4:Rl 22333:29.2:Rl 22334:29.2:Rl 22335:28.4:Rl 22336:36.0:Rl 22337:30.9:Rl 22338:33.9:Rl 22339:33.8:Dl 22340:32.1:Rl 22341:0.0:Sl
1783555263 21765 358.1 1 21765:14.5:Sl 21816:90.4:Rl 22333:29.2:Sl 22334:29.2:Sl 22335:28.4:Sl 22336:35.9:Sl 22337:30.9:Sl 22338:33.8:Sl 22339:33.8:Sl 22340:32.0:Sl 22341:0.0:Sl
1783555264 21765 357.7 1 21765:14.5:Sl 21816:90.4:Rl 22333:29.1:Rl 22334:29.2:Rl 22335:28.4:Rl 22336:35.8:Dl 22337:30.8:Dl 22338:33.8:Rl 22339:33.7:Rl 22340:32.0:Dl 22341:0.0:Sl
1783555265 21765 357.4 1 21765:14.4:Sl 21816:90.4:Rl 22333:29.1:Sl 22334:29.2:Sl 22335:28.4:Sl 22336:35.7:Sl 22337:30.8:Sl 22338:33.7:Sl 22339:33.7:Sl 22340:32.0:Sl 22341:0.0:Sl
1783555266 21765 357.2 1 21765:14.4:Sl 21816:90.4:Dl 22333:29.1:Rl 22334:29.1:Rl 22335:28.4:Rl 22336:35.7:Rl 22337:30.8:Sl 22338:33.7:Dl 22339:33.6:Rl 22340:32.0:Sl 22341:0.0:Sl
1783555268 21765 356.8 1 21765:14.3:Sl 21816:90.4:Rl 22333:29.1:Sl 22334:29.1:Sl 22335:28.3:Sl 22336:35.6:Sl 22337:30.7:Sl 22338:33.7:Sl 22339:33.6:Sl 22340:32.0:Sl 22341:0.0:Sl
1783555269 21765 356.8 1 21765:14.2:Sl 21816:90.4:Rl 22333:29.1:Sl 22334:29.1:Sl 22335:28.4:Sl 22336:35.6:Sl 22337:30.7:Sl 22338:33.7:Sl 22339:33.6:Sl 22340:32.0:Sl 22341:0.0:Sl
1783555270 21765 356.5 1 21765:14.2:Sl 21816:90.4:Rl 22333:29.1:Rl 22334:29.1:Sl 22335:28.3:Rl 22336:35.5:Rl 22337:30.7:Rl 22338:33.7:Rl 22339:33.5:Dl 22340:32.0:Dl 22341:0.0:Sl
1783555271 21765 355.9 1 21765:14.1:Sl 21816:90.4:Rl 22333:29.0:Rl 22334:29.1:Rl 22335:28.3:Rl 22336:35.5:Dl 22337:30.6:Dl 22338:33.6:Rl 22339:33.4:Rl 22340:31.9:Rl 22341:0.0:Sl
1783555272 21765 355.7 1 21765:14.1:Sl 21816:90.4:Rl 22333:29.0:Sl 22334:29.0:Sl 22335:28.3:Sl 22336:35.4:Sl 22337:30.6:Sl 22338:33.6:Sl 22339:33.4:Sl 22340:31.9:Sl 22341:0.0:Sl
1783555273 21765 355.5 1 21765:14.0:Sl 21816:90.4:Rl 22333:29.0:Sl 22334:29.0:Sl 22335:28.3:Sl 22336:35.4:Sl 22337:30.6:Sl 22338:33.6:Sl 22339:33.3:Sl 22340:31.9:Sl 22341:0.0:Sl
1783555275 21765 355.4 1 21765:14.0:Sl 21816:90.4:Rl 22333:29.0:Rl 22334:29.0:Dl 22335:28.3:Dl 22336:35.3:Rl 22337:30.6:Rl 22338:33.6:Rl 22339:33.3:Rl 22340:31.9:Rl 22341:0.0:Sl
1783555276 21765 355.3 1 21765:13.9:Sl 21816:90.4:Rl 22333:29.0:Dl 22334:29.0:Rl 22335:28.3:Rl 22336:35.3:Dl 22337:30.6:Dl 22338:33.6:Rl 22339:33.3:Rl 22340:31.9:Dl 22341:0.0:Sl
1783555277 21765 355.0 1 21765:13.8:Sl 21816:90.4:Rl 22333:29.0:Dl 22334:29.0:Dl 22335:28.3:Rl 22336:35.2:Rl 22337:30.5:Rl 22338:33.6:Dl 22339:33.3:Dl 22340:31.9:Dl 22341:0.0:Sl
1783555278 21765 354.7 1 21765:13.8:Sl 21816:90.4:Rl 22333:28.9:Rl 22334:29.0:Rl 22335:28.3:Sl 22336:35.2:Sl 22337:30.5:Sl 22338:33.5:Dl 22339:33.2:Rl 22340:31.9:Rl 22341:0.0:Sl
1783555279 21765 354.4 1 21765:13.7:Sl 21816:90.4:Rl 22333:28.9:Sl 22334:29.0:Rl 22335:28.2:Rl 22336:35.1:Sl 22337:30.5:Rl 22338:33.5:Rl 22339:33.2:Rl 22340:31.9:Rl 22341:0.0:Sl
1783555280 21765 354.5 1 21765:13.7:Sl 21816:90.4:Rl 22333:28.9:Sl 22334:29.0:Sl 22335:28.3:Sl 22336:35.1:Sl 22337:30.5:Sl 22338:33.5:Sl 22339:33.2:Sl 22340:31.9:Sl 22341:0.0:Sl
1783555282 21765 354.0 1 21765:13.6:Sl 21816:90.4:Rl 22333:28.9:Sl 22334:28.9:Sl 22335:28.2:Sl 22336:35.0:Sl 22337:30.5:Sl 22338:33.5:Sl 22339:33.1:Sl 22340:31.9:Sl 22341:0.0:Sl
1783555283 21765 353.8 1 21765:13.6:Sl 21816:90.4:Rl 22333:28.9:Dl 22334:28.9:Rl 22335:28.2:Rl 22336:35.0:Dl 22337:30.4:Dl 22338:33.5:Dl 22339:33.0:Rl 22340:31.9:Dl 22341:0.0:Sl
1783555284 21765 353.6 1 21765:13.5:Sl 21816:90.4:Rl 22333:28.9:Sl 22334:28.9:Sl 22335:28.2:Sl 22336:34.9:Sl 22337:30.4:Sl 22338:33.5:Sl 22339:33.0:Sl 22340:31.9:Sl 22341:0.0:Sl
1783555285 21765 353.5 1 21765:13.5:Sl 21816:90.4:Rl 22333:28.9:Dl 22334:28.9:Dl 22335:28.2:Dl 22336:34.9:Rl 22337:30.4:Rl 22338:33.4:Rl 22339:33.0:Dl 22340:31.9:Rl 22341:0.0:Sl
1783555286 21765 353.4 1 21765:13.4:Sl 21816:90.4:Rl 22333:28.9:Sl 22334:28.9:Sl 22335:28.2:Sl 22336:34.9:Sl 22337:30.4:Sl 22338:33.4:Sl 22339:33.0:Sl 22340:31.9:Sl 22341:0.0:Sl
1783555287 21765 352.9 1 21765:13.4:Sl 21816:90.4:Rl 22333:28.8:Sl 22334:28.9:Sl 22335:28.2:Sl 22336:34.8:Sl 22337:30.3:Sl 22338:33.4:Sl 22339:32.9:Sl 22340:31.8:Sl 22341:0.0:Sl
1783555289 21765 352.6 1 21765:13.3:Sl 21816:90.4:Rl 22333:28.8:Rl 22334:28.9:Rl 22335:28.1:Rl 22336:34.7:Rl 22337:30.3:Rl 22338:33.4:Dl 22339:32.9:Rl 22340:31.8:Dl 22341:0.0:Sl
1783555290 21765 352.4 1 21765:13.3:Sl 21816:90.4:Rl 22333:28.8:Rl 22334:28.8:Dl 22335:28.1:Dl 22336:34.7:Dl 22337:30.3:Rl 22338:33.4:Dl 22339:32.8:Dl 22340:31.8:Rl 22341:0.0:Sl
1783555291 21765 352.3 1 21765:13.2:Sl 21816:90.4:Rl 22333:28.8:Sl 22334:28.8:Sl 22335:28.1:Sl 22336:34.7:Sl 22337:30.3:Sl 22338:33.4:Sl 22339:32.8:Sl 22340:31.8:Sl 22341:0.0:Sl
1783555292 21765 352.2 1 21765:13.2:Sl 21816:90.4:Rl 22333:28.8:Sl 22334:28.8:Sl 22335:28.1:Sl 22336:34.6:Sl 22337:30.3:Sl 22338:33.4:Sl 22339:32.8:Sl 22340:31.8:Sl 22341:0.0:Sl
1783555293 21765 351.8 1 21765:13.1:Sl 21816:90.4:Rl 22333:28.8:Rl 22334:28.8:Rl 22335:28.1:Rl 22336:34.6:Dl 22337:30.2:Dl 22338:33.3:Dl 22339:32.7:Dl 22340:31.8:Dl 22341:0.0:Sl
1783555294 21765 351.7 1 21765:13.1:Sl 21816:90.4:Rl 22333:28.8:Sl 22334:28.8:Sl 22335:28.1:Sl 22336:34.5:Sl 22337:30.2:Sl 22338:33.3:Sl 22339:32.7:Sl 22340:31.8:Sl 22341:0.0:Sl
1783555296 21765 351.5 1 21765:13.0:Sl 21816:90.4:Rl 22333:28.7:Rl 22334:28.8:Dl 22335:28.1:Dl 22336:34.5:Rl 22337:30.2:Dl 22338:33.3:Dl 22339:32.7:Dl 22340:31.8:Rl 22341:0.0:Sl
1783555297 21765 351.3 1 21765:13.0:Sl 21816:90.4:Rl 22333:28.7:Sl 22334:28.8:Sl 22335:28.1:Sl 22336:34.4:Sl 22337:30.2:Sl 22338:33.3:Sl 22339:32.6:Sl 22340:31.8:Sl 22341:0.0:Sl
1783555298 21765 351.2 1 21765:12.9:Sl 21816:90.4:Rl 22333:28.7:Dl 22334:28.8:Dl 22335:28.1:Dl 22336:34.4:Dl 22337:30.2:Dl 22338:33.3:Rl 22339:32.6:Rl 22340:31.8:Rl 22341:0.0:Sl
1783555299 21765 351.1 1 21765:12.9:Sl 21816:90.4:Rl 22333:28.7:Dl 22334:28.8:Dl 22335:28.1:Rl 22336:34.4:Rl 22337:30.1:Rl 22338:33.3:Dl 22339:32.6:Sl 22340:31.8:Sl 22341:0.0:Sl
1783555300 21765 350.6 1 21765:12.8:Sl 21816:90.4:Rl 22333:28.7:Dl 22334:28.7:Dl 22335:28.1:Rl 22336:34.3:Rl 22337:30.1:Rl 22338:33.2:Rl 22339:32.5:Rl 22340:31.8:Dl 22341:0.0:Sl
1783555301 21765 350.6 1 21765:12.8:Sl 21816:90.4:Dl 22333:28.7:Rl 22334:28.7:Dl 22335:28.1:Dl 22336:34.3:Dl 22337:30.1:Dl 22338:33.2:Dl 22339:32.5:Dl 22340:31.8:Dl 22341:0.0:Sl
1783555303 21765 350.2 1 21765:12.7:Sl 21816:90.4:Rl 22333:28.7:Rl 22334:28.7:Dl 22335:28.0:Rl 22336:34.2:Rl 22337:30.1:Rl 22338:33.2:Rl 22339:32.5:Dl 22340:31.7:Dl 22341:0.0:Sl
1783555304 21765 350.4 1 21765:12.7:Sl 21816:90.4:Rl 22333:28.7:Sl 22334:28.7:Sl 22335:28.1:Rl 22336:34.2:Dl 22337:30.1:Sl 22338:33.2:Dl 22339:32.5:Dl 22340:31.8:Dl 22341:0.0:Sl
1783555305 21765 349.9 1 21765:12.6:Sl 21816:90.4:Rl 22333:28.7:Sl 22334:28.7:Sl 22335:28.0:Sl 22336:34.2:Sl 22337:30.0:Sl 22338:33.2:Sl 22339:32.4:Sl 22340:31.7:Sl 22341:0.0:Sl
1783555306 21765 349.7 1 21765:12.6:Sl 21816:90.4:Rl 22333:28.6:Rl 22334:28.7:Dl 22335:28.0:Dl 22336:34.1:Dl 22337:30.0:Rl 22338:33.2:Rl 22339:32.4:Dl 22340:31.7:Dl 22341:0.0:Sl
1783555307 21765 349.6 1 21765:12.6:Sl 21816:90.4:Rl 22333:28.6:Rl 22334:28.7:Rl 22335:28.0:Rl 22336:34.1:Dl 22337:30.0:Dl 22338:33.1:Dl 22339:32.4:Rl 22340:31.7:Rl 22341:0.0:Sl
1783555308 21765 349.4 1 21765:12.5:Sl 21816:90.4:Rl 22333:28.6:Sl 22334:28.7:Sl 22335:28.0:Sl 22336:34.1:Sl 22337:30.0:Sl 22338:33.1:Sl 22339:32.3:Sl 22340:31.7:Sl 22341:0.0:Sl
1783555310 21765 349.4 1 21765:12.5:Sl 21816:90.4:Rl 22333:28.6:Rl 22334:28.7:Rl 22335:28.0:Rl 22336:34.0:Rl 22337:30.0:Dl 22338:33.2:Rl 22339:32.3:Rl 22340:31.7:Dl 22341:0.0:Sl
1783555311 21765 349.2 1 21765:12.4:Sl 21816:90.4:Rl 22333:28.6:Rl 22334:28.7:Dl 22335:28.0:Dl 22336:34.0:Dl 22337:30.0:Rl 22338:33.1:Dl 22339:32.3:Sl 22340:31.7:Rl 22341:0.0:Sl
1783555312 21765 349.0 1 21765:12.4:Sl 21816:90.4:Rl 22333:28.6:Sl 22334:28.6:Sl 22335:28.0:Sl 22336:34.0:Sl 22337:29.9:Sl 22338:33.1:Sl 22339:32.3:Sl 22340:31.7:Sl 22341:0.0:Sl
1783555313 21765 103.1 1 21765:12.7:Rl 21816:90.4:Rl 22341:0.0:Sl
1783555314 21765 103.4 1 21765:13.0:Rl 21816:90.4:Rl 22341:0.0:Sl
# max_total_cpu=723.0
# max_active_threads=9
