# policy=cache_ext_s3fifo
# expected_active_threads=8
# columns: epoch pid total_cpu active_threads per_thread_cpu
1783557376 24676 105.0 1 24676:105:R
1783557377 24676 101.0 1 24676:101:R
1783557379 24676 100.0 1 24676:100:R
1783557380 24676 100.0 1 24676:100:R
1783557381 24676 100.0 1 24676:100:R
1783557382 24676 100.0 1 24676:100:R
1783557383 24676 193.1 2 24676:93.1:Sl 24719:100:Rl
1783557384 24676 174.3 2 24676:81.1:Sl 24719:93.2:Rl
1783557386 24676 162.5 2 24676:71.8:Sl 24719:90.7:Rl
1783557387 24676 154.2 2 24676:64.4:Sl 24719:89.8:Rl
1783557388 24676 150.2 2 24676:60.0:Rl 24719:90.2:Rl
1783557389 24676 153.4 2 24676:63.3:Rl 24719:90.1:Rl
1783557390 24676 156.5 2 24676:66.2:Rl 24719:90.3:Rl
1783557391 24676 159.0 2 24676:68.6:Rl 24719:90.4:Rl
1783557393 24676 161.1 2 24676:70.8:Rl 24719:90.3:Rl
1783557394 24676 162.8 2 24676:72.6:Rl 24719:90.2:Rl
1783557395 24676 164.6 2 24676:74.2:Rl 24719:90.4:Rl
1783557396 24676 166.1 2 24676:75.7:Rl 24719:90.4:Rl
1783557397 24676 167.4 2 24676:77.0:Rl 24719:90.4:Rl
1783557398 24676 168.5 2 24676:78.1:Rl 24719:90.4:Rl
1783557400 24676 169.5 2 24676:79.2:Rl 24719:90.3:Rl
1783557401 24676 170.3 2 24676:80.1:Rl 24719:90.2:Rl
1783557402 24676 171.2 2 24676:81.0:Rl 24719:90.2:Rl
1783557403 24676 172.1 2 24676:81.8:Rl 24719:90.3:Rl
1783557404 24676 172.8 2 24676:82.5:Rl 24719:90.3:Rl
1783557405 24676 303.2 2 24676:80.5:Sl 24719:90.1:Dl 24854:16.4:Dl 24855:16.4:Dl 24856:17.8:Dl 24857:16.4:Dl 24858:16.4:Dl 24859:16.4:Dl 24860:16.4:Dl 24861:16.4:Dl 24862:0.0:Sl
1783557407 24676 299.4 2 24676:77.5:Sl 24719:90.2:Rl 24854:16.4:Dl 24855:16.9:Rl 24856:16.4:Dl 24857:16.4:Rl 24858:16.4:Dl 24859:16.4:Dl 24860:16.4:Rl 24861:16.4:Rl 24862:0.0:Sl
1783557408 24676 309.6 2 24676:74.7:Sl 24719:90.1:Rl 24854:17.9:Dl 24855:18.3:Dl 24856:17.9:Rl 24857:18.3:Dl 24858:17.9:Rl 24859:17.9:Rl 24860:18.3:Rl 24861:18.3:Rl 24862:0.0:Sl
1783557409 24676 310.7 2 24676:72.0:Sl 24719:90.0:Rl 24854:18.3:Dl 24855:18.8:Dl 24856:18.5:Rl 24857:18.8:Rl 24858:18.5:Dl 24859:18.5:Dl 24860:18.8:Dl 24861:18.5:Dl 24862:0.0:Sl
1783557410 24676 312.9 2 24676:69.6:Sl 24719:90.0:Dl 24854:19.1:Dl 24855:19.3:Dl 24856:19.0:Dl 24857:19.1:Rl 24858:19.1:Rl 24859:19.3:Rl 24860:19.3:Rl 24861:19.1:Rl 24862:0.0:Sl
1783557411 24676 315.1 2 24676:67.3:Sl 24719:90.1:Dl 24854:19.6:Dl 24855:19.9:Dl 24856:19.6:Dl 24857:19.7:Dl 24858:19.7:Dl 24859:19.7:Dl 24860:19.9:Dl 24861:19.6:Dl 24862:0.0:Sl
1783557412 24676 319.2 2 24676:65.2:Sl 24719:90.0:Rl 24854:20.3:Dl 24855:20.6:Rl 24856:20.5:Rl 24857:20.6:Rl 24858:20.5:Rl 24859:20.6:Dl 24860:20.6:Rl 24861:20.3:Rl 24862:0.0:Sl
1783557414 24676 324.4 2 24676:63.2:Sl 24719:90.0:Rl 24854:21.3:Dl 24855:21.5:Dl 24856:21.2:Dl 24857:21.5:Rl 24858:21.4:Dl 24859:21.4:Dl 24860:21.6:Rl 24861:21.3:Rl 24862:0.0:Sl
1783557415 24676 329.0 2 24676:61.3:Sl 24719:89.9:Dl 24854:22.2:Dl 24855:22.3:Dl 24856:22.1:Rl 24857:22.3:Rl 24858:22.1:Dl 24859:22.2:Rl 24860:22.4:Dl 24861:22.2:Dl 24862:0.0:Sl
1783557416 24676 333.0 2 24676:59.6:Sl 24719:89.8:Rl 24854:22.9:Rl 24855:23.0:Dl 24856:22.9:Dl 24857:22.9:Rl 24858:22.9:Dl 24859:23.0:Rl 24860:23.1:Rl 24861:22.9:Rl 24862:0.0:Sl
1783557417 24676 337.7 2 24676:57.9:Sl 24719:89.8:Rl 24854:23.6:Rl 24855:23.9:Rl 24856:23.7:Dl 24857:23.8:Dl 24858:23.7:Rl 24859:23.7:Dl 24860:23.9:Rl 24861:23.7:Dl 24862:0.0:Sl
1783557418 24676 341.1 2 24676:56.3:Sl 24719:89.8:Rl 24854:24.3:Dl 24855:24.5:Dl 24856:24.3:Rl 24857:24.4:Rl 24858:24.3:Dl 24859:24.3:Rl 24860:24.6:Dl 24861:24.3:Dl 24862:0.0:Sl
1783557419 24676 347.2 2 24676:54.8:Sl 24719:89.8:Rl 24854:25.0:Dl 24855:27.1:Rl 24856:25.0:Rl 24857:25.1:Dl 24858:25.0:Rl 24859:25.1:Dl 24860:25.2:Rl 24861:25.1:Rl 24862:0.0:Sl
1783557421 24676 351.0 2 24676:53.4:Sl 24719:89.8:Rl 24854:25.3:Sl 24855:29.2:Sl 24856:25.5:Sl 24857:25.6:Sl 24858:25.5:Sl 24859:25.5:Sl 24860:25.7:Sl 24861:25.5:Sl 24862:0.0:Sl
1783557422 24676 349.6 2 24676:52.0:Sl 24719:89.8:Rl 24854:25.2:Dl 24855:28.7:Dl 24856:25.6:Dl 24857:25.7:Rl 24858:25.6:Rl 24859:25.6:Rl 24860:25.8:Dl 24861:25.6:Rl 24862:0.0:Sl
1783557423 24676 349.3 2 24676:50.8:Sl 24719:89.9:Rl 24854:25.3:Rl 24855:28.5:Rl 24856:25.8:Dl 24857:25.9:Dl 24858:25.7:Dl 24859:25.8:Rl 24860:25.9:Rl 24861:25.7:Dl 24862:0.0:Sl
1783557424 24676 350.8 1 24676:49.5:Sl 24719:89.9:Rl 24854:25.5:Dl 24855:28.5:Dl 24856:26.2:Rl 24857:26.2:Dl 24858:26.2:Rl 24859:26.2:Dl 24860:26.4:Dl 24861:26.2:Rl 24862:0.0:Sl
1783557425 24676 351.0 1 24676:48.4:Sl 24719:89.9:Rl 24854:25.6:Dl 24855:28.4:Dl 24856:26.4:Rl 24857:26.5:Rl 24858:26.4:Dl 24859:26.4:Rl 24860:26.6:Rl 24861:26.4:Rl 24862:0.0:Sl
1783557426 24676 351.2 1 24676:47.3:Sl 24719:89.9:Rl 24854:25.7:Rl 24855:28.3:Rl 24856:26.7:Rl 24857:26.7:Rl 24858:26.6:Dl 24859:26.6:Dl 24860:26.8:Rl 24861:26.6:Dl 24862:0.0:Sl
1783557428 24676 354.1 1 24676:46.2:Sl 24719:89.9:Rl 24854:26.1:Rl 24855:28.6:Rl 24856:27.2:Dl 24857:27.2:Rl 24858:27.2:Rl 24859:27.2:Dl 24860:27.3:Dl 24861:27.2:Rl 24862:0.0:Sl
1783557429 24676 355.8 1 24676:45.2:Sl 24719:89.9:Rl 24854:26.4:Sl 24855:28.7:Sl 24856:27.5:Sl 24857:27.6:Sl 24858:27.6:Sl 24859:27.6:Sl 24860:27.7:Sl 24861:27.6:Sl 24862:0.0:Sl
1783557430 24676 357.9 1 24676:44.2:Sl 24719:89.9:Rl 24854:26.7:Dl 24855:28.9:Dl 24856:28.0:Rl 24857:28.1:Rl 24858:28.0:Dl 24859:28.0:Rl 24860:28.1:Rl 24861:28.0:Dl 24862:0.0:Sl
1783557431 24676 360.3 1 24676:43.3:Sl 24719:89.9:Rl 24854:27.0:Rl 24855:29.1:Dl 24856:28.4:Rl 24857:28.5:Rl 24858:28.5:Dl 24859:28.5:Dl 24860:28.6:Dl 24861:28.5:Dl 24862:0.0:Sl
1783557432 24676 359.5 1 24676:42.4:Sl 24719:89.9:Rl 24854:27.0:Rl 24855:29.0:Rl 24856:28.5:Rl 24857:28.6:Dl 24858:28.5:Rl 24859:28.5:Rl 24860:28.6:Dl 24861:28.5:Rl 24862:0.0:Sl
1783557433 24676 359.5 1 24676:41.5:Sl 24719:89.9:Rl 24854:27.1:Rl 24855:29.0:Rl 24856:28.6:Dl 24857:28.7:Rl 24858:28.6:Dl 24859:28.7:Rl 24860:28.7:Dl 24861:28.7:Rl 24862:0.0:Sl
1783557435 24676 360.4 1 24676:40.7:Sl 24719:89.9:Dl 24854:27.3:Rl 24855:29.1:Rl 24856:28.9:Dl 24857:28.9:Dl 24858:28.9:Dl 24859:28.9:Dl 24860:28.9:Dl 24861:28.9:Dl 24862:0.0:Sl
1783557436 24676 362.6 1 24676:39.9:Sl 24719:90.0:Rl 24854:28.3:Rl 24855:30.2:Rl 24856:29.0:Dl 24857:29.1:Rl 24858:29.0:Rl 24859:29.0:Rl 24860:29.1:Dl 24861:29.0:Rl 24862:0.0:Sl
1783557437 24676 364.6 1 24676:39.2:Sl 24719:90.0:Dl 24854:29.3:Rl 24855:31.0:Rl 24856:29.2:Dl 24857:29.2:Dl 24858:29.1:Dl 24859:29.2:Dl 24860:29.2:Dl 24861:29.2:Dl 24862:0.0:Sl
1783557438 24676 368.7 1 24676:38.4:Sl 24719:90.0:Rl 24854:30.6:Rl 24855:32.3:Rl 24856:29.6:Dl 24857:29.6:Rl 24858:29.6:Rl 24859:29.5:Rl 24860:29.6:Rl 24861:29.5:Rl 24862:0.0:Sl
1783557439 24676 372.1 1 24676:37.7:Sl 24719:90.0:Rl 24854:31.8:Sl 24855:33.5:Sl 24856:29.8:Sl 24857:29.9:Sl 24858:29.9:Sl 24859:29.8:Sl 24860:29.9:Sl 24861:29.8:Sl 24862:0.0:Sl
1783557440 24676 375.7 1 24676:37.0:Sl 24719:89.9:Rl 24854:32.9:Sl 24855:34.5:Rl 24856:30.1:Rl 24857:30.2:Rl 24858:30.7:Rl 24859:30.1:Rl 24860:30.2:Rl 24861:30.1:Rl 24862:0.0:Sl
1783557442 24676 379.0 1 24676:36.4:Sl 24719:89.9:Rl 24854:33.6:Sl 24855:35.2:Sl 24856:30.3:Sl 24857:30.5:Sl 24858:31.9:Sl 24859:30.4:Sl 24860:30.4:Sl 24861:30.4:Sl 24862:0.0:Sl
1783557443 24676 379.0 1 24676:35.7:Sl 24719:89.9:Rl 24854:33.4:Rl 24855:35.0:Sl 24856:30.3:Sl 24857:30.6:Rl 24858:32.6:Rl 24859:30.5:Rl 24860:30.5:Rl 24861:30.5:Rl 24862:0.0:Sl
1783557444 24676 380.3 1 24676:35.1:Sl 24719:89.9:Rl 24854:33.4:Sl 24855:35.0:Sl 24856:30.4:Sl 24857:30.8:Sl 24858:33.6:Sl 24859:30.7:Sl 24860:30.7:Sl 24861:30.7:Sl 24862:0.0:Sl
1783557445 24676 382.1 1 24676:34.5:Sl 24719:89.9:Rl 24854:33.4:Sl 24855:34.9:Sl 24856:30.6:Sl 24857:31.1:Sl 24858:34.7:Sl 24859:31.0:Sl 24860:31.0:Sl 24861:31.0:Sl 24862:0.0:Sl
1783557446 24676 382.2 1 24676:34.0:Sl 24719:90.0:Rl 24854:33.3:Rl 24855:34.8:Dl 24856:30.5:Dl 24857:31.1:Rl 24858:35.4:Rl 24859:31.0:Rl 24860:31.0:Rl 24861:31.1:Rl 24862:0.0:Sl
1783557447 24676 382.8 1 24676:33.4:Sl 24719:90.0:Dl 24854:33.3:Dl 24855:34.7:Dl 24856:30.5:Dl 24857:31.3:Dl 24858:36.1:Rl 24859:31.1:Dl 24860:31.2:Dl 24861:31.2:Dl 24862:0.0:Sl
1783557449 24676 383.1 1 24676:32.9:Sl 24719:90.0:Rl 24854:33.2:Sl 24855:34.5:Rl 24856:30.6:Dl 24857:31.4:Dl 24858:36.7:Sl 24859:31.2:Rl 24860:31.3:Rl 24861:31.3:Sl 24862:0.0:Sl
1783557450 24676 122.7 1 24676:32.7:Rl 24719:90.0:Rl 24862:0.0:Sl
1783557451 24676 122.9 1 24676:32.9:Rl 24719:90.0:Rl
1783557452 24676 123.9 1 24676:33.9:Rl 24719:90.0:Rl
1783557453 24676 124.9 1 24676:34.9:Rl 24719:90.0:Rl
1783557455 24676 125.9 1 24676:35.8:Rl 24719:90.1:Rl
1783557456 24676 126.9 1 24676:36.8:Rl 24719:90.1:Rl
1783557457 24676 127.8 1 24676:37.7:Rl 24719:90.1:Rl
1783557458 24676 128.7 1 24676:38.6:Rl 24719:90.1:Rl
1783557459 24676 129.5 1 24676:39.4:Rl 24719:90.1:Rl
1783557460 24676 130.4 1 24676:40.3:Rl 24719:90.1:Rl
1783557462 24676 131.2 1 24676:41.1:Rl 24719:90.1:Dl
1783557463 24676 131.9 1 24676:41.8:Rl 24719:90.1:Rl
1783557464 24676 132.7 1 24676:42.6:Rl 24719:90.1:Rl
1783557465 24676 133.5 1 24676:43.4:Rl 24719:90.1:Rl
1783557466 24676 134.2 1 24676:44.1:Rl 24719:90.1:Rl
1783557467 24676 134.9 1 24676:44.8:Sl 24719:90.1:Rl 25242:0.0:Sl 25243:0.0:Sl 25244:0.0:Sl 25245:0.0:Sl 25246:0.0:Sl 25247:0.0:Sl 25248:0.0:Sl 25249:0.0:Sl 25250:0.0:Sl
1783557469 24676 565.4 9 24676:44.2:Sl 24719:90.1:Rl 25242:54.3:Rl 25243:53.5:Rl 25244:54.3:Rl 25245:54.3:Rl 25246:53.5:Rl 25247:54.3:Rl 25248:52.6:Rl 25249:54.3:Rl 25250:0.0:Sl
1783557470 24676 530.3 3 24676:43.7:Sl 24719:90.0:Dl 25242:50.2:Rl 25243:49.3:Rl 25244:49.3:Rl 25245:49.3:Rl 25246:49.3:Rl 25247:50.2:Rl 25248:49.3:Rl 25249:49.7:Rl 25250:0.0:Sl
1783557471 24676 543.4 9 24676:43.1:Sl 24719:90.0:Rl 25242:51.7:Sl 25243:51.1:Sl 25244:50.2:Sl 25245:51.1:Sl 25246:51.4:Sl 25247:51.7:Sl 25248:51.4:Sl 25249:51.7:Sl 25250:0.0:Sl
1783557472 24676 556.6 9 24676:42.6:Sl 24719:90.0:Rl 25242:53.4:Rl 25243:52.9:Rl 25244:52.3:Sl 25245:52.3:Rl 25246:53.4:Rl 25247:53.6:Rl 25248:52.9:Rl 25249:53.2:Rl 25250:0.0:Sl
1783557473 24676 551.4 9 24676:42.1:Sl 24719:90.0:Rl 25242:52.5:Rl 25243:52.2:Rl 25244:52.0:Rl 25245:52.2:Rl 25246:52.7:Rl 25247:52.9:Rl 25248:52.5:Rl 25249:52.3:Rl 25250:0.0:Sl
1783557474 24676 555.9 9 24676:41.6:Sl 24719:89.9:Dl 25242:53.1:Rl 25243:52.9:Rl 25244:52.8:Rl 25245:52.8:Rl 25246:53.5:Rl 25247:53.2:Rl 25248:52.9:Rl 25249:53.2:Rl 25250:0.0:Sl
1783557476 24676 560.1 9 24676:41.1:Sl 24719:89.9:Rl 25242:53.2:Sl 25243:53.5:Sl 25244:53.5:Sl 25245:53.6:Rl 25246:54.0:Rl 25247:54.0:Rl 25248:53.6:Rl 25249:53.7:Rl 25250:0.0:Sl
1783557477 24676 550.7 9 24676:40.6:Sl 24719:89.9:Rl 25242:52.2:Rl 25243:52.3:Rl 25244:52.3:Rl 25245:52.6:Sl 25246:52.8:Rl 25247:52.9:Rl 25248:52.4:Rl 25249:52.7:Rl 25250:0.0:Sl
1783557478 24676 553.1 9 24676:40.1:Sl 24719:89.9:Rl 25242:52.5:Rl 25243:52.7:Rl 25244:52.6:Rl 25245:52.9:Rl 25246:53.1:Rl 25247:53.3:Rl 25248:52.9:Rl 25249:53.1:Rl 25250:0.0:Sl
1783557479 24676 555.4 9 24676:39.7:Sl 24719:89.9:Rl 25242:52.8:Sl 25243:53.1:Sl 25244:53.1:Rl 25245:53.3:Rl 25246:53.4:Rl 25247:53.6:Rl 25248:53.3:Rl 25249:53.2:Rl 25250:0.0:Sl
1783557480 24676 548.2 9 24676:39.2:Sl 24719:89.9:Rl 25242:52.5:Rl 25243:52.6:Rl 25244:51.7:Dl 25245:52.3:Rl 25246:52.9:Rl 25247:52.6:Rl 25248:52.3:Rl 25249:52.2:Rl 25250:0.0:Sl
1783557482 24676 543.6 9 24676:38.8:Sl 24719:89.9:Rl 25242:53.2:Rl 25243:53.4:Rl 25244:50.4:Rl 25245:51.1:Rl 25246:53.7:Rl 25247:51.2:Rl 25248:51.0:Dl 25249:50.9:Rl 25250:0.0:Sl
1783557483 24676 531.5 4 24676:38.4:Sl 24719:89.9:Rl 25242:52.5:Rl 25243:52.7:Rl 25244:48.5:Dl 25245:49.1:Rl 25246:52.9:Rl 25247:49.3:Rl 25248:49.1:Rl 25249:49.1:Rl 25250:0.0:Sl
1783557484 24676 526.7 4 24676:38.0:Sl 24719:89.9:Rl 25242:52.9:Sl 25243:53.0:Sl 25244:47.5:Sl 25245:48.0:Sl 25246:53.3:Sl 25247:48.2:Sl 25248:48.0:Sl 25249:47.9:Sl 25250:0.0:Sl
1783557485 24676 525.1 4 24676:37.6:Sl 24719:89.9:Rl 25242:53.5:Rl 25243:53.7:Sl 25244:46.9:Rl 25245:47.4:Rl 25246:53.9:Rl 25247:47.6:Rl 25248:47.3:Rl 25249:47.3:Rl 25250:0.0:Sl
1783557486 24676 523.3 4 24676:37.2:Sl 24719:89.9:Dl 25242:53.9:Rl 25243:54.1:Rl 25244:46.2:Dl 25245:46.7:Dl 25246:54.4:Rl 25247:47.5:Rl 25248:46.7:Dl 25249:46.7:Dl 25250:0.0:Sl
1783557487 24676 519.6 4 24676:36.8:Sl 24719:89.9:Rl 25242:53.1:Sl 25243:53.2:Sl 25244:45.4:Sl 25245:46.8:Sl 25246:54.6:Sl 25247:48.0:Sl 25248:45.9:Sl 25249:45.9:Sl 25250:0.0:Sl
1783557489 24676 517.5 4 24676:36.4:Sl 24719:90.0:Rl 25242:52.0:Rl 25243:52.1:Rl 25244:44.8:Rl 25245:47.6:Rl 25246:54.9:Rl 25247:48.7:Rl 25248:45.5:Rl 25249:45.5:Rl 25250:0.0:Sl
1783557490 24676 515.8 4 24676:36.0:Sl 24719:90.0:Rl 25242:50.9:Sl 25243:51.1:Sl 25244:44.1:Sl 25245:48.2:Sl 25246:55.1:Sl 25247:49.3:Sl 25248:46.1:Sl 25249:45.0:Sl 25250:0.0:Sl
1783557491 24676 514.7 4 24676:35.6:Sl 24719:90.0:Rl 25242:50.0:Dl 25243:50.2:Dl 25244:43.6:Dl 25245:48.8:Rl 25246:55.3:Sl 25247:49.8:Rl 25248:46.7:Rl 25249:44.7:Rl 25250:0.0:Sl
1783557492 24676 515.7 3 24676:35.3:Sl 24719:90.0:Rl 25242:49.3:Rl 25243:49.5:Rl 25244:43.2:Rl 25245:49.7:Rl 25246:55.9:Rl 25247:50.6:Rl 25248:47.7:Rl 25249:44.5:Rl 25250:0.0:Sl
1783557493 24676 517.7 4 24676:34.9:Sl 24719:90.0:Rl 25242:48.8:Sl 25243:49.0:Sl 25244:43.0:Sl 25245:50.7:Sl 25246:56.6:Sl 25247:51.5:Sl 25248:48.8:Sl 25249:44.4:Rl 25250:0.0:Sl
1783557494 24676 515.0 4 24676:34.6:Sl 24719:90.0:Rl 25242:48.0:Rl 25243:48.1:Rl 25244:42.4:Rl 25245:50.8:Rl 25246:56.5:Rl 25247:51.6:Rl 25248:49.0:Rl 25249:44.0:Rl 25250:0.0:Sl
1783557496 24676 515.7 4 24676:34.2:Sl 24719:90.0:Rl 25242:47.5:Rl 25243:47.6:Sl 25244:42.1:Sl 25245:51.4:Rl 25246:56.9:Sl 25247:52.3:Rl 25248:49.8:Rl 25249:43.9:Rl 25250:0.0:Sl
1783557497 24676 516.7 5 24676:33.9:Sl 24719:90.1:Rl 25242:47.1:Rl 25243:47.2:Rl 25244:41.8:Rl 25245:52.1:Rl 25246:57.3:Rl 25247:52.9:Rl 25248:50.5:Rl 25249:43.8:Dl 25250:0.0:Sl
1783557498 24676 515.9 5 24676:33.6:Sl 24719:90.1:Rl 25242:46.5:Sl 25243:46.6:Sl 25244:41.5:Sl 25245:52.4:Sl 25246:57.5:Sl 25247:53.2:Sl 25248:50.9:Sl 25249:43.6:Sl 25250:0.0:Sl
1783557499 24676 516.4 5 24676:33.3:Sl 24719:90.1:Rl 25242:46.2:Rl 25243:46.2:Rl 25244:41.3:Rl 25245:53.0:Rl 25246:57.6:Rl 25247:53.7:Rl 25248:51.5:Rl 25249:43.5:Rl 25250:0.0:Sl
1783557500 24676 515.2 5 24676:33.0:Sl 24719:90.1:Rl 25242:45.7:Sl 25243:45.7:Sl 25244:41.1:Sl 25245:53.3:Sl 25246:56.8:Sl 25247:54.1:Sl 25248:52.0:Sl 25249:43.4:Sl 25250:0.0:Sl
1783557502 24676 512.3 5 24676:32.6:Sl 24719:90.1:Dl 25242:45.3:Rl 25243:45.3:Rl 25244:40.8:Rl 25245:53.6:Rl 25246:55.9:Sl 25247:53.4:Rl 25248:52.2:Rl 25249:43.1:Rl 25250:0.0:Sl
1783557503 24676 508.9 5 24676:32.3:Sl 24719:90.2:Rl 25242:44.7:Rl 25243:44.7:Dl 25244:40.5:Dl 25245:53.7:Rl 25246:55.0:Rl 25247:52.7:Dl 25248:52.4:Rl 25249:42.7:Rl 25250:0.0:Sl
1783557504 24676 506.5 5 24676:32.1:Sl 24719:90.2:Rl 25242:44.3:Rl 25243:44.3:Rl 25244:40.2:Rl 25245:54.0:Rl 25246:54.2:Rl 25247:52.1:Rl 25248:52.7:Rl 25249:42.4:Dl 25250:0.0:Sl
1783557505 24676 505.4 5 24676:31.8:Sl 24719:90.2:Rl 25242:44.0:Dl 25243:44.0:Dl 25244:40.1:Rl 25245:54.4:Rl 25246:53.7:Rl 25247:51.7:Rl 25248:53.2:Rl 25249:42.3:Rl 25250:0.0:Sl
1783557506 24676 503.4 5 24676:31.5:Sl 24719:90.2:Rl 25242:43.7:Sl 25243:43.7:Sl 25244:39.9:Sl 25245:54.7:Sl 25246:53.0:Sl 25247:51.2:Sl 25248:53.5:Sl 25249:42.0:Sl 25250:0.0:Sl
1783557507 24676 500.6 5 24676:31.2:Sl 24719:90.2:Rl 25242:43.3:Rl 25243:43.3:Rl 25244:39.6:Rl 25245:54.8:Rl 25246:52.3:Rl 25247:50.6:Rl 25248:53.6:Rl 25249:41.7:Rl 25250:0.0:Sl
1783557509 24676 498.5 5 24676:30.9:Sl 24719:90.2:Rl 25242:43.0:Sl 25243:42.9:Sl 25244:39.4:Sl 25245:55.0:Sl 25246:51.7:Sl 25247:50.2:Sl 25248:53.8:Sl 25249:41.4:Sl 25250:0.0:Sl
1783557510 24676 496.7 4 24676:30.7:Sl 24719:90.3:Rl 25242:42.7:Rl 25243:42.6:Rl 25244:39.2:Rl 25245:55.1:Rl 25246:51.2:Rl 25247:49.7:Dl 25248:54.0:Rl 25249:41.2:Rl 25250:0.0:Sl
1783557511 24676 495.1 4 24676:30.4:Sl 24719:90.3:Rl 25242:42.4:Rl 25243:42.3:Rl 25244:39.0:Dl 25245:55.3:Rl 25246:50.7:Rl 25247:49.4:Dl 25248:54.2:Rl 25249:41.1:Rl 25250:0.0:Sl
1783557512 24676 494.2 4 24676:30.1:Sl 24719:90.3:Rl 25242:42.2:Sl 25243:42.1:Sl 25244:38.9:Sl 25245:55.7:Sl 25246:50.3:Sl 25247:49.0:Sl 25248:54.6:Sl 25249:41.0:Sl 25250:0.0:Sl
1783557513 24676 492.8 3 24676:29.9:Sl 24719:90.3:Rl 25242:42.0:Rl 25243:41.9:Rl 25244:38.7:Rl 25245:55.9:Sl 25246:49.8:Rl 25247:48.7:Rl 25248:54.8:Rl 25249:40.8:Rl 25250:0.0:Sl
1783557514 24676 491.1 3 24676:29.6:Sl 24719:90.3:Rl 25242:41.7:Rl 25243:41.6:Rl 25244:38.6:Rl 25245:56.0:Rl 25246:49.4:Dl 25247:48.3:Rl 25248:55.0:Rl 25249:40.6:Rl 25250:0.0:Sl
1783557516 24676 489.5 3 24676:29.4:Sl 24719:90.3:Rl 25242:41.5:Sl 25243:41.4:Sl 25244:38.4:Sl 25245:56.1:Sl 25246:48.9:Sl 25247:47.9:Sl 25248:55.1:Sl 25249:40.5:Sl 25250:0.0:Sl
1783557517 24676 488.4 3 24676:29.1:Sl 24719:90.3:Rl 25242:41.3:Rl 25243:41.2:Rl 25244:38.3:Rl 25245:56.3:Rl 25246:48.6:Rl 25247:47.6:Rl 25248:55.3:Rl 25249:40.4:Rl 25250:0.0:Sl
1783557518 24676 488.5 3 24676:28.9:Sl 24719:90.3:Rl 25242:41.2:Sl 25243:41.1:Sl 25244:38.3:Sl 25245:56.7:Sl 25246:48.3:Sl 25247:47.5:Sl 25248:55.8:Sl 25249:40.4:Sl 25250:0.0:Sl
1783557519 24676 488.6 3 24676:28.6:Sl 24719:90.3:Rl 25242:41.2:Sl 25243:41.1:Sl 25244:38.3:Sl 25245:57.1:Sl 25246:48.1:Sl 25247:47.3:Sl 25248:56.2:Sl 25249:40.4:Sl 25250:0.0:Sl
1783557520 24676 486.7 3 24676:28.4:Sl 24719:90.3:Rl 25242:40.9:Rl 25243:40.8:Rl 25244:38.1:Dl 25245:57.1:Rl 25246:47.7:Dl 25247:47.0:Rl 25248:56.2:Sl 25249:40.2:Rl 25250:0.0:Sl
1783557521 24676 485.6 3 24676:28.2:Sl 24719:90.4:Rl 25242:40.7:Sl 25243:40.6:Sl 25244:38.0:Sl 25245:57.2:Sl 25246:47.4:Sl 25247:46.7:Sl 25248:56.3:Sl 25249:40.1:Sl 25250:0.0:Sl
1783557523 24676 485.2 3 24676:28.0:Sl 24719:90.4:Rl 25242:40.6:Rl 25243:40.6:Sl 25244:37.9:Sl 25245:57.5:Rl 25246:47.1:Rl 25247:46.5:Rl 25248:56.6:Rl 25249:40.0:Rl 25250:0.0:Sl
1783557524 24676 485.0 3 24676:27.7:Sl 24719:90.4:Rl 25242:40.5:Sl 25243:40.5:Sl 25244:37.9:Sl 25245:57.8:Sl 25246:46.9:Sl 25247:46.4:Sl 25248:56.9:Sl 25249:40.0:Sl 25250:0.0:Sl
1783557525 24676 483.5 3 24676:27.5:Sl 24719:90.4:Rl 25242:40.3:Dl 25243:40.3:Rl 25244:37.7:Sl 25245:57.8:Rl 25246:46.6:Rl 25247:46.0:Sl 25248:57.0:Rl 25249:39.9:Rl 25250:0.0:Sl
1783557526 24676 481.4 3 24676:27.3:Sl 24719:90.4:Rl 25242:40.1:Sl 25243:40.0:Sl 25244:37.6:Sl 25245:57.8:Sl 25246:46.2:Sl 25247:45.8:Sl 25248:56.5:Sl 25249:39.7:Sl 25250:0.0:Sl
1783557527 24676 479.6 3 24676:27.1:Sl 24719:90.4:Rl 25242:39.9:Sl 25243:39.9:Sl 25244:37.4:Sl 25245:57.9:Sl 25246:45.9:Sl 25247:45.5:Sl 25248:56.0:Sl 25249:39.6:Sl 25250:0.0:Sl
1783557529 24676 478.2 3 24676:26.9:Sl 24719:90.4:Rl 25242:39.8:Rl 25243:39.7:Rl 25244:37.3:Rl 25245:58.0:Rl 25246:45.7:Rl 25247:45.4:Rl 25248:55.5:Rl 25249:39.5:Dl 25250:0.0:Sl
1783557530 24676 477.2 3 24676:26.7:Sl 24719:90.4:Rl 25242:39.7:Rl 25243:39.6:Rl 25244:37.3:Rl 25245:58.2:Rl 25246:45.5:Dl 25247:45.2:Rl 25248:55.1:Dl 25249:39.5:Rl 25250:0.0:Sl
1783557531 24676 475.7 3 24676:26.5:Sl 24719:90.4:Rl 25242:39.5:Dl 25243:39.5:Dl 25244:37.2:Rl 25245:58.3:Rl 25246:45.2:Rl 25247:45.0:Rl 25248:54.7:Dl 25249:39.4:Dl 25250:0.0:Sl
1783557532 24676 473.7 3 24676:26.3:Sl 24719:90.5:Rl 25242:39.3:Dl 25243:39.2:Rl 25244:37.0:Rl 25245:58.3:Rl 25246:44.9:Rl 25247:44.7:Rl 25248:54.2:Sl 25249:39.3:Rl 25250:0.0:Sl
1783557533 24676 472.4 3 24676:26.1:Sl 24719:90.5:Dl 25242:39.2:Rl 25243:39.1:Rl 25244:36.9:Rl 25245:58.4:Rl 25246:44.6:Sl 25247:44.6:Rl 25248:53.8:Rl 25249:39.2:Dl 25250:0.0:Sl
1783557534 24676 471.0 3 24676:25.9:Sl 24719:90.5:Rl 25242:39.0:Sl 25243:39.0:Sl 25244:36.8:Sl 25245:58.5:Sl 25246:44.4:Sl 25247:44.4:Sl 25248:53.4:Sl 25249:39.1:Sl 25250:0.0:Sl
1783557536 24676 469.6 3 24676:25.7:Sl 24719:90.5:Rl 25242:38.9:Rl 25243:38.8:Dl 25244:36.7:Dl 25245:58.5:Rl 25246:44.2:Rl 25247:44.3:Rl 25248:53.0:Dl 25249:39.0:Rl 25250:0.0:Sl
1783557537 24676 468.9 3 24676:25.5:Sl 24719:90.5:Rl 25242:38.8:Rl 25243:38.8:Dl 25244:36.7:Dl 25245:58.7:Rl 25246:44.0:Rl 25247:44.2:Dl 25248:52.7:Rl 25249:39.0:Dl 25250:0.0:Sl
1783557538 24676 467.7 3 24676:25.3:Sl 24719:90.5:Rl 25242:38.7:Sl 25243:38.7:Sl 25244:36.6:Sl 25245:58.8:Sl 25246:43.8:Sl 25247:44.0:Sl 25248:52.4:Sl 25249:38.9:Sl 25250:0.0:Sl
1783557539 24676 465.8 3 24676:25.1:Sl 24719:90.5:Rl 25242:38.6:Sl 25243:38.5:Sl 25244:36.5:Sl 25245:58.4:Sl 25246:43.6:Sl 25247:43.8:Sl 25248:52.0:Sl 25249:38.8:Sl 25250:0.0:Sl
1783557540 24676 464.1 3 24676:25.0:Sl 24719:90.5:Rl 25242:38.4:Rl 25243:38.4:Dl 25244:36.4:Dl 25245:58.0:Dl 25246:43.4:Dl 25247:43.7:Rl 25248:51.6:Rl 25249:38.7:Dl 25250:0.0:Sl
1783557541 24676 462.3 3 24676:24.8:Sl 24719:90.5:Rl 25242:38.3:Sl 25243:38.2:Sl 25244:36.3:Sl 25245:57.5:Sl 25246:43.2:Sl 25247:43.5:Sl 25248:51.3:Sl 25249:38.7:Sl 25250:0.0:Sl
1783557543 24676 460.6 3 24676:24.6:Sl 24719:90.5:Rl 25242:38.2:Rl 25243:38.1:Rl 25244:36.2:Rl 25245:57.1:Sl 25246:42.9:Rl 25247:43.4:Dl 25248:51.0:Dl 25249:38.6:Rl 25250:0.0:Sl
1783557544 24676 458.8 3 24676:24.4:Sl 24719:90.6:Rl 25242:38.0:Rl 25243:38.0:Rl 25244:36.1:Rl 25245:56.7:Dl 25246:42.7:Dl 25247:43.2:Dl 25248:50.6:Dl 25249:38.5:Dl 25250:0.0:Sl
1783557545 24676 457.5 3 24676:24.3:Sl 24719:90.6:Rl 25242:37.9:Rl 25243:37.9:Dl 25244:36.0:Dl 25245:56.3:Dl 25246:42.6:Rl 25247:43.1:Rl 25248:50.3:Rl 25249:38.5:Rl 25250:0.0:Sl
1783557546 24676 456.0 3 24676:24.1:Sl 24719:90.6:Rl 25242:37.8:Sl 25243:37.8:Dl 25244:35.9:Dl 25245:55.9:Rl 25246:42.4:Rl 25247:43.0:Rl 25248:50.1:Rl 25249:38.4:Rl 25250:0.0:Sl
1783557547 24676 454.7 2 24676:23.9:Sl 24719:90.6:Rl 25242:37.7:Sl 25243:37.7:Sl 25244:35.9:Sl 25245:55.6:Sl 25246:42.2:Sl 25247:42.9:Sl 25248:49.8:Sl 25249:38.4:Sl 25250:0.0:Sl
1783557548 24676 453.0 2 24676:23.8:Sl 24719:90.6:Dl 25242:37.6:Dl 25243:37.5:Dl 25244:35.8:Dl 25245:55.2:Dl 25246:42.0:Dl 25247:42.7:Dl 25248:49.5:Dl 25249:38.3:Dl 25250:0.0:Sl
1783557550 24676 451.3 2 24676:23.6:Sl 24719:90.6:Rl 25242:37.5:Rl 25243:37.4:Rl 25244:35.7:Dl 25245:54.8:Rl 25246:41.8:Rl 25247:42.5:Rl 25248:49.2:Dl 25249:38.2:Dl 25250:0.0:Sl
1783557551 24676 449.7 2 24676:23.5:Sl 24719:90.6:Rl 25242:37.3:Sl 25243:37.3:Sl 25244:35.6:Sl 25245:54.4:Sl 25246:41.6:Sl 25247:42.4:Sl 25248:48.9:Sl 25249:38.1:Sl 25250:0.0:Sl
1783557552 24676 448.5 2 24676:23.3:Sl 24719:90.6:Dl 25242:37.2:Dl 25243:37.2:Dl 25244:35.5:Dl 25245:54.1:Dl 25246:41.5:Dl 25247:42.3:Dl 25248:48.7:Dl 25249:38.1:Dl 25250:0.0:Sl
1783557553 24676 447.2 2 24676:23.2:Sl 24719:90.6:Rl 25242:37.1:Rl 25243:37.1:Rl 25244:35.4:Rl 25245:53.8:Rl 25246:41.4:Rl 25247:42.2:Rl 25248:48.4:Dl 25249:38.0:Rl 25250:0.0:Sl
1783557554 24676 445.7 2 24676:23.0:Sl 24719:90.6:Rl 25242:37.0:Sl 25243:37.0:Sl 25244:35.3:Sl 25245:53.5:Sl 25246:41.2:Sl 25247:42.0:Sl 25248:48.1:Sl 25249:38.0:Sl 25250:0.0:Sl
1783557555 24676 444.9 2 24676:22.9:Sl 24719:90.6:Rl 25242:37.0:Dl 25243:36.9:Dl 25244:35.3:Rl 25245:53.2:Rl 25246:41.1:Rl 25247:42.0:Rl 25248:47.9:Rl 25249:38.0:Rl 25250:0.0:Sl
1783557557 24676 444.3 2 24676:22.7:Sl 24719:90.6:Dl 25242:37.0:Dl 25243:36.9:Dl 25244:35.3:Dl 25245:53.0:Dl 25246:41.0:Dl 25247:42.0:Dl 25248:47.8:Dl 25249:38.0:Dl 25250:0.0:Sl
1783557558 24676 443.1 2 24676:22.6:Sl 24719:90.7:Rl 25242:36.9:Rl 25243:36.8:Sl 25244:35.2:Rl 25245:52.7:Rl 25246:40.9:Rl 25247:41.9:Rl 25248:47.5:Dl 25249:37.9:Dl 25250:0.0:Sl
1783557559 24676 441.7 2 24676:22.4:Sl 24719:90.7:Rl 25242:36.7:Dl 25243:36.7:Dl 25244:35.1:Dl 25245:52.4:Dl 25246:40.7:Dl 25247:41.8:Dl 25248:47.3:Dl 25249:37.9:Dl 25250:0.0:Sl
1783557560 24676 440.7 2 24676:22.3:Sl 24719:90.7:Rl 25242:36.7:Sl 25243:36.6:Sl 25244:35.1:Sl 25245:52.1:Sl 25246:40.6:Sl 25247:41.7:Sl 25248:47.1:Sl 25249:37.8:Sl 25250:0.0:Sl
1783557561 24676 439.5 2 24676:22.1:Sl 24719:90.7:Rl 25242:36.6:Rl 25243:36.5:Dl 25244:35.0:Dl 25245:51.8:Rl 25246:40.5:Rl 25247:41.6:Rl 25248:46.9:Rl 25249:37.8:Rl 25250:0.0:Sl
1783557562 24676 438.4 2 24676:22.0:Sl 24719:90.7:Rl 25242:36.5:Sl 25243:36.4:Rl 25244:35.0:Sl 25245:51.6:Sl 25246:40.3:Rl 25247:41.5:Rl 25248:46.7:Sl 25249:37.7:Dl 25250:0.0:Sl
1783557564 24676 437.4 2 24676:21.9:Sl 24719:90.7:Rl 25242:36.4:Sl 25243:36.4:Sl 25244:34.9:Sl 25245:51.3:Sl 25246:40.2:Sl 25247:41.4:Sl 25248:46.5:Sl 25249:37.7:Sl 25250:0.0:Sl
1783557565 24676 436.6 2 24676:21.7:Sl 24719:90.7:Rl 25242:36.4:Sl 25243:36.3:Sl 25244:34.9:Sl 25245:51.1:Sl 25246:40.1:Sl 25247:41.4:Sl 25248:46.3:Sl 25249:37.7:Sl 25250:0.0:Sl
1783557566 24676 436.2 2 24676:21.6:Sl 24719:90.7:Dl 25242:36.4:Dl 25243:36.3:Dl 25244:34.9:Rl 25245:50.9:Rl 25246:40.1:Sl 25247:41.4:Dl 25248:46.2:Rl 25249:37.7:Dl 25250:0.0:Sl
1783557567 24676 434.9 2 24676:21.5:Sl 24719:90.7:Rl 25242:36.3:Dl 25243:36.2:Rl 25244:34.8:Rl 25245:50.6:Rl 25246:39.9:Rl 25247:41.3:Dl 25248:46.0:Rl 25249:37.6:Rl 25250:0.0:Sl
1783557568 24676 433.9 2 24676:21.3:Sl 24719:90.7:Rl 25242:36.2:Sl 25243:36.2:Sl 25244:34.7:Sl 25245:50.4:Sl 25246:39.8:Sl 25247:41.2:Sl 25248:45.8:Sl 25249:37.6:Sl 25250:0.0:Sl
1783557569 24676 432.7 2 24676:21.2:Sl 24719:90.7:Dl 25242:36.1:Rl 25243:36.1:Rl 25244:34.6:Dl 25245:50.1:Dl 25246:39.7:Rl 25247:41.1:Rl 25248:45.6:Rl 25249:37.5:Dl 25250:0.0:Sl
1783557571 24676 431.8 1 24676:21.1:Sl 24719:90.7:Rl 25242:36.0:Sl 25243:36.0:Sl 25244:34.6:Sl 25245:49.9:Sl 25246:39.6:Sl 25247:41.0:Sl 25248:45.4:Sl 25249:37.5:Sl 25250:0.0:Sl
1783557572 24676 430.8 1 24676:21.0:Sl 24719:90.7:Rl 25242:36.0:Sl 25243:35.9:Sl 25244:34.5:Sl 25245:49.7:Sl 25246:39.5:Sl 25247:40.9:Sl 25248:45.2:Sl 25249:37.4:Sl 25250:0.0:Sl
1783557573 24676 430.1 1 24676:20.8:Sl 24719:90.8:Rl 25242:35.9:Rl 25243:35.8:Rl 25244:34.5:Rl 25245:49.5:Rl 25246:39.4:Dl 25247:40.9:Dl 25248:45.1:Dl 25249:37.4:Dl 25250:0.0:Sl
1783557574 24676 429.4 1 24676:20.7:Sl 24719:90.8:Rl 25242:35.9:Sl 25243:35.8:Sl 25244:34.5:Sl 25245:49.3:Sl 25246:39.3:Sl 25247:40.8:Sl 25248:44.9:Sl 25249:37.4:Sl 25250:0.0:Sl
1783557575 24676 428.9 1 24676:20.6:Sl 24719:90.8:Dl 25242:35.9:Rl 25243:35.8:Rl 25244:34.5:Rl 25245:49.1:Dl 25246:39.2:Dl 25247:40.8:Dl 25248:44.8:Dl 25249:37.4:Sl 25250:0.0:Sl
1783557576 24676 428.0 1 24676:20.5:Sl 24719:90.8:Rl 25242:35.8:Sl 25243:35.7:Sl 25244:34.4:Sl 25245:48.9:Sl 25246:39.2:Sl 25247:40.7:Sl 25248:44.6:Sl 25249:37.4:Sl 25250:0.0:Sl
1783557578 24676 427.1 1 24676:20.3:Sl 24719:90.8:Rl 25242:35.7:Sl 25243:35.6:Sl 25244:34.3:Sl 25245:48.7:Sl 25246:39.0:Sl 25247:40.8:Sl 25248:44.4:Sl 25249:37.5:Sl 25250:0.0:Sl
1783557579 24676 426.6 1 24676:20.2:Sl 24719:90.8:Dl 25242:35.6:Rl 25243:35.6:Dl 25244:34.3:Dl 25245:48.4:Dl 25246:38.9:Rl 25247:40.9:Rl 25248:44.3:Rl 25249:37.6:Rl 25250:0.0:Sl
1783557580 24676 426.0 1 24676:20.1:Sl 24719:90.8:Rl 25242:35.5:Dl 25243:35.5:Dl 25244:34.2:Sl 25245:48.2:Rl 25246:38.8:Rl 25247:41.0:Rl 25248:44.1:Rl 25249:37.8:Rl 25250:0.0:Sl
1783557581 24676 425.4 1 24676:20.0:Sl 24719:90.8:Rl 25242:35.4:Sl 25243:35.4:Sl 25244:34.1:Sl 25245:48.0:Sl 25246:38.7:Sl 25247:41.1:Sl 25248:43.9:Sl 25249:38.0:Sl 25250:0.0:Sl
1783557582 24676 425.0 1 24676:19.9:Sl 24719:90.8:Rl 25242:35.4:Sl 25243:35.3:Sl 25244:34.1:Sl 25245:47.8:Sl 25246:38.6:Sl 25247:41.2:Sl 25248:43.8:Sl 25249:38.1:Sl 25250:0.0:Sl
1783557583 24676 425.1 1 24676:19.8:Sl 24719:90.8:Rl 25242:35.3:Rl 25243:35.3:Rl 25244:34.1:Dl 25245:47.7:Dl 25246:38.5:Rl 25247:41.5:Rl 25248:43.7:Rl 25249:38.4:Rl 25250:0.0:Sl
1783557585 24676 424.6 1 24676:19.7:Sl 24719:90.8:Rl 25242:35.3:Sl 25243:35.2:Sl 25244:34.0:Sl 25245:47.5:Sl 25246:38.4:Sl 25247:41.6:Sl 25248:43.5:Sl 25249:38.6:Sl 25250:0.0:Sl
1783557586 24676 423.9 1 24676:19.5:Sl 24719:90.8:Dl 25242:35.2:Rl 25243:35.2:Rl 25244:33.9:Dl 25245:47.3:Dl 25246:38.3:Dl 25247:41.7:Rl 25248:43.3:Rl 25249:38.7:Rl 25250:0.0:Sl
1783557587 24676 423.4 1 24676:19.4:Sl 24719:90.8:Rl 25242:35.1:Dl 25243:35.1:Dl 25244:33.9:Dl 25245:47.1:Dl 25246:38.2:Dl 25247:41.8:Rl 25248:43.2:Rl 25249:38.8:Rl 25250:0.0:Sl
1783557588 24676 422.7 1 24676:19.3:Sl 24719:90.8:Rl 25242:35.1:Rl 25243:35.0:Rl 25244:33.8:Rl 25245:46.9:Rl 25246:38.1:Rl 25247:41.8:Rl 25248:43.0:Dl 25249:38.9:Rl 25250:0.0:Sl
1783557589 24676 422.2 1 24676:19.2:Sl 24719:90.8:Rl 25242:35.0:Dl 25243:35.0:Dl 25244:33.8:Dl 25245:46.8:Dl 25246:38.0:Rl 25247:41.8:Rl 25248:42.9:Dl 25249:38.9:Rl 25250:0.0:Sl
1783557590 24676 422.1 1 24676:19.1:Sl 24719:90.8:Rl 25242:35.0:Dl 25243:35.0:Rl 25244:33.8:Rl 25245:46.7:Rl 25246:38.0:Dl 25247:41.8:Rl 25248:42.9:Rl 25249:39.0:Rl 25250:0.0:Sl
1783557592 24676 421.9 1 24676:19.0:Sl 24719:90.8:Rl 25242:35.0:Sl 25243:35.0:Sl 25244:33.8:Sl 25245:46.5:Sl 25246:38.0:Sl 25247:41.9:Sl 25248:42.8:Sl 25249:39.1:Sl 25250:0.0:Sl
1783557593 24676 421.3 1 24676:18.9:Sl 24719:90.8:Rl 25242:34.9:Sl 25243:34.9:Sl 25244:33.7:Sl 25245:46.4:Sl 25246:37.9:Sl 25247:42.0:Sl 25248:42.6:Sl 25249:39.2:Sl 25250:0.0:Sl
1783557594 24676 420.7 1 24676:18.8:Sl 24719:90.8:Rl 25242:34.9:Rl 25243:34.8:Rl 25244:33.6:Dl 25245:46.2:Dl 25246:37.7:Dl 25247:42.1:Rl 25248:42.5:Rl 25249:39.3:Rl 25250:0.0:Sl
1783557595 24676 420.2 1 24676:18.7:Sl 24719:90.8:Rl 25242:34.8:Sl 25243:34.7:Sl 25244:33.6:Sl 25245:46.0:Sl 25246:37.6:Sl 25247:42.2:Sl 25248:42.3:Sl 25249:39.5:Sl 25250:0.0:Sl
1783557596 24676 420.2 1 24676:18.6:Sl 24719:90.8:Rl 25242:34.7:Rl 25243:34.7:Rl 25244:33.6:Rl 25245:45.9:Rl 25246:37.6:Dl 25247:42.4:Rl 25248:42.2:Dl 25249:39.7:Rl 25250:0.0:Sl
1783557598 24676 419.9 1 24676:18.5:Sl 24719:90.8:Rl 25242:34.7:Rl 25243:34.7:Rl 25244:33.5:Rl 25245:45.7:Rl 25246:37.5:Rl 25247:42.5:Rl 25248:42.1:Dl 25249:39.9:Rl 25250:0.0:Sl
1783557599 24676 419.5 1 24676:18.4:Sl 24719:90.8:Rl 25242:34.6:Sl 25243:34.6:Sl 25244:33.5:Sl 25245:45.6:Sl 25246:37.4:Sl 25247:42.6:Sl 25248:42.0:Sl 25249:40.0:Sl 25250:0.0:Sl
1783557600 24676 419.1 1 24676:18.3:Sl 24719:90.8:Rl 25242:34.6:Dl 25243:34.6:Dl 25244:33.4:Rl 25245:45.4:Sl 25246:37.3:Rl 25247:42.7:Sl 25248:41.9:Sl 25249:40.1:Sl 25250:0.0:Sl
1783557601 24676 418.6 1 24676:18.2:Sl 24719:90.8:Rl 25242:34.5:Dl 25243:34.5:Dl 25244:33.4:Sl 25245:45.2:Dl 25246:37.2:Rl 25247:42.8:Rl 25248:41.7:Rl 25249:40.3:Sl 25250:0.0:Sl
1783557602 24676 418.6 1 24676:18.1:Sl 24719:90.9:Rl 25242:34.5:Sl 25243:34.5:Sl 25244:33.4:Sl 25245:45.1:Sl 25246:37.2:Sl 25247:42.9:Sl 25248:41.6:Sl 25249:40.4:Sl 25250:0.0:Sl
1783557603 24676 418.6 1 24676:18.0:Sl 24719:90.9:Rl 25242:34.5:Rl 25243:34.5:Dl 25244:33.4:Dl 25245:45.0:Dl 25246:37.1:Rl 25247:43.1:Rl 25248:41.5:Dl 25249:40.6:Rl 25250:0.0:Sl
1783557605 24676 418.2 1 24676:17.9:Sl 24719:90.9:Rl 25242:34.4:Rl 25243:34.4:Rl 25244:33.3:Rl 25245:44.8:Rl 25246:37.1:Rl 25247:43.2:Rl 25248:41.4:Dl 25249:40.8:Rl 25250:0.0:Sl
1783557606 24676 418.0 1 24676:17.9:Sl 24719:90.9:Rl 25242:34.3:Sl 25243:34.4:Sl 25244:33.3:Sl 25245:44.7:Sl 25246:37.0:Sl 25247:43.3:Sl 25248:41.3:Sl 25249:40.9:Sl 25250:0.0:Sl
1783557607 24676 417.5 1 24676:17.8:Sl 24719:90.9:Rl 25242:34.3:Sl 25243:34.3:Sl 25244:33.2:Sl 25245:44.5:Sl 25246:36.9:Sl 25247:43.4:Sl 25248:41.2:Sl 25249:41.0:Sl 25250:0.0:Sl
1783557608 24676 417.2 1 24676:17.7:Sl 24719:90.9:Rl 25242:34.2:Sl 25243:34.3:Sl 25244:33.2:Sl 25245:44.4:Sl 25246:36.8:Sl 25247:43.5:Sl 25248:41.1:Sl 25249:41.1:Sl 25250:0.0:Sl
1783557609 24676 417.0 1 24676:17.6:Sl 24719:90.9:Rl 25242:34.2:Rl 25243:34.2:Rl 25244:33.2:Rl 25245:44.3:Rl 25246:36.8:Rl 25247:43.6:Rl 25248:41.0:Sl 25249:41.2:Sl 25250:0.0:Sl
1783557610 24676 417.0 1 24676:17.5:Sl 24719:90.9:Rl 25242:34.2:Sl 25243:34.2:Sl 25244:33.2:Sl 25245:44.2:Sl 25246:36.7:Sl 25247:43.8:Sl 25248:40.9:Sl 25249:41.4:Sl 25250:0.0:Sl
1783557612 24676 416.9 1 24676:17.4:Sl 24719:90.9:Rl 25242:34.2:Dl 25243:34.2:Dl 25244:33.1:Dl 25245:44.1:Rl 25246:36.7:Rl 25247:43.9:Sl 25248:40.8:Sl 25249:41.6:Rl 25250:0.0:Sl
1783557613 24676 416.5 1 24676:17.3:Sl 24719:90.9:Rl 25242:34.1:Rl 25243:34.2:Dl 25244:33.1:Dl 25245:43.9:Rl 25246:36.6:Rl 25247:44.0:Rl 25248:40.7:Dl 25249:41.7:Rl 25250:0.0:Sl
1783557614 24676 416.0 1 24676:17.2:Sl 24719:90.9:Rl 25242:34.1:Rl 25243:34.1:Dl 25244:33.0:Dl 25245:43.8:Rl 25246:36.5:Rl 25247:44.0:Rl 25248:40.6:Rl 25249:41.8:Rl 25250:0.0:Sl
1783557615 24676 415.9 1 24676:17.2:Sl 24719:90.9:Rl 25242:34.0:Sl 25243:34.1:Sl 25244:33.0:Sl 25245:43.7:Sl 25246:36.5:Sl 25247:44.1:Sl 25248:40.5:Sl 25249:41.9:Sl 25250:0.0:Sl
1783557616 24676 415.6 1 24676:17.1:Sl 24719:90.9:Rl 25242:34.0:Sl 25243:34.0:Sl 25244:33.0:Sl 25245:43.6:Sl 25246:36.4:Sl 25247:44.2:Sl 25248:40.4:Sl 25249:42.0:Sl 25250:0.0:Sl
1783557617 24676 415.8 1 24676:17.0:Sl 24719:90.9:Rl 25242:34.0:Sl 25243:34.0:Sl 25244:33.0:Sl 25245:43.5:Sl 25246:36.4:Sl 25247:44.4:Sl 25248:40.4:Sl 25249:42.2:Sl 25250:0.0:Sl
1783557619 24676 415.2 1 24676:16.9:Sl 24719:90.9:Rl 25242:33.9:Sl 25243:34.0:Sl 25244:32.9:Sl 25245:43.4:Sl 25246:36.3:Sl 25247:44.4:Sl 25248:40.3:Sl 25249:42.2:Sl 25250:0.0:Sl
1783557620 24676 415.4 1 24676:16.8:Sl 24719:90.9:Rl 25242:34.0:Rl 25243:34.0:Rl 25244:33.0:Rl 25245:43.3:Rl 25246:36.4:Rl 25247:44.4:Sl 25248:40.3:Rl 25249:42.3:Sl 25250:0.0:Sl
1783557621 24676 415.6 1 24676:16.7:Sl 24719:90.9:Rl 25242:34.0:Sl 25243:34.1:Sl 25244:33.1:Sl 25245:43.3:Sl 25246:36.4:Sl 25247:44.5:Sl 25248:40.3:Sl 25249:42.3:Sl 25250:0.0:Sl
1783557622 24676 415.7 1 24676:16.7:Sl 24719:90.9:Rl 25242:34.1:Sl 25243:34.1:Sl 25244:33.1:Sl 25245:43.3:Sl 25246:36.4:Sl 25247:44.5:Sl 25248:40.3:Sl 25249:42.3:Sl 25250:0.0:Sl
1783557623 24676 416.0 1 24676:16.6:Sl 24719:90.9:Rl 25242:34.1:Sl 25243:34.2:Sl 25244:33.2:Sl 25245:43.3:Sl 25246:36.5:Sl 25247:44.5:Sl 25248:40.3:Sl 25249:42.4:Sl 25250:0.0:Sl
1783557624 24676 416.0 1 24676:16.5:Sl 24719:90.9:Dl 25242:34.2:Rl 25243:34.2:Rl 25244:33.2:Sl 25245:43.3:Rl 25246:36.5:Rl 25247:44.5:Rl 25248:40.3:Rl 25249:42.4:Rl 25250:0.0:Sl
1783557626 24676 416.3 1 24676:16.4:Sl 24719:90.9:Rl 25242:34.2:Rl 25243:34.3:Rl 25244:33.3:Sl 25245:43.3:Rl 25246:36.5:Rl 25247:44.6:Rl 25248:40.3:Rl 25249:42.5:Rl 25250:0.0:Sl
1783557627 24676 417.0 1 24676:16.4:Sl 24719:90.9:Rl 25242:34.3:Sl 25243:34.4:Sl 25244:33.4:Sl 25245:43.3:Sl 25246:36.6:Sl 25247:44.7:Sl 25248:40.4:Sl 25249:42.6:Sl 25250:0.0:Sl
1783557628 24676 416.6 1 24676:16.3:Sl 24719:90.9:Rl 25242:34.3:Rl 25243:34.4:Rl 25244:33.4:Rl 25245:43.2:Sl 25246:36.6:Rl 25247:44.6:Rl 25248:40.3:Rl 25249:42.6:Rl 25250:0.0:Sl
1783557629 24676 416.7 1 24676:16.2:Sl 24719:90.9:Rl 25242:34.4:Sl 25243:34.4:Rl 25244:33.4:Rl 25245:43.2:Rl 25246:36.6:Rl 25247:44.7:Rl 25248:40.3:Rl 25249:42.6:Rl 25250:0.0:Sl
1783557630 24676 417.0 1 24676:16.1:Sl 24719:90.9:Dl 25242:34.4:Dl 25243:34.5:Rl 25244:33.5:Rl 25245:43.2:Rl 25246:36.7:Sl 25247:44.7:Rl 25248:40.3:Sl 25249:42.7:Rl 25250:0.0:Sl
1783557631 24676 416.8 1 24676:16.1:Sl 24719:90.9:Rl 25242:34.4:Sl 25243:34.4:Sl 25244:33.5:Sl 25245:43.1:Sl 25246:36.6:Sl 25247:44.8:Sl 25248:40.3:Sl 25249:42.7:Sl 25250:0.0:Sl
1783557633 24676 416.6 1 24676:16.0:Sl 24719:90.9:Rl 25242:34.4:Sl 25243:34.4:Sl 25244:33.5:Sl 25245:43.0:Sl 25246:36.6:Sl 25247:44.8:Sl 25248:40.2:Sl 25249:42.8:Sl 25250:0.0:Sl
1783557634 24676 416.3 1 24676:15.9:Sl 24719:91.0:Rl 25242:34.4:Rl 25243:34.4:Rl 25244:33.4:Rl 25245:42.9:Rl 25246:36.5:Rl 25247:44.8:Rl 25248:40.1:Rl 25249:42.9:Rl 25250:0.0:Sl
1783557635 24676 416.6 1 24676:15.8:Sl 24719:91.0:Rl 25242:34.4:Sl 25243:34.4:Rl 25244:33.5:Rl 25245:42.9:Rl 25246:36.6:Rl 25247:44.9:Rl 25248:40.1:Rl 25249:43.0:Rl 25250:0.0:Sl
1783557636 24676 416.7 1 24676:15.8:Sl 24719:90.9:Rl 25242:34.4:Rl 25243:34.5:Sl 25244:33.6:Rl 25245:42.9:Rl 25246:36.6:Rl 25247:44.9:Rl 25248:40.1:Rl 25249:43.0:Rl 25250:0.0:Sl
1783557637 24676 416.7 1 24676:15.7:Sl 24719:90.9:Rl 25242:34.5:Sl 25243:34.5:Sl 25244:33.6:Sl 25245:42.9:Sl 25246:36.6:Sl 25247:44.9:Sl 25248:40.1:Sl 25249:43.0:Sl 25250:0.0:Sl
1783557638 24676 417.1 1 24676:15.6:Sl 24719:90.9:Rl 25242:34.5:Sl 25243:34.6:Sl 25244:33.7:Sl 25245:42.9:Sl 25246:36.7:Sl 25247:45.0:Rl 25248:40.1:Sl 25249:43.1:Sl 25250:0.0:Sl
1783557640 24676 417.3 1 24676:15.6:Sl 24719:90.9:Rl 25242:34.6:Sl 25243:34.6:Sl 25244:33.7:Sl 25245:42.9:Sl 25246:36.7:Sl 25247:45.0:Sl 25248:40.2:Sl 25249:43.1:Sl 25250:0.0:Sl
1783557641 24676 417.8 1 24676:15.5:Sl 24719:90.9:Dl 25242:34.7:Rl 25243:34.7:Rl 25244:33.8:Rl 25245:42.9:Rl 25246:36.8:Rl 25247:45.1:Rl 25248:40.2:Dl 25249:43.2:Rl 25250:0.0:Sl
1783557642 24676 417.8 1 24676:15.4:Sl 24719:90.9:Rl 25242:34.7:Sl 25243:34.7:Sl 25244:33.9:Sl 25245:42.9:Sl 25246:36.8:Sl 25247:45.1:Sl 25248:40.2:Sl 25249:43.2:Sl 25250:0.0:Sl
1783557643 24676 418.2 1 24676:15.4:Sl 24719:90.9:Rl 25242:34.8:Rl 25243:34.8:Rl 25244:33.9:Rl 25245:42.9:Rl 25246:36.9:Sl 25247:45.1:Rl 25248:40.2:Rl 25249:43.3:Sl 25250:0.0:Sl
1783557644 24676 418.4 1 24676:15.3:Sl 24719:90.9:Rl 25242:34.8:Sl 25243:34.9:Sl 25244:34.0:Sl 25245:42.9:Sl 25246:36.9:Sl 25247:45.2:Sl 25248:40.2:Sl 25249:43.3:Sl 25250:0.0:Sl
1783557645 24676 418.6 1 24676:15.2:Sl 24719:90.9:Rl 25242:34.9:Sl 25243:34.9:Sl 25244:34.0:Sl 25245:42.9:Sl 25246:36.9:Sl 25247:45.2:Sl 25248:40.3:Sl 25249:43.4:Sl 25250:0.0:Sl
1783557647 24676 419.3 1 24676:15.2:Sl 24719:90.9:Rl 25242:35.0:Sl 25243:35.0:Sl 25244:34.1:Sl 25245:43.0:Sl 25246:37.0:Sl 25247:45.3:Sl 25248:40.3:Sl 25249:43.5:Sl 25250:0.0:Sl
1783557648 24676 419.3 1 24676:15.1:Sl 24719:90.9:Rl 25242:35.0:Sl 25243:35.0:Sl 25244:34.2:Sl 25245:43.0:Sl 25246:37.0:Sl 25247:45.3:Sl 25248:40.3:Sl 25249:43.5:Sl 25250:0.0:Sl
1783557649 24676 419.7 1 24676:15.0:Sl 24719:90.9:Rl 25242:35.1:Sl 25243:35.1:Rl 25244:34.3:Rl 25245:43.0:Rl 25246:37.1:Sl 25247:45.3:Rl 25248:40.4:Rl 25249:43.5:Rl 25250:0.0:Sl
1783557650 24676 419.9 1 24676:15.0:Sl 24719:90.9:Rl 25242:35.1:Rl 25243:35.1:Sl 25244:34.3:Rl 25245:43.0:Rl 25246:37.1:Sl 25247:45.4:Sl 25248:40.4:Rl 25249:43.6:Rl 25250:0.0:Sl
1783557651 24676 420.3 1 24676:14.9:Sl 24719:90.9:Rl 25242:35.2:Rl 25243:35.2:Sl 25244:34.4:Rl 25245:43.0:Rl 25246:37.2:Rl 25247:45.4:Rl 25248:40.4:Rl 25249:43.7:Rl 25250:0.0:Sl
1783557653 24676 420.3 1 24676:14.8:Sl 24719:90.9:Rl 25242:35.2:Sl 25243:35.3:Sl 25244:34.4:Sl 25245:43.0:Sl 25246:37.2:Sl 25247:45.4:Sl 25248:40.4:Sl 25249:43.7:Sl 25250:0.0:Sl
1783557654 24676 420.5 1 24676:14.8:Sl 24719:90.9:Dl 25242:35.3:Rl 25243:35.3:Rl 25244:34.5:Rl 25245:43.0:Rl 25246:37.2:Sl 25247:45.4:Rl 25248:40.4:Sl 25249:43.7:Sl 25250:0.0:Sl
1783557655 24676 420.7 1 24676:14.7:Sl 24719:90.9:Rl 25242:35.3:Rl 25243:35.3:Sl 25244:34.5:Sl 25245:43.0:Rl 25246:37.3:Sl 25247:45.5:Rl 25248:40.4:Rl 25249:43.8:Rl 25250:0.0:Sl
1783557656 24676 420.4 1 24676:14.6:Sl 24719:90.9:Rl 25242:35.3:Sl 25243:35.3:Sl 25244:34.5:Sl 25245:42.9:Sl 25246:37.2:Sl 25247:45.5:Sl 25248:40.4:Sl 25249:43.8:Sl 25250:0.0:Sl
1783557657 24676 420.8 1 24676:14.6:Sl 24719:90.9:Rl 25242:35.4:Rl 25243:35.4:Rl 25244:34.6:Sl 25245:42.9:Dl 25246:37.3:Dl 25247:45.5:Rl 25248:40.4:Dl 25249:43.8:Rl 25250:0.0:Sl
1783557658 24676 420.8 1 24676:14.5:Sl 24719:90.9:Rl 25242:35.4:Rl 25243:35.4:Rl 25244:34.6:Dl 25245:42.9:Dl 25246:37.3:Dl 25247:45.5:Rl 25248:40.4:Rl 25249:43.9:Rl 25250:0.0:Sl
1783557660 24676 420.8 1 24676:14.5:Sl 24719:90.9:Rl 25242:35.4:Sl 25243:35.4:Sl 25244:34.6:Rl 25245:42.9:Rl 25246:37.3:Sl 25247:45.5:Rl 25248:40.4:Rl 25249:43.9:Rl 25250:0.0:Sl
1783557661 24676 420.7 1 24676:14.4:Sl 24719:91.0:Rl 25242:35.4:Sl 25243:35.4:Sl 25244:34.6:Sl 25245:42.8:Sl 25246:37.3:Sl 25247:45.5:Sl 25248:40.4:Sl 25249:43.9:Sl 25250:0.0:Sl
1783557662 24676 421.1 1 24676:14.3:Sl 24719:91.0:Rl 25242:35.5:Rl 25243:35.5:Sl 25244:34.7:Rl 25245:42.8:Rl 25246:37.3:Rl 25247:45.6:Rl 25248:40.4:Rl 25249:44.0:Rl 25250:0.0:Sl
1783557663 24676 421.1 1 24676:14.3:Sl 24719:91.0:Rl 25242:35.5:Sl 25243:35.5:Rl 25244:34.7:Rl 25245:42.8:Sl 25246:37.3:Rl 25247:45.6:Rl 25248:40.4:Sl 25249:44.0:Rl 25250:0.0:Sl
1783557664 24676 421.2 1 24676:14.2:Sl 24719:91.0:Rl 25242:35.5:Rl 25243:35.5:Rl 25244:34.8:Rl 25245:42.8:Rl 25246:37.3:Rl 25247:45.6:Rl 25248:40.4:Rl 25249:44.1:Rl 25250:0.0:Sl
1783557665 24676 421.1 1 24676:14.2:Sl 24719:91.0:Rl 25242:35.5:Rl 25243:35.5:Rl 25244:34.8:Rl 25245:42.7:Rl 25246:37.3:Rl 25247:45.6:Rl 25248:40.4:Rl 25249:44.1:Sl 25250:0.0:Sl
1783557667 24676 421.0 1 24676:14.1:Sl 24719:91.0:Rl 25242:35.5:Rl 25243:35.5:Rl 25244:34.8:Rl 25245:42.7:Sl 25246:37.3:Rl 25247:45.7:Sl 25248:40.3:Rl 25249:44.1:Rl 25250:0.0:Sl
1783557668 24676 421.2 1 24676:14.1:Sl 24719:91.0:Rl 25242:35.6:Rl 25243:35.6:Rl 25244:34.8:Rl 25245:42.7:Rl 25246:37.3:Rl 25247:45.7:Rl 25248:40.3:Rl 25249:44.1:Rl 25250:0.0:Sl
1783557669 24676 421.2 1 24676:14.0:Sl 24719:91.0:Dl 25242:35.6:Rl 25243:35.6:Rl 25244:34.8:Rl 25245:42.7:Rl 25246:37.3:Rl 25247:45.7:Rl 25248:40.3:Rl 25249:44.2:Rl 25250:0.0:Sl
1783557670 24676 420.9 1 24676:13.9:Sl 24719:91.0:Rl 25242:35.6:Rl 25243:35.6:Rl 25244:34.8:Rl 25245:42.6:Rl 25246:37.3:Rl 25247:45.7:Rl 25248:40.3:Sl 25249:44.1:Rl 25250:0.0:Sl
1783557671 24676 421.1 1 24676:13.9:Sl 24719:91.0:Rl 25242:35.6:Sl 25243:35.6:Sl 25244:34.9:Sl 25245:42.6:Sl 25246:37.3:Rl 25247:45.7:Sl 25248:40.3:Sl 25249:44.2:Sl 25250:0.0:Sl
1783557672 24676 421.1 1 24676:13.8:Sl 24719:91.0:Rl 25242:35.6:Sl 25243:35.6:Rl 25244:34.9:Rl 25245:42.6:Rl 25246:37.4:Rl 25247:45.7:Rl 25248:40.3:Rl 25249:44.2:Sl 25250:0.0:Sl
1783557674 24676 421.2 1 24676:13.8:Sl 24719:91.0:Rl 25242:35.7:Rl 25243:35.6:Rl 25244:34.9:Rl 25245:42.6:Rl 25246:37.4:Dl 25247:45.7:Rl 25248:40.3:Dl 25249:44.2:Rl 25250:0.0:Sl
1783557675 24676 421.0 1 24676:13.7:Sl 24719:91.0:Rl 25242:35.7:Rl 25243:35.6:Rl 25244:34.9:Rl 25245:42.6:Rl 25246:37.4:Rl 25247:45.7:Rl 25248:40.2:Rl 25249:44.2:Rl 25250:0.0:Sl
1783557676 24676 421.1 1 24676:13.7:Sl 24719:91.0:Rl 25242:35.7:Rl 25243:35.7:Rl 25244:35.0:Rl 25245:42.5:Rl 25246:37.4:Rl 25247:45.7:Rl 25248:40.2:Rl 25249:44.2:Rl 25250:0.0:Sl
1783557677 24676 421.4 1 24676:13.6:Sl 24719:91.0:Rl 25242:35.7:Rl 25243:35.7:Rl 25244:35.0:Rl 25245:42.6:Rl 25246:37.4:Sl 25247:45.8:Rl 25248:40.3:Sl 25249:44.3:Rl 25250:0.0:Sl
1783557678 24676 421.2 1 24676:13.6:Sl 24719:91.0:Rl 25242:35.7:Rl 25243:35.7:Rl 25244:35.0:Rl 25245:42.5:Rl 25246:37.4:Rl 25247:45.8:Rl 25248:40.2:Rl 25249:44.3:Sl 25250:0.0:Sl
1783557679 24676 421.2 1 24676:13.5:Sl 24719:91.0:Rl 25242:35.8:Sl 25243:35.7:Sl 25244:35.0:Sl 25245:42.5:Sl 25246:37.4:Sl 25247:45.8:Sl 25248:40.2:Sl 25249:44.3:Sl 25250:0.0:Sl
1783557681 24676 421.7 1 24676:13.5:Sl 24719:91.0:Rl 25242:35.8:Rl 25243:35.8:Rl 25244:35.1:Rl 25245:42.5:Rl 25246:37.5:Rl 25247:45.8:Rl 25248:40.3:Rl 25249:44.4:Rl 25250:0.0:Sl
1783557682 24676 421.6 1 24676:13.4:Sl 24719:91.0:Dl 25242:35.8:Sl 25243:35.8:Rl 25244:35.1:Rl 25245:42.5:Rl 25246:37.5:Rl 25247:45.8:Rl 25248:40.3:Dl 25249:44.4:Rl 25250:0.0:Sl
1783557683 24676 421.4 1 24676:13.4:Sl 24719:91.0:Rl 25242:35.8:Rl 25243:35.8:Sl 25244:35.1:Rl 25245:42.4:Rl 25246:37.5:Sl 25247:45.8:Rl 25248:40.2:Rl 25249:44.4:Rl 25250:0.0:Sl
1783557684 24676 421.5 1 24676:13.3:Sl 24719:91.0:Rl 25242:35.9:Rl 25243:35.8:Rl 25244:35.1:Rl 25245:42.4:Rl 25246:37.5:Rl 25247:45.9:Rl 25248:40.2:Rl 25249:44.4:Rl 25250:0.0:Sl
1783557685 24676 421.9 1 24676:13.3:Sl 24719:91.0:Rl 25242:35.9:Rl 25243:35.9:Rl 25244:35.2:Sl 25245:42.5:Rl 25246:37.5:Rl 25247:45.9:Sl 25248:40.2:Rl 25249:44.5:Rl 25250:0.0:Sl
1783557686 24676 421.7 1 24676:13.2:Sl 24719:91.0:Dl 25242:35.9:Rl 25243:35.9:Dl 25244:35.2:Dl 25245:42.4:Dl 25246:37.5:Dl 25247:45.9:Rl 25248:40.2:Rl 25249:44.5:Rl 25250:0.0:Sl
1783557688 24676 421.7 1 24676:13.2:Sl 24719:91.0:Rl 25242:35.9:Dl 25243:35.9:Dl 25244:35.2:Dl 25245:42.4:Dl 25246:37.5:Rl 25247:45.9:Rl 25248:40.2:Sl 25249:44.5:Rl 25250:0.0:Sl
1783557689 24676 421.9 1 24676:13.1:Sl 24719:91.0:Rl 25242:36.0:Sl 25243:35.9:Sl 25244:35.2:Sl 25245:42.4:Sl 25246:37.6:Sl 25247:45.9:Sl 25248:40.2:Rl 25249:44.6:Sl 25250:0.0:Sl
1783557690 24676 422.1 1 24676:13.1:Sl 24719:91.0:Rl 25242:36.0:Rl 25243:35.9:Rl 25244:35.3:Rl 25245:42.4:Rl 25246:37.6:Rl 25247:46.0:Rl 25248:40.2:Rl 25249:44.6:Rl 25250:0.0:Sl
1783557691 24676 422.1 1 24676:13.0:Sl 24719:91.0:Rl 25242:36.0:Rl 25243:36.0:Rl 25244:35.3:Rl 25245:42.4:Rl 25246:37.6:Rl 25247:46.0:Rl 25248:40.2:Rl 25249:44.6:Rl 25250:0.0:Sl
1783557692 24676 421.9 1 24676:13.0:Sl 24719:91.0:Rl 25242:36.0:Rl 25243:36.0:Rl 25244:35.3:Rl 25245:42.3:Rl 25246:37.6:Sl 25247:45.9:Rl 25248:40.2:Rl 25249:44.6:Rl 25250:0.0:Sl
1783557693 24676 422.0 1 24676:12.9:Sl 24719:91.0:Rl 25242:36.0:Sl 25243:36.1:Sl 25244:35.3:Sl 25245:42.3:Sl 25246:37.6:Sl 25247:46.0:Sl 25248:40.2:Sl 25249:44.6:Sl 25250:0.0:Sl
1783557695 24676 422.2 1 24676:12.9:Sl 24719:91.0:Rl 25242:36.1:Sl 25243:36.1:Rl 25244:35.4:Rl 25245:42.3:Rl 25246:37.6:Rl 25247:46.0:Rl 25248:40.2:Sl 25249:44.6:Rl 25250:0.0:Sl
1783557696 24676 422.3 1 24676:12.8:Sl 24719:91.0:Rl 25242:36.1:Rl 25243:36.1:Rl 25244:35.4:Rl 25245:42.3:Rl 25246:37.7:Rl 25247:46.0:Rl 25248:40.2:Rl 25249:44.7:Rl 25250:0.0:Sl
1783557697 24676 422.3 1 24676:12.8:Sl 24719:91.0:Rl 25242:36.1:Sl 25243:36.1:Sl 25244:35.4:Sl 25245:42.3:Sl 25246:37.7:Sl 25247:46.0:Sl 25248:40.2:Sl 25249:44.7:Sl 25250:0.0:Sl
1783557698 24676 422.6 1 24676:12.7:Sl 24719:91.0:Rl 25242:36.2:Sl 25243:36.2:Sl 25244:35.5:Sl 25245:42.3:Sl 25246:37.7:Sl 25247:46.0:Sl 25248:40.3:Sl 25249:44.7:Sl 25250:0.0:Sl
1783557699 24676 422.8 1 24676:12.7:Sl 24719:91.1:Rl 25242:36.2:Rl 25243:36.2:Sl 25244:35.5:Rl 25245:42.3:Rl 25246:37.7:Rl 25247:46.0:Rl 25248:40.3:Sl 25249:44.8:Rl 25250:0.0:Sl
1783557701 24676 422.7 1 24676:12.6:Sl 24719:91.1:Rl 25242:36.2:Rl 25243:36.2:Rl 25244:35.5:Rl 25245:42.3:Rl 25246:37.7:Rl 25247:46.0:Rl 25248:40.3:Rl 25249:44.8:Rl 25250:0.0:Sl
1783557702 24676 423.0 1 24676:12.6:Sl 24719:91.1:Dl 25242:36.2:Rl 25243:36.3:Rl 25244:35.6:Rl 25245:42.3:Sl 25246:37.7:Sl 25247:46.1:Sl 25248:40.3:Rl 25249:44.8:Rl 25250:0.0:Sl
1783557703 24676 423.1 1 24676:12.5:Sl 24719:91.1:Rl 25242:36.3:Sl 25243:36.3:Sl 25244:35.6:Sl 25245:42.3:Sl 25246:37.8:Sl 25247:46.1:Sl 25248:40.3:Sl 25249:44.8:Sl 25250:0.0:Sl
1783557704 24676 423.1 1 24676:12.5:Sl 24719:91.1:Rl 25242:36.3:Sl 25243:36.3:Sl 25244:35.6:Sl 25245:42.3:Sl 25246:37.8:Sl 25247:46.1:Sl 25248:40.3:Sl 25249:44.8:Sl 25250:0.0:Sl
1783557705 24676 423.2 1 24676:12.5:Sl 24719:91.1:Rl 25242:36.3:Rl 25243:36.3:Rl 25244:35.6:Rl 25245:42.3:Sl 25246:37.8:Sl 25247:46.1:Rl 25248:40.3:Rl 25249:44.9:Rl 25250:0.0:Sl
1783557706 24676 423.3 1 24676:12.4:Sl 24719:91.1:Rl 25242:36.3:Sl 25243:36.4:Rl 25244:35.7:Rl 25245:42.3:Sl 25246:37.8:Sl 25247:46.1:Rl 25248:40.3:Rl 25249:44.9:Rl 25250:0.0:Sl
1783557708 24676 103.5 1 24676:12.4:Rl 24719:91.1:Rl 25250:0.0:Sl
1783557709 24676 103.8 1 24676:12.7:Rl 24719:91.1:Dl 25250:0.0:Sl
1783557710 24676 104.1 1 24676:13.0:Rl 24719:91.1:Rl 25250:0.0:Sl
1783557711 24676 104.4 1 24676:13.3:Rl 24719:91.1:Rl 25250:0.0:Sl
# max_total_cpu=565.4
# max_active_threads=9
